2025-09-01 16:12:58.209 31601-392   VivoJsonResourceManager com.example.eyetracking              W  Allocate: failed ioctl(DMA_BUF_SET_NAME): Bad file descriptor
2025-09-01 16:12:58.209 31601-392   VivoJsonResourceManager com.example.eyetracking              D  Allocate: alloc buffer_fd:-1 success
2025-09-01 16:12:58.209 31601-392   VivoJsonResourceManager com.example.eyetracking              E  getJsonByFullName: failed to mmap DMA buffer: Bad file descriptor
2025-09-01 16:12:58.209 31601-392   VivoJsonResourceManager com.example.eyetracking              W  Cannot open file product/camera/jsons/StaticProjectConfig.json!
2025-09-01 16:12:58.209 31601-392   VivoJsonResourceManager com.example.eyetracking              E  getJsonByName 69:Json File product/camera/jsons/StaticProjectConfig.json Parsed Failed!!!!!
2025-09-01 16:12:58.209 31601-392   VivoJsonResourceManager com.example.eyetracking              E  Fail to open StaticProjectConfig.json,root is null
2025-09-01 16:12:58.209 31601-392   VivoJsonResourceManager com.example.eyetracking              D  Using Path:product/camera/jsons to parse Json Files!
2025-09-01 16:12:58.209 31601-392   VivoJsonResourceManager com.example.eyetracking              D  GetJsonConfigInfoSize 0
2025-09-01 16:12:58.209 31601-392   DMABUFHEAPS             com.example.eyetracking              I  Using DMA-BUF heap named: system
2025-09-01 16:12:58.209 31601-392   DMABUFHEAPS             com.example.eyetracking              E  Unable to allocate from DMA-BUF heap: system: Invalid argument
2025-09-01 16:12:58.209 31601-392   VivoJsonResourceManager com.example.eyetracking              E  Allocate: DmabufHeapAlloc failed with error - Invalid argument
2025-09-01 16:12:58.209 31601-392   VivoJsonResourceManager com.example.eyetracking              W  Allocate: failed ioctl(DMA_BUF_SET_NAME): Bad file descriptor
2025-09-01 16:12:58.209 31601-392   VivoJsonResourceManager com.example.eyetracking              D  Allocate: alloc buffer_fd:-1 success
2025-09-01 16:12:58.209 31601-392   VivoJsonResourceManager com.example.eyetracking              E  getJsonByFullName: failed to mmap DMA buffer: Bad file descriptor
2025-09-01 16:12:58.209 31601-392   VivoJsonResourceManager com.example.eyetracking              W  Cannot open file product/camera/jsons/StaticProjectConfig.json!
2025-09-01 16:12:58.209 31601-392   VivoJsonResourceManager com.example.eyetracking              E  getJsonByName 69:Json File product/camera/jsons/StaticProjectConfig.json Parsed Failed!!!!!
2025-09-01 16:12:58.209 31601-392   VivoJsonResourceManager com.example.eyetracking              E  Fail to open StaticProjectConfig.json,root is null
2025-09-01 16:12:58.209 31601-392   VivoJsonResourceManager com.example.eyetracking              D  Using Path:product/camera/jsons to parse Json Files!
2025-09-01 16:12:58.209 31601-392   VivoJsonResourceManager com.example.eyetracking              D  GetJsonConfigInfoSize 0
2025-09-01 16:12:58.209 31601-392   DMABUFHEAPS             com.example.eyetracking              I  Using DMA-BUF heap named: system
2025-09-01 16:12:58.209 31601-392   DMABUFHEAPS             com.example.eyetracking              E  Unable to allocate from DMA-BUF heap: system: Invalid argument
2025-09-01 16:12:58.209 31601-392   VivoJsonResourceManager com.example.eyetracking              E  Allocate: DmabufHeapAlloc failed with error - Invalid argument
2025-09-01 16:12:58.209 31601-392   VivoJsonResourceManager com.example.eyetracking              W  Allocate: failed ioctl(DMA_BUF_SET_NAME): Bad file descriptor
2025-09-01 16:12:58.209 31601-392   VivoJsonResourceManager com.example.eyetracking              D  Allocate: alloc buffer_fd:-1 success
2025-09-01 16:12:58.209 31601-392   VivoJsonResourceManager com.example.eyetracking              E  getJsonByFullName: failed to mmap DMA buffer: Bad file descriptor
2025-09-01 16:12:58.209 31601-392   VivoJsonResourceManager com.example.eyetracking              W  Cannot open file product/camera/jsons/StaticProjectConfig.json!
2025-09-01 16:12:58.209 31601-392   VivoJsonResourceManager com.example.eyetracking              E  getJsonByName 69:Json File product/camera/jsons/StaticProjectConfig.json Parsed Failed!!!!!
2025-09-01 16:12:58.209 31601-392   VivoJsonResourceManager com.example.eyetracking              E  Fail to open StaticProjectConfig.json,root is null
2025-09-01 16:12:58.209 31601-392   VivoJsonResourceManager com.example.eyetracking              D  Using Path:product/camera/jsons to parse Json Files!
2025-09-01 16:12:58.209 31601-392   VivoJsonResourceManager com.example.eyetracking              D  GetJsonConfigInfoSize 0
2025-09-01 16:12:58.209 31601-392   DMABUFHEAPS             com.example.eyetracking              I  Using DMA-BUF heap named: system
2025-09-01 16:12:58.209 31601-392   DMABUFHEAPS             com.example.eyetracking              E  Unable to allocate from DMA-BUF heap: system: Invalid argument
2025-09-01 16:12:58.209 31601-392   VivoJsonResourceManager com.example.eyetracking              E  Allocate: DmabufHeapAlloc failed with error - Invalid argument
2025-09-01 16:12:58.209 31601-392   VivoJsonResourceManager com.example.eyetracking              W  Allocate: failed ioctl(DMA_BUF_SET_NAME): Bad file descriptor
2025-09-01 16:12:58.209 31601-392   VivoJsonResourceManager com.example.eyetracking              D  Allocate: alloc buffer_fd:-1 success
2025-09-01 16:12:58.209 31601-392   VivoJsonResourceManager com.example.eyetracking              E  getJsonByFullName: failed to mmap DMA buffer: Bad file descriptor
2025-09-01 16:12:58.209 31601-392   VivoJsonResourceManager com.example.eyetracking              W  Cannot open file product/camera/jsons/StaticProjectConfig.json!
2025-09-01 16:12:58.209 31601-392   VivoJsonResourceManager com.example.eyetracking              E  getJsonByName 69:Json File product/camera/jsons/StaticProjectConfig.json Parsed Failed!!!!!
2025-09-01 16:12:58.209 31601-392   VivoJsonResourceManager com.example.eyetracking              E  Fail to open StaticProjectConfig.json,root is null
2025-09-01 16:12:58.209 31601-392   VivoJsonResourceManager com.example.eyetracking              D  Using Path:product/camera/jsons to parse Json Files!
2025-09-01 16:12:58.210 31601-392   VivoJsonResourceManager com.example.eyetracking              D  GetJsonConfigInfoSize 0
2025-09-01 16:12:58.210 31601-392   DMABUFHEAPS             com.example.eyetracking              I  Using DMA-BUF heap named: system
2025-09-01 16:12:58.210 31601-392   DMABUFHEAPS             com.example.eyetracking              E  Unable to allocate from DMA-BUF heap: system: Invalid argument
2025-09-01 16:12:58.210 31601-392   VivoJsonResourceManager com.example.eyetracking              E  Allocate: DmabufHeapAlloc failed with error - Invalid argument
2025-09-01 16:12:58.210 31601-392   VivoJsonResourceManager com.example.eyetracking              W  Allocate: failed ioctl(DMA_BUF_SET_NAME): Bad file descriptor
2025-09-01 16:12:58.210 31601-392   VivoJsonResourceManager com.example.eyetracking              D  Allocate: alloc buffer_fd:-1 success
2025-09-01 16:12:58.210 31601-392   VivoJsonResourceManager com.example.eyetracking              E  getJsonByFullName: failed to mmap DMA buffer: Bad file descriptor
2025-09-01 16:12:58.210 31601-392   VivoJsonResourceManager com.example.eyetracking              W  Cannot open file product/camera/jsons/StaticProjectConfig.json!
2025-09-01 16:12:58.210 31601-392   VivoJsonResourceManager com.example.eyetracking              E  getJsonByName 69:Json File product/camera/jsons/StaticProjectConfig.json Parsed Failed!!!!!
2025-09-01 16:12:58.210 31601-392   VivoJsonResourceManager com.example.eyetracking              E  Fail to open StaticProjectConfig.json,root is null
2025-09-01 16:12:58.210 31601-392   VivoJsonResourceManager com.example.eyetracking              D  Using Path:product/camera/jsons to parse Json Files!
2025-09-01 16:12:58.210 31601-392   VivoJsonResourceManager com.example.eyetracking              D  GetJsonConfigInfoSize 0
2025-09-01 16:12:58.210 31601-392   DMABUFHEAPS             com.example.eyetracking              I  Using DMA-BUF heap named: system
2025-09-01 16:12:58.210 31601-392   DMABUFHEAPS             com.example.eyetracking              E  Unable to allocate from DMA-BUF heap: system: Invalid argument
2025-09-01 16:12:58.210 31601-392   VivoJsonResourceManager com.example.eyetracking              E  Allocate: DmabufHeapAlloc failed with error - Invalid argument
2025-09-01 16:12:58.210 31601-392   VivoJsonResourceManager com.example.eyetracking              W  Allocate: failed ioctl(DMA_BUF_SET_NAME): Bad file descriptor
2025-09-01 16:12:58.210 31601-392   VivoJsonResourceManager com.example.eyetracking              D  Allocate: alloc buffer_fd:-1 success
2025-09-01 16:12:58.210 31601-392   VivoJsonResourceManager com.example.eyetracking              E  getJsonByFullName: failed to mmap DMA buffer: Bad file descriptor
2025-09-01 16:12:58.210 31601-392   VivoJsonResourceManager com.example.eyetracking              W  Cannot open file product/camera/jsons/StaticProjectConfig.json!
2025-09-01 16:12:58.210 31601-392   VivoJsonResourceManager com.example.eyetracking              E  getJsonByName 69:Json File product/camera/jsons/StaticProjectConfig.json Parsed Failed!!!!!
2025-09-01 16:12:58.210 31601-392   VivoJsonResourceManager com.example.eyetracking              E  Fail to open StaticProjectConfig.json,root is null
2025-09-01 16:12:58.210 31601-392   VivoJsonResourceManager com.example.eyetracking              D  Using Path:product/camera/jsons to parse Json Files!
2025-09-01 16:12:58.210 31601-392   VivoJsonResourceManager com.example.eyetracking              D  GetJsonConfigInfoSize 0
2025-09-01 16:12:58.210 31601-392   DMABUFHEAPS             com.example.eyetracking              I  Using DMA-BUF heap named: system
2025-09-01 16:12:58.210 31601-392   DMABUFHEAPS             com.example.eyetracking              E  Unable to allocate from DMA-BUF heap: system: Invalid argument
2025-09-01 16:12:58.210 31601-392   VivoJsonResourceManager com.example.eyetracking              E  Allocate: DmabufHeapAlloc failed with error - Invalid argument
2025-09-01 16:12:58.210 31601-392   VivoJsonResourceManager com.example.eyetracking              W  Allocate: failed ioctl(DMA_BUF_SET_NAME): Bad file descriptor
2025-09-01 16:12:58.210 31601-392   VivoJsonResourceManager com.example.eyetracking              D  Allocate: alloc buffer_fd:-1 success
2025-09-01 16:12:58.210 31601-392   VivoJsonResourceManager com.example.eyetracking              E  getJsonByFullName: failed to mmap DMA buffer: Bad file descriptor
2025-09-01 16:12:58.210 31601-392   VivoJsonResourceManager com.example.eyetracking              W  Cannot open file product/camera/jsons/StaticProjectConfig.json!
2025-09-01 16:12:58.210 31601-392   VivoJsonResourceManager com.example.eyetracking              E  getJsonByName 69:Json File product/camera/jsons/StaticProjectConfig.json Parsed Failed!!!!!
2025-09-01 16:12:58.210 31601-392   VivoJsonResourceManager com.example.eyetracking              E  Fail to open StaticProjectConfig.json,root is null
2025-09-01 16:12:58.210 31601-392   VivoJsonResourceManager com.example.eyetracking              D  Using Path:product/camera/jsons to parse Json Files!
2025-09-01 16:12:58.210 31601-392   VivoJsonResourceManager com.example.eyetracking              D  GetJsonConfigInfoSize 0
2025-09-01 16:12:58.210 31601-392   DMABUFHEAPS             com.example.eyetracking              I  Using DMA-BUF heap named: system
2025-09-01 16:12:58.210 31601-392   DMABUFHEAPS             com.example.eyetracking              E  Unable to allocate from DMA-BUF heap: system: Invalid argument
2025-09-01 16:12:58.210 31601-392   VivoJsonResourceManager com.example.eyetracking              E  Allocate: DmabufHeapAlloc failed with error - Invalid argument
2025-09-01 16:12:58.210 31601-392   VivoJsonResourceManager com.example.eyetracking              W  Allocate: failed ioctl(DMA_BUF_SET_NAME): Bad file descriptor
2025-09-01 16:12:58.210 31601-392   VivoJsonResourceManager com.example.eyetracking              D  Allocate: alloc buffer_fd:-1 success
2025-09-01 16:12:58.210 31601-392   VivoJsonResourceManager com.example.eyetracking              E  getJsonByFullName: failed to mmap DMA buffer: Bad file descriptor
2025-09-01 16:12:58.210 31601-392   VivoJsonResourceManager com.example.eyetracking              W  Cannot open file product/camera/jsons/StaticProjectConfig.json!
2025-09-01 16:12:58.210 31601-392   VivoJsonResourceManager com.example.eyetracking              E  getJsonByName 69:Json File product/camera/jsons/StaticProjectConfig.json Parsed Failed!!!!!
2025-09-01 16:12:58.210 31601-392   VivoJsonResourceManager com.example.eyetracking              E  Fail to open StaticProjectConfig.json,root is null
2025-09-01 16:12:58.210 31601-392   VivoJsonResourceManager com.example.eyetracking              D  Using Path:product/camera/jsons to parse Json Files!
2025-09-01 16:12:58.211 31601-392   VivoJsonResourceManager com.example.eyetracking              D  GetJsonConfigInfoSize 0
2025-09-01 16:12:58.211 31601-392   DMABUFHEAPS             com.example.eyetracking              I  Using DMA-BUF heap named: system
2025-09-01 16:12:58.211 31601-392   DMABUFHEAPS             com.example.eyetracking              E  Unable to allocate from DMA-BUF heap: system: Invalid argument
2025-09-01 16:12:58.211 31601-392   VivoJsonResourceManager com.example.eyetracking              E  Allocate: DmabufHeapAlloc failed with error - Invalid argument
2025-09-01 16:12:58.211 31601-392   VivoJsonResourceManager com.example.eyetracking              W  Allocate: failed ioctl(DMA_BUF_SET_NAME): Bad file descriptor
2025-09-01 16:12:58.211 31601-392   VivoJsonResourceManager com.example.eyetracking              D  Allocate: alloc buffer_fd:-1 success
2025-09-01 16:12:58.211 31601-392   VivoJsonResourceManager com.example.eyetracking              E  getJsonByFullName: failed to mmap DMA buffer: Bad file descriptor
2025-09-01 16:12:58.211 31601-392   VivoJsonResourceManager com.example.eyetracking              W  Cannot open file product/camera/jsons/StaticProjectConfig.json!
2025-09-01 16:12:58.211 31601-392   VivoJsonResourceManager com.example.eyetracking              E  getJsonByName 69:Json File product/camera/jsons/StaticProjectConfig.json Parsed Failed!!!!!
2025-09-01 16:12:58.211 31601-392   VivoJsonResourceManager com.example.eyetracking              E  Fail to open StaticProjectConfig.json,root is null
2025-09-01 16:12:58.211 31601-392   VivoJsonResourceManager com.example.eyetracking              D  Using Path:product/camera/jsons to parse Json Files!
2025-09-01 16:12:58.211 31601-392   VivoJsonResourceManager com.example.eyetracking              D  GetJsonConfigInfoSize 0
2025-09-01 16:12:58.211 31601-392   DMABUFHEAPS             com.example.eyetracking              I  Using DMA-BUF heap named: system
2025-09-01 16:12:58.211 31601-392   DMABUFHEAPS             com.example.eyetracking              E  Unable to allocate from DMA-BUF heap: system: Invalid argument
2025-09-01 16:12:58.211 31601-392   VivoJsonResourceManager com.example.eyetracking              E  Allocate: DmabufHeapAlloc failed with error - Invalid argument
2025-09-01 16:12:58.211 31601-392   VivoJsonResourceManager com.example.eyetracking              W  Allocate: failed ioctl(DMA_BUF_SET_NAME): Bad file descriptor
2025-09-01 16:12:58.211 31601-392   VivoJsonResourceManager com.example.eyetracking              D  Allocate: alloc buffer_fd:-1 success
2025-09-01 16:12:58.211 31601-392   VivoJsonResourceManager com.example.eyetracking              E  getJsonByFullName: failed to mmap DMA buffer: Bad file descriptor
2025-09-01 16:12:58.211 31601-392   VivoJsonResourceManager com.example.eyetracking              W  Cannot open file product/camera/jsons/StaticProjectConfig.json!
2025-09-01 16:12:58.211 31601-392   VivoJsonResourceManager com.example.eyetracking              E  getJsonByName 69:Json File product/camera/jsons/StaticProjectConfig.json Parsed Failed!!!!!
2025-09-01 16:12:58.211 31601-392   VivoJsonResourceManager com.example.eyetracking              E  Fail to open StaticProjectConfig.json,root is null
2025-09-01 16:12:58.211 31601-392   VivoJsonResourceManager com.example.eyetracking              D  Using Path:product/camera/jsons to parse Json Files!
2025-09-01 16:12:58.211 31601-392   VivoJsonResourceManager com.example.eyetracking              D  GetJsonConfigInfoSize 0
2025-09-01 16:12:58.211 31601-392   DMABUFHEAPS             com.example.eyetracking              I  Using DMA-BUF heap named: system
2025-09-01 16:12:58.211 31601-392   DMABUFHEAPS             com.example.eyetracking              E  Unable to allocate from DMA-BUF heap: system: Invalid argument
2025-09-01 16:12:58.211 31601-392   VivoJsonResourceManager com.example.eyetracking              E  Allocate: DmabufHeapAlloc failed with error - Invalid argument
2025-09-01 16:12:58.211 31601-392   VivoJsonResourceManager com.example.eyetracking              W  Allocate: failed ioctl(DMA_BUF_SET_NAME): Bad file descriptor
2025-09-01 16:12:58.211 31601-392   VivoJsonResourceManager com.example.eyetracking              D  Allocate: alloc buffer_fd:-1 success
2025-09-01 16:12:58.211 31601-392   VivoJsonResourceManager com.example.eyetracking              E  getJsonByFullName: failed to mmap DMA buffer: Bad file descriptor
2025-09-01 16:12:58.211 31601-392   VivoJsonResourceManager com.example.eyetracking              W  Cannot open file product/camera/jsons/StaticProjectConfig.json!
2025-09-01 16:12:58.211 31601-392   VivoJsonResourceManager com.example.eyetracking              E  getJsonByName 69:Json File product/camera/jsons/StaticProjectConfig.json Parsed Failed!!!!!
2025-09-01 16:12:58.211 31601-392   VivoJsonResourceManager com.example.eyetracking              E  Fail to open StaticProjectConfig.json,root is null
2025-09-01 16:12:58.211 31601-392   VivoJavaJsonManager     com.example.eyetracking              D  failed to find appName:com.example.eyetracking from config key:mProtakePackages
2025-09-01 16:12:58.212 31601-392   VivoJavaJsonManager     com.example.eyetracking              D  failed to find appName:com.example.eyetracking from config key:mProtakePackages
2025-09-01 16:12:58.215 31601-392   VivoJavaJsonManager     com.example.eyetracking              D  failed to find appName:com.example.eyetracking from config key:mProtakePackages
2025-09-01 16:12:58.215 31601-392   VivoJavaJsonManager     com.example.eyetracking              D  failed to find appName:com.example.eyetracking from config key:mProtakePackages
2025-09-01 16:12:58.215 31601-392   VivoJavaJsonManager     com.example.eyetracking              D  failed to find appName:com.example.eyetracking from config key:mProtakePackages
2025-09-01 16:12:58.215 31601-392   VivoJavaJsonManager     com.example.eyetracking              D  failed to find appName:com.example.eyetracking from config key:mProtakePackages
2025-09-01 16:12:58.215 31601-352   VivoJavaJsonManager     com.example.eyetracking              D  failed to find appName:com.example.eyetracking from config key:mProtakePackages
2025-09-01 16:12:58.222 31601-392   VivoJavaJsonManager     com.example.eyetracking              D  failed to find appName:com.example.eyetracking from config key:mProtakePackages
2025-09-01 16:12:58.222 31601-392   VivoJavaJsonManager     com.example.eyetracking              D  failed to find appName:com.example.eyetracking from config key:mProtakePackages
2025-09-01 16:12:58.222 31601-392   VivoJavaJsonManager     com.example.eyetracking              D  failed to find appName:com.example.eyetracking from config key:mProtakePackages
2025-09-01 16:12:58.222 31601-392   VivoJavaJsonManager     com.example.eyetracking              D  failed to find appName:com.example.eyetracking from config key:mProtakePackages
2025-09-01 16:12:58.222 31601-392   VivoJavaJsonManager     com.example.eyetracking              D  failed to find key:itsMultiCameraAlignmentCfg_productFlag
2025-09-01 16:12:58.228 31601-31601 ImeFocusController      com.example.eyetracking              V  onWindowFocus: com.android.internal.policy.DecorView{85d5a98 V.E...... R....... 0,0-1080,2392}[CalibrationActivity] softInputMode=STATE_UNSPECIFIED|ADJUST_PAN|IS_FORWARD_NAVIGATION
2025-09-01 16:12:58.245 31601-392   VivoJavaJsonManager     com.example.eyetracking              D  failed to find appName:com.example.eyetracking from config key:mProtakePackages
2025-09-01 16:12:58.245 31601-392   VivoJavaJsonManager     com.example.eyetracking              D  failed to find appName:com.example.eyetracking from config key:mProtakePackages
2025-09-01 16:12:58.245 31601-392   VivoJavaJsonManager     com.example.eyetracking              D  failed to find appName:com.example.eyetracking from config key:mProtakePackages
2025-09-01 16:12:58.245 31601-392   VivoJavaJsonManager     com.example.eyetracking              D  failed to find appName:com.example.eyetracking from config key:mProtakePackages
2025-09-01 16:12:58.245 31601-392   VivoJavaJsonManager     com.example.eyetracking              D  failed to find key:itsMultiCameraAlignmentCfg_productFlag
2025-09-01 16:12:58.252 31601-392   CameraRepository        com.example.eyetracking              D  Added camera: 0
2025-09-01 16:12:58.259 31601-392   CameraQuirks            com.example.eyetracking              D  camera2 CameraQuirks = 
2025-09-01 16:12:58.275 31601-392   Camera2CameraInfo       com.example.eyetracking              I  Device Level: INFO_SUPPORTED_HARDWARE_LEVEL_3
2025-09-01 16:12:58.281 31601-392   CameraRepository        com.example.eyetracking              D  Added camera: 1
2025-09-01 16:12:58.281 31601-392   CameraQuirks            com.example.eyetracking              D  camera2 CameraQuirks = 
2025-09-01 16:12:58.282 31601-392   Camera2CameraInfo       com.example.eyetracking              I  Device Level: INFO_SUPPORTED_HARDWARE_LEVEL_3
2025-09-01 16:12:58.283 31601-392   CameraValidator         com.example.eyetracking              D  Verifying camera lens facing on I2305, lensFacingInteger: null
2025-09-01 16:12:58.333 31601-31601 DynamicRangeResolver    com.example.eyetracking              D  Resolved dynamic range for use case androidx.camera.core.Preview-13cb8a61-3d9c-4b0a-990b-126e824bd2fb to no compatible HDR dynamic ranges.
                                                                                                    DynamicRange@5a3a2ca{encoding=UNSPECIFIED, bitDepth=0}
                                                                                                    ->
                                                                                                    DynamicRange@c704e35{encoding=SDR, bitDepth=8}
2025-09-01 16:12:58.340 31601-31601 CameraQuirks            com.example.eyetracking              D  camera2 CameraQuirks = 
2025-09-01 16:12:58.340 31601-31601 CameraQuirks            com.example.eyetracking              D  camera2 CameraQuirks = 
2025-09-01 16:12:58.347 31601-31601 DeferrableSurface       com.example.eyetracking              D  Surface created[total_surfaces=1, used_surfaces=0](androidx.camera.core.processing.SurfaceEdge$SettableSurface@c12196}
2025-09-01 16:12:58.350 31601-31601 DeferrableSurface       com.example.eyetracking              D  Surface created[total_surfaces=2, used_surfaces=0](androidx.camera.core.SurfaceRequest$2@65c122}
2025-09-01 16:12:58.351 31601-31601 DeferrableSurface       com.example.eyetracking              D  New surface in use[total_surfaces=2, used_surfaces=1](androidx.camera.core.SurfaceRequest$2@65c122}
2025-09-01 16:12:58.351 31601-31601 DeferrableSurface       com.example.eyetracking              D  use count+1, useCount=1 androidx.camera.core.SurfaceRequest$2@65c122
2025-09-01 16:12:58.356 31601-31601 ImageReader_JNI         com.example.eyetracking              D  ImageReader_init: ctx[0xb400007aa00767c0], 640x480, HalFormat[35], maxImages[4], ndkUsage[3], consumerUsage[3]
2025-09-01 16:12:58.356 31601-31601 libc                    com.example.eyetracking              W  Access denied finding property "vendor.display.enable_optimal_refresh_rate"
2025-09-01 16:12:58.351 31601-31601 ple.eyetracking         com.example.eyetracking              W  type=1400 audit(0.0:977115): avc:  denied  { read } for  name="u:object_r:vendor_display_prop:s0" dev="tmpfs" ino=462 scontext=u:r:untrusted_app:s0:c45,c257,c512,c768 tcontext=u:object_r:vendor_display_prop:s0 tclass=file permissive=0 app=com.example.eyetracking
2025-09-01 16:12:58.357 31601-31601 ImageReader_JNI         com.example.eyetracking              D  ImageReader_init: ctx[0xb400007aa0076bb0], 640x480, HalFormat[35], maxImages[4], ndkUsage[3], consumerUsage[3]
2025-09-01 16:12:58.358 31601-31601 libc                    com.example.eyetracking              W  Access denied finding property "vendor.display.enable_optimal_refresh_rate"
2025-09-01 16:12:58.355 31601-31601 ple.eyetracking         com.example.eyetracking              W  type=1400 audit(0.0:977116): avc:  denied  { read } for  name="u:object_r:vendor_display_prop:s0" dev="tmpfs" ino=462 scontext=u:r:untrusted_app:s0:c45,c257,c512,c768 tcontext=u:object_r:vendor_display_prop:s0 tclass=file permissive=0 app=com.example.eyetracking
2025-09-01 16:12:58.358 31601-31601 DeferrableSurface       com.example.eyetracking              D  Surface created[total_surfaces=3, used_surfaces=1](androidx.camera.core.impl.ImmediateSurface@9d2c0f}
2025-09-01 16:12:58.360 31601-399   Camera2CameraImpl       com.example.eyetracking              D  {Camera@bf55036[id=1]} Use case androidx.camera.core.Preview-13cb8a61-3d9c-4b0a-990b-126e824bd2fb211612537 ACTIVE
2025-09-01 16:12:58.361 31601-399   DeviceQuirks            com.example.eyetracking              D  core DeviceQuirks = SurfaceOrderQuirk
2025-09-01 16:12:58.361 31601-399   UseCaseAttachState      com.example.eyetracking              D  Active and attached use case: [] for camera: 1
2025-09-01 16:12:58.362 31601-399   Camera2CameraImpl       com.example.eyetracking              D  {Camera@bf55036[id=1]} Use case androidx.camera.core.ImageAnalysis-90b27f42-2f87-475c-af3f-183a19d6d151161003710 ACTIVE
2025-09-01 16:12:58.362 31601-399   UseCaseAttachState      com.example.eyetracking              D  Active and attached use case: [] for camera: 1
2025-09-01 16:12:58.363 31601-31601 PreviewView             com.example.eyetracking              D  Surface requested by Preview.
2025-09-01 16:12:58.363 31601-399   Camera2CameraImpl       com.example.eyetracking              D  {Camera@bf55036[id=1]} Use cases [androidx.camera.core.Preview-13cb8a61-3d9c-4b0a-990b-126e824bd2fb211612537, androidx.camera.core.ImageAnalysis-90b27f42-2f87-475c-af3f-183a19d6d151161003710] now ATTACHED
2025-09-01 16:12:58.363 31601-399   Camera2CameraControlImp com.example.eyetracking              D  setActive: isActive = true
2025-09-01 16:12:58.363 31601-31601 DeviceQuirks            com.example.eyetracking              D  view DeviceQuirks = 
2025-09-01 16:12:58.363 31601-399   UseCaseAttachState      com.example.eyetracking              D  All use case: [androidx.camera.core.Preview-13cb8a61-3d9c-4b0a-990b-126e824bd2fb211612537, androidx.camera.core.ImageAnalysis-90b27f42-2f87-475c-af3f-183a19d6d151161003710] for camera: 1
2025-09-01 16:12:58.364 31601-399   UseCaseAttachState      com.example.eyetracking              D  Active and attached use case: [androidx.camera.core.Preview-13cb8a61-3d9c-4b0a-990b-126e824bd2fb211612537, androidx.camera.core.ImageAnalysis-90b27f42-2f87-475c-af3f-183a19d6d151161003710] for camera: 1
2025-09-01 16:12:58.365 31601-399   Camera2CameraImpl       com.example.eyetracking              D  {Camera@bf55036[id=1]} Resetting Capture Session
2025-09-01 16:12:58.365 31601-399   Camera2CameraImpl       com.example.eyetracking              D  {Camera@bf55036[id=1]} Skipping Capture Session state check due to current camera state: INITIALIZED and previous session status: false
2025-09-01 16:12:58.365 31601-399   Camera2CameraImpl       com.example.eyetracking              D  {Camera@bf55036[id=1]} Releasing session in state INITIALIZED
2025-09-01 16:12:58.366 31601-399   Camera2CameraImpl       com.example.eyetracking              D  {Camera@bf55036[id=1]} Attempting to force open the camera.
2025-09-01 16:12:58.366 31601-399   CameraStateRegistry     com.example.eyetracking              D  tryOpenCamera(Camera@bf55036[id=1]) [Available Cameras: 1, Already Open: false (Previous state: null)] --> SUCCESS
2025-09-01 16:12:58.366 31601-399   CameraStateRegistry     com.example.eyetracking              D  Recalculating open cameras:
                                                                                                    Camera                                       State                 
                                                                                                    -------------------------------------------------------------------
                                                                                                    Camera@c6cb33f[id=0]                         UNKNOWN               
                                                                                                    Camera@bf55036[id=1]                         OPENING               
                                                                                                    -------------------------------------------------------------------
                                                                                                    Open count: 1 (Max allowed: 1)
2025-09-01 16:12:58.366 31601-399   Camera2CameraImpl       com.example.eyetracking              D  {Camera@bf55036[id=1]} Opening camera.
2025-09-01 16:12:58.366 31601-399   Camera2CameraImpl       com.example.eyetracking              D  {Camera@bf55036[id=1]} Transitioning camera internal state: INITIALIZED --> OPENING
2025-09-01 16:12:58.367 31601-399   CameraStateMachine      com.example.eyetracking              D  New public camera state CameraState{type=OPENING, error=null} from OPENING and null
2025-09-01 16:12:58.367 31601-399   CameraStateMachine      com.example.eyetracking              D  Publishing new public camera state CameraState{type=OPENING, error=null}
2025-09-01 16:12:58.367 31601-399   UseCaseAttachState      com.example.eyetracking              D  All use case: [androidx.camera.core.Preview-13cb8a61-3d9c-4b0a-990b-126e824bd2fb211612537, androidx.camera.core.ImageAnalysis-90b27f42-2f87-475c-af3f-183a19d6d151161003710] for camera: 1
2025-09-01 16:12:58.371 31601-31601 PreviewView             com.example.eyetracking              D  Preview transformation info updated. TransformationInfo{getCropRect=Rect(0, 0 - 1632, 1224), getRotationDegrees=270, getTargetRotation=-1, hasCameraTransform=true, getSensorToBufferTransform=Matrix{[0.7083333, 0.0, -0.0][0.0, 0.7083333, -0.0][0.0, 0.0, 1.0]}, isMirroring=true}
2025-09-01 16:12:58.371 31601-31601 PreviewTransform        com.example.eyetracking              D  Transformation info set: TransformationInfo{getCropRect=Rect(0, 0 - 1632, 1224), getRotationDegrees=270, getTargetRotation=-1, hasCameraTransform=true, getSensorToBufferTransform=Matrix{[0.7083333, 0.0, -0.0][0.0, 0.7083333, -0.0][0.0, 0.0, 1.0]}, isMirroring=true} 1632x1224 true
2025-09-01 16:12:58.373 31601-399   VivoJavaJsonManager     com.example.eyetracking              D  failed to find appName:com.example.eyetracking from config key:mProtakePackages
2025-09-01 16:12:58.373 31601-399   VivoJavaJsonManager     com.example.eyetracking              D  failed to find appName:com.example.eyetracking from config key:mProtakePackages
2025-09-01 16:12:58.373 31601-399   VivoJavaJsonManager     com.example.eyetracking              D  failed to find appName:com.example.eyetracking from config key:mProtakePackages
2025-09-01 16:12:58.373 31601-399   VivoJavaJsonManager     com.example.eyetracking              D  failed to find appName:com.example.eyetracking from config key:mProtakePackages
2025-09-01 16:12:58.374 31601-399   VivoJavaJsonManager     com.example.eyetracking              D  failed to find key:itsMultiCameraAlignmentCfg_productFlag
2025-09-01 16:12:58.383 31601-31601 libc                    com.example.eyetracking              W  Access denied finding property "vendor.display.enable_optimal_refresh_rate"
2025-09-01 16:12:58.379 31601-31601 ple.eyetracking         com.example.eyetracking              W  type=1400 audit(0.0:977118): avc:  denied  { read } for  name="u:object_r:vendor_display_prop:s0" dev="tmpfs" ino=462 scontext=u:r:untrusted_app:s0:c45,c257,c512,c768 tcontext=u:object_r:vendor_display_prop:s0 tclass=file permissive=0 app=com.example.eyetracking
2025-09-01 16:12:58.383 31601-31601 SurfaceViewImpl         com.example.eyetracking              D  Surface created.
2025-09-01 16:12:58.386 31601-31601 SurfaceViewImpl         com.example.eyetracking              D  Surface changed. Size: 1632x1224
2025-09-01 16:12:58.390 31601-31601 SurfaceViewImpl         com.example.eyetracking              D  Surface set on Preview.
2025-09-01 16:12:58.399 31601-32758 VivoJavaJsonManager     com.example.eyetracking              D  failed to find appName:com.example.eyetracking from config key:mProtakePackages
2025-09-01 16:12:58.410 31601-399   VivoJavaJsonManager     com.example.eyetracking              D  failed to find appName:com.example.eyetracking from config key:ForBlockBroadcast
2025-09-01 16:12:58.410 31601-399   VivoJavaJsonManager     com.example.eyetracking              D  failed to find activity from config key:ForBlockBroadcastActivity
2025-09-01 16:12:58.410 31601-399   VivoJavaJsonManager     com.example.eyetracking              D  failed to find activity from config key:ForBlockBroadcastActivity
2025-09-01 16:12:58.410 31601-399   VivoJavaJsonManager     com.example.eyetracking              D  failed to find activity from config key:ForBlockBroadcastActivity
2025-09-01 16:12:58.411 31601-399   VivoCameraUtils         com.example.eyetracking              V  top app is: com.example.eyetracking, current app: com.example.eyetracking
2025-09-01 16:12:58.413 31601-399   VivoJavaJsonManager     com.example.eyetracking              D  failed to find appName:com.example.eyetracking from config key:ForBlockBroadcast
2025-09-01 16:12:58.413 31601-399   VivoJavaJsonManager     com.example.eyetracking              D  failed to find activity from config key:ForBlockBroadcastActivity
2025-09-01 16:12:58.413 31601-399   VivoJavaJsonManager     com.example.eyetracking              D  failed to find activity from config key:ForBlockBroadcastActivity
2025-09-01 16:12:58.413 31601-399   VivoJavaJsonManager     com.example.eyetracking              D  failed to find activity from config key:ForBlockBroadcastActivity
2025-09-01 16:12:58.415 31601-399   Camera2CameraImpl       com.example.eyetracking              D  {Camera@bf55036[id=1]} Use case androidx.camera.core.Preview-13cb8a61-3d9c-4b0a-990b-126e824bd2fb211612537 ACTIVE
2025-09-01 16:12:58.416 31601-399   UseCaseAttachState      com.example.eyetracking              D  Active and attached use case: [androidx.camera.core.Preview-13cb8a61-3d9c-4b0a-990b-126e824bd2fb211612537, androidx.camera.core.ImageAnalysis-90b27f42-2f87-475c-af3f-183a19d6d151161003710] for camera: 1
2025-09-01 16:12:58.417 31601-399   Camera2CameraImpl       com.example.eyetracking              D  {Camera@bf55036[id=1]} Use case androidx.camera.core.ImageAnalysis-90b27f42-2f87-475c-af3f-183a19d6d151161003710 ACTIVE
2025-09-01 16:12:58.417 31601-399   UseCaseAttachState      com.example.eyetracking              D  Active and attached use case: [androidx.camera.core.Preview-13cb8a61-3d9c-4b0a-990b-126e824bd2fb211612537, androidx.camera.core.ImageAnalysis-90b27f42-2f87-475c-af3f-183a19d6d151161003710] for camera: 1
2025-09-01 16:12:58.419 31601-399   UseCaseAttachState      com.example.eyetracking              D  Active and attached use case: [androidx.camera.core.Preview-13cb8a61-3d9c-4b0a-990b-126e824bd2fb211612537, androidx.camera.core.ImageAnalysis-90b27f42-2f87-475c-af3f-183a19d6d151161003710] for camera: 1
2025-09-01 16:12:58.420 31601-392   Camera2CameraImpl       com.example.eyetracking              D  {Camera@bf55036[id=1]} CameraDevice.onOpened()
2025-09-01 16:12:58.420 31601-392   Camera2CameraImpl       com.example.eyetracking              D  {Camera@bf55036[id=1]} Transitioning camera internal state: OPENING --> OPENED
2025-09-01 16:12:58.421 31601-392   CameraStateRegistry     com.example.eyetracking              D  Recalculating open cameras:
                                                                                                    Camera                                       State                 
                                                                                                    -------------------------------------------------------------------
                                                                                                    Camera@c6cb33f[id=0]                         UNKNOWN               
                                                                                                    Camera@bf55036[id=1]                         OPEN                  
                                                                                                    -------------------------------------------------------------------
                                                                                                    Open count: 1 (Max allowed: 1)
2025-09-01 16:12:58.421 31601-392   CameraStateMachine      com.example.eyetracking              D  New public camera state CameraState{type=OPEN, error=null} from OPEN and null
2025-09-01 16:12:58.421 31601-392   CameraStateMachine      com.example.eyetracking              D  Publishing new public camera state CameraState{type=OPEN, error=null}
2025-09-01 16:12:58.421 31601-392   UseCaseAttachState      com.example.eyetracking              D  All use case: [androidx.camera.core.Preview-13cb8a61-3d9c-4b0a-990b-126e824bd2fb211612537, androidx.camera.core.ImageAnalysis-90b27f42-2f87-475c-af3f-183a19d6d151161003710] for camera: 1
2025-09-01 16:12:58.424 31601-392   SyncCaptureSessionBase  com.example.eyetracking              D  [androidx.camera.camera2.internal.SynchronizedCaptureSessionImpl@18495da] getSurface done with results: [Surface(name=null mNativeObject=-5476376622359147696)/@0xad969b8, Surface(name=null mNativeObject=-5476376622359182576)/@0x1dfe385]
2025-09-01 16:12:58.424 31601-392   CaptureSession          com.example.eyetracking              D  Opening capture session.
2025-09-01 16:12:58.426 31601-392   Camera2Cap...estBuilder com.example.eyetracking              D  template type = 1
2025-09-01 16:12:58.428 31601-392   SyncCaptureSessionImpl  com.example.eyetracking              D  [androidx.camera.camera2.internal.SynchronizedCaptureSessionImpl@18495da] start openCaptureSession
2025-09-01 16:12:58.428 31601-392   DeferrableSurface       com.example.eyetracking              D  use count+1, useCount=2 androidx.camera.core.SurfaceRequest$2@65c122
2025-09-01 16:12:58.428 31601-392   DeferrableSurface       com.example.eyetracking              D  New surface in use[total_surfaces=3, used_surfaces=2](androidx.camera.core.impl.ImmediateSurface@9d2c0f}
2025-09-01 16:12:58.428 31601-392   DeferrableSurface       com.example.eyetracking              D  use count+1, useCount=1 androidx.camera.core.impl.ImmediateSurface@9d2c0f
2025-09-01 16:12:58.428 31601-392   VivoJavaJsonManager     com.example.eyetracking              D  failed to find appName:com.example.eyetracking from config key:mOEMPackages
2025-09-01 16:12:58.531 31601-392   VivoJavaJsonManager     com.example.eyetracking              D  failed to find appName:com.example.eyetracking from config key:VivoCameraConfig
2025-09-01 16:12:58.533 31601-392   SyncCaptureSessionImpl  com.example.eyetracking              D  [androidx.camera.camera2.internal.SynchronizedCaptureSessionImpl@18495da] Session onConfigured()
2025-09-01 16:12:58.535 31601-392   CaptureSession          com.example.eyetracking              D  Attempting to send capture request onConfigured
2025-09-01 16:12:58.535 31601-392   CaptureSession          com.example.eyetracking              D  Issuing request for session.
2025-09-01 16:12:58.535 31601-392   Camera2Cap...estBuilder com.example.eyetracking              D  createCaptureRequest
2025-09-01 16:12:58.539 31601-392   CaptureSession          com.example.eyetracking              D  CameraCaptureSession.onConfigured() mState=OPENED
2025-09-01 16:12:58.539 31601-392   CaptureSession          com.example.eyetracking              D  CameraCaptureSession.onReady() OPENED
2025-09-01 16:12:58.580 31601-31601 VRI[UserDe...sActivity] com.example.eyetracking              D  visibilityChanged oldVisibility=true newVisibility=false
2025-09-01 16:12:58.589 31601-32738 HWUI                    com.example.eyetracking              D  endAllActiveAnimators on 0xb400007a7004bf40 (RippleDrawable) with handle 0xb4000079b051ffc0
2025-09-01 16:12:58.596 31601-31601 ViewRootImpl            com.example.eyetracking              D  AppSizeAfterRelayout, size: Point(1080, 2392), rotation: ROTATION_0
2025-09-01 16:12:58.641 31601-399   StreamStateObserver     com.example.eyetracking              D  Update Preview stream state to STREAMING
2025-09-01 16:12:58.643 31601-497   CalibrationActivity     com.example.eyetracking              D  CameraX frame received
2025-09-01 16:12:58.646 31601-497   nativeloader            com.example.eyetracking              D  Load /data/app/~~av6fTCxOpNb8kX784_EE3w==/com.example.eyetracking-rlqcLgCNY5lIb0PRU4oVPA==/base.apk!/lib/arm64-v8a/libimage_processing_util_jni.so using class loader ns clns-7 (caller=/data/app/~~av6fTCxOpNb8kX784_EE3w==/com.example.eyetracking-rlqcLgCNY5lIb0PRU4oVPA==/base.apk): ok
2025-09-01 16:12:58.703 31601-497   CalibrationActivity     com.example.eyetracking              D  CameraX frame received
2025-09-01 16:12:58.713 31601-379   MediaPipeEyeTracker     com.example.eyetracking              D  Face landmarks detected: 478 landmarks
2025-09-01 16:12:58.733 31601-497   CalibrationActivity     com.example.eyetracking              D  CameraX frame received
2025-09-01 16:12:58.765 31601-497   CalibrationActivity     com.example.eyetracking              D  CameraX frame received
2025-09-01 16:12:58.782 31601-377   MediaPipeEyeTracker     com.example.eyetracking              D  Face landmarks detected: 478 landmarks
2025-09-01 16:12:58.811 31601-497   CalibrationActivity     com.example.eyetracking              D  CameraX frame received
2025-09-01 16:12:58.846 31601-497   CalibrationActivity     com.example.eyetracking              D  CameraX frame received
2025-09-01 16:12:58.869 31601-381   MediaPipeEyeTracker     com.example.eyetracking              D  Face landmarks detected: 478 landmarks
2025-09-01 16:12:58.875 31601-497   CalibrationActivity     com.example.eyetracking              D  CameraX frame received
2025-09-01 16:12:58.906 31601-380   MediaPipeEyeTracker     com.example.eyetracking              D  Face landmarks detected: 478 landmarks
2025-09-01 16:12:58.914 31601-497   CalibrationActivity     com.example.eyetracking              D  CameraX frame received
2025-09-01 16:12:58.951 31601-379   MediaPipeEyeTracker     com.example.eyetracking              D  Face landmarks detected: 478 landmarks
2025-09-01 16:12:58.957 31601-497   CalibrationActivity     com.example.eyetracking              D  CameraX frame received
2025-09-01 16:12:58.993 31601-379   MediaPipeEyeTracker     com.example.eyetracking              D  Face landmarks detected: 478 landmarks
2025-09-01 16:12:58.996 31601-497   CalibrationActivity     com.example.eyetracking              D  CameraX frame received
2025-09-01 16:12:59.027 31601-380   MediaPipeEyeTracker     com.example.eyetracking              D  Face landmarks detected: 478 landmarks
2025-09-01 16:12:59.041 31601-497   CalibrationActivity     com.example.eyetracking              D  CameraX frame received
2025-09-01 16:12:59.071 31601-379   MediaPipeEyeTracker     com.example.eyetracking              D  Face landmarks detected: 478 landmarks
2025-09-01 16:12:59.093 31601-497   CalibrationActivity     com.example.eyetracking              D  CameraX frame received
2025-09-01 16:12:59.126 31601-379   MediaPipeEyeTracker     com.example.eyetracking              D  Face landmarks detected: 478 landmarks
2025-09-01 16:12:59.143 31601-497   CalibrationActivity     com.example.eyetracking              D  CameraX frame received
2025-09-01 16:12:59.179 31601-379   MediaPipeEyeTracker     com.example.eyetracking              D  Face landmarks detected: 478 landmarks
2025-09-01 16:12:59.183 31601-497   CalibrationActivity     com.example.eyetracking              D  CameraX frame received
2025-09-01 16:12:59.212 31601-382   MediaPipeEyeTracker     com.example.eyetracking              D  Face landmarks detected: 478 landmarks
2025-09-01 16:12:59.234 31601-497   CalibrationActivity     com.example.eyetracking              D  CameraX frame received
2025-09-01 16:12:59.277 31601-384   MediaPipeEyeTracker     com.example.eyetracking              D  Face landmarks detected: 478 landmarks
2025-09-01 16:12:59.299 31601-497   CalibrationActivity     com.example.eyetracking              D  CameraX frame received
2025-09-01 16:12:59.333 31601-379   MediaPipeEyeTracker     com.example.eyetracking              D  Face landmarks detected: 478 landmarks
2025-09-01 16:12:59.337 31601-497   CalibrationActivity     com.example.eyetracking              D  CameraX frame received
2025-09-01 16:12:59.368 31601-383   MediaPipeEyeTracker     com.example.eyetracking              D  Face landmarks detected: 478 landmarks
2025-09-01 16:12:59.392 31601-497   CalibrationActivity     com.example.eyetracking              D  CameraX frame received
2025-09-01 16:12:59.415 31601-31601 FinalizerDaemon         com.example.eyetracking              W  type=1400 audit(0.0:977134): avc:  denied  { getopt } for  path="/dev/socket/usap_pool_primary" scontext=u:r:untrusted_app:s0:c45,c257,c512,c768 tcontext=u:r:zygote:s0 tclass=unix_stream_socket permissive=0 app=com.example.eyetracking
2025-09-01 16:12:59.433 31601-377   MediaPipeEyeTracker     com.example.eyetracking              D  Face landmarks detected: 478 landmarks
2025-09-01 16:12:59.442 31601-497   CalibrationActivity     com.example.eyetracking              D  CameraX frame received
2025-09-01 16:12:59.471 31601-384   MediaPipeEyeTracker     com.example.eyetracking              D  Face landmarks detected: 478 landmarks
2025-09-01 16:12:59.492 31601-497   CalibrationActivity     com.example.eyetracking              D  CameraX frame received
2025-09-01 16:12:59.524 31601-377   MediaPipeEyeTracker     com.example.eyetracking              D  Face landmarks detected: 478 landmarks
2025-09-01 16:12:59.545 31601-497   CalibrationActivity     com.example.eyetracking              D  CameraX frame received
2025-09-01 16:12:59.579 31601-384   MediaPipeEyeTracker     com.example.eyetracking              D  Face landmarks detected: 478 landmarks
2025-09-01 16:12:59.584 31601-497   CalibrationActivity     com.example.eyetracking              D  CameraX frame received
2025-09-01 16:12:59.627 31601-379   MediaPipeEyeTracker     com.example.eyetracking              D  Face landmarks detected: 478 landmarks
2025-09-01 16:12:59.647 31601-497   CalibrationActivity     com.example.eyetracking              D  CameraX frame received
2025-09-01 16:12:59.678 31601-383   MediaPipeEyeTracker     com.example.eyetracking              D  Face landmarks detected: 478 landmarks
2025-09-01 16:12:59.687 31601-497   CalibrationActivity     com.example.eyetracking              D  CameraX frame received
2025-09-01 16:12:59.717 31601-383   MediaPipeEyeTracker     com.example.eyetracking              D  Face landmarks detected: 478 landmarks
2025-09-01 16:12:59.738 31601-497   CalibrationActivity     com.example.eyetracking              D  CameraX frame received
2025-09-01 16:12:59.780 31601-383   MediaPipeEyeTracker     com.example.eyetracking              D  Face landmarks detected: 478 landmarks
2025-09-01 16:12:59.791 31601-497   CalibrationActivity     com.example.eyetracking              D  CameraX frame received
2025-09-01 16:12:59.815 31601-383   MediaPipeEyeTracker     com.example.eyetracking              D  Face landmarks detected: 478 landmarks
2025-09-01 16:12:59.830 31601-497   CalibrationActivity     com.example.eyetracking              D  CameraX frame received
2025-09-01 16:12:59.853 31601-31601 CalibrationActivity     com.example.eyetracking              D  Calibration started
2025-09-01 16:12:59.864 31601-382   MediaPipeEyeTracker     com.example.eyetracking              D  Face landmarks detected: 478 landmarks
2025-09-01 16:12:59.881 31601-497   CalibrationActivity     com.example.eyetracking              D  CameraX frame received
2025-09-01 16:12:59.912 31601-384   MediaPipeEyeTracker     com.example.eyetracking              D  Face landmarks detected: 478 landmarks
2025-09-01 16:12:59.938 31601-497   CalibrationActivity     com.example.eyetracking              D  CameraX frame received
2025-09-01 16:12:59.970 31601-378   MediaPipeEyeTracker     com.example.eyetracking              D  Face landmarks detected: 478 landmarks
2025-09-01 16:12:59.987 31601-497   CalibrationActivity     com.example.eyetracking              D  CameraX frame received
2025-09-01 16:13:00.018 31601-379   MediaPipeEyeTracker     com.example.eyetracking              D  Face landmarks detected: 478 landmarks
