2025-09-01 16:33:04.222  6052-10193 DMABUFHEAPS             com.example.eyetracking              E  Unable to allocate from DMA-BUF heap: system: Invalid argument
2025-09-01 16:33:04.222  6052-10193 VivoJsonResourceManager com.example.eyetracking              E  Allocate: DmabufHeapAlloc failed with error - Invalid argument
2025-09-01 16:33:04.222  6052-10193 VivoJsonResourceManager com.example.eyetracking              W  Allocate: failed ioctl(DMA_BUF_SET_NAME): Bad file descriptor
2025-09-01 16:33:04.222  6052-10193 VivoJsonResourceManager com.example.eyetracking              D  Allocate: alloc buffer_fd:-1 success
2025-09-01 16:33:04.222  6052-10193 VivoJsonResourceManager com.example.eyetracking              E  getJsonByFullName: failed to mmap DMA buffer: Bad file descriptor
2025-09-01 16:33:04.222  6052-10193 VivoJsonResourceManager com.example.eyetracking              W  Cannot open file product/camera/jsons/StaticProjectConfig.json!
2025-09-01 16:33:04.222  6052-10193 VivoJsonResourceManager com.example.eyetracking              E  getJsonByName 69:Json File product/camera/jsons/StaticProjectConfig.json Parsed Failed!!!!!
2025-09-01 16:33:04.222  6052-10193 VivoJsonResourceManager com.example.eyetracking              E  Fail to open StaticProjectConfig.json,root is null
2025-09-01 16:33:04.222  6052-10193 VivoJsonResourceManager com.example.eyetracking              D  Using Path:product/camera/jsons to parse Json Files!
2025-09-01 16:33:04.222  6052-10193 VivoJsonResourceManager com.example.eyetracking              D  GetJsonConfigInfoSize 0
2025-09-01 16:33:04.222  6052-10193 DMABUFHEAPS             com.example.eyetracking              I  Using DMA-BUF heap named: system
2025-09-01 16:33:04.222  6052-10193 DMABUFHEAPS             com.example.eyetracking              E  Unable to allocate from DMA-BUF heap: system: Invalid argument
2025-09-01 16:33:04.222  6052-10193 VivoJsonResourceManager com.example.eyetracking              E  Allocate: DmabufHeapAlloc failed with error - Invalid argument
2025-09-01 16:33:04.222  6052-10193 VivoJsonResourceManager com.example.eyetracking              W  Allocate: failed ioctl(DMA_BUF_SET_NAME): Bad file descriptor
2025-09-01 16:33:04.222  6052-10193 VivoJsonResourceManager com.example.eyetracking              D  Allocate: alloc buffer_fd:-1 success
2025-09-01 16:33:04.222  6052-10193 VivoJsonResourceManager com.example.eyetracking              E  getJsonByFullName: failed to mmap DMA buffer: Bad file descriptor
2025-09-01 16:33:04.222  6052-10193 VivoJsonResourceManager com.example.eyetracking              W  Cannot open file product/camera/jsons/StaticProjectConfig.json!
2025-09-01 16:33:04.222  6052-10193 VivoJsonResourceManager com.example.eyetracking              E  getJsonByName 69:Json File product/camera/jsons/StaticProjectConfig.json Parsed Failed!!!!!
2025-09-01 16:33:04.222  6052-10193 VivoJsonResourceManager com.example.eyetracking              E  Fail to open StaticProjectConfig.json,root is null
2025-09-01 16:33:04.222  6052-10193 VivoJsonResourceManager com.example.eyetracking              D  Using Path:product/camera/jsons to parse Json Files!
2025-09-01 16:33:04.222  6052-10193 VivoJsonResourceManager com.example.eyetracking              D  GetJsonConfigInfoSize 0
2025-09-01 16:33:04.222  6052-10193 DMABUFHEAPS             com.example.eyetracking              I  Using DMA-BUF heap named: system
2025-09-01 16:33:04.222  6052-10193 DMABUFHEAPS             com.example.eyetracking              E  Unable to allocate from DMA-BUF heap: system: Invalid argument
2025-09-01 16:33:04.222  6052-10193 VivoJsonResourceManager com.example.eyetracking              E  Allocate: DmabufHeapAlloc failed with error - Invalid argument
2025-09-01 16:33:04.222  6052-10193 VivoJsonResourceManager com.example.eyetracking              W  Allocate: failed ioctl(DMA_BUF_SET_NAME): Bad file descriptor
2025-09-01 16:33:04.222  6052-10193 VivoJsonResourceManager com.example.eyetracking              D  Allocate: alloc buffer_fd:-1 success
2025-09-01 16:33:04.222  6052-10193 VivoJsonResourceManager com.example.eyetracking              E  getJsonByFullName: failed to mmap DMA buffer: Bad file descriptor
2025-09-01 16:33:04.222  6052-10193 VivoJsonResourceManager com.example.eyetracking              W  Cannot open file product/camera/jsons/StaticProjectConfig.json!
2025-09-01 16:33:04.222  6052-10193 VivoJsonResourceManager com.example.eyetracking              E  getJsonByName 69:Json File product/camera/jsons/StaticProjectConfig.json Parsed Failed!!!!!
2025-09-01 16:33:04.222  6052-10193 VivoJsonResourceManager com.example.eyetracking              E  Fail to open StaticProjectConfig.json,root is null
2025-09-01 16:33:04.222  6052-10193 VivoJsonResourceManager com.example.eyetracking              D  Using Path:product/camera/jsons to parse Json Files!
2025-09-01 16:33:04.222  6052-10193 VivoJsonResourceManager com.example.eyetracking              D  GetJsonConfigInfoSize 0
2025-09-01 16:33:04.222  6052-10193 DMABUFHEAPS             com.example.eyetracking              I  Using DMA-BUF heap named: system
2025-09-01 16:33:04.222  6052-10193 DMABUFHEAPS             com.example.eyetracking              E  Unable to allocate from DMA-BUF heap: system: Invalid argument
2025-09-01 16:33:04.222  6052-10193 VivoJsonResourceManager com.example.eyetracking              E  Allocate: DmabufHeapAlloc failed with error - Invalid argument
2025-09-01 16:33:04.222  6052-10193 VivoJsonResourceManager com.example.eyetracking              W  Allocate: failed ioctl(DMA_BUF_SET_NAME): Bad file descriptor
2025-09-01 16:33:04.222  6052-10193 VivoJsonResourceManager com.example.eyetracking              D  Allocate: alloc buffer_fd:-1 success
2025-09-01 16:33:04.222  6052-10193 VivoJsonResourceManager com.example.eyetracking              E  getJsonByFullName: failed to mmap DMA buffer: Bad file descriptor
2025-09-01 16:33:04.222  6052-10193 VivoJsonResourceManager com.example.eyetracking              W  Cannot open file product/camera/jsons/StaticProjectConfig.json!
2025-09-01 16:33:04.222  6052-10193 VivoJsonResourceManager com.example.eyetracking              E  getJsonByName 69:Json File product/camera/jsons/StaticProjectConfig.json Parsed Failed!!!!!
2025-09-01 16:33:04.222  6052-10193 VivoJsonResourceManager com.example.eyetracking              E  Fail to open StaticProjectConfig.json,root is null
2025-09-01 16:33:04.222  6052-10193 VivoJsonResourceManager com.example.eyetracking              D  Using Path:product/camera/jsons to parse Json Files!
2025-09-01 16:33:04.222  6052-10193 VivoJsonResourceManager com.example.eyetracking              D  GetJsonConfigInfoSize 0
2025-09-01 16:33:04.222  6052-10193 DMABUFHEAPS             com.example.eyetracking              I  Using DMA-BUF heap named: system
2025-09-01 16:33:04.222  6052-10193 DMABUFHEAPS             com.example.eyetracking              E  Unable to allocate from DMA-BUF heap: system: Invalid argument
2025-09-01 16:33:04.222  6052-10193 VivoJsonResourceManager com.example.eyetracking              E  Allocate: DmabufHeapAlloc failed with error - Invalid argument
2025-09-01 16:33:04.222  6052-10193 VivoJsonResourceManager com.example.eyetracking              W  Allocate: failed ioctl(DMA_BUF_SET_NAME): Bad file descriptor
2025-09-01 16:33:04.222  6052-10193 VivoJsonResourceManager com.example.eyetracking              D  Allocate: alloc buffer_fd:-1 success
2025-09-01 16:33:04.222  6052-10193 VivoJsonResourceManager com.example.eyetracking              E  getJsonByFullName: failed to mmap DMA buffer: Bad file descriptor
2025-09-01 16:33:04.222  6052-10193 VivoJsonResourceManager com.example.eyetracking              W  Cannot open file product/camera/jsons/StaticProjectConfig.json!
2025-09-01 16:33:04.222  6052-10193 VivoJsonResourceManager com.example.eyetracking              E  getJsonByName 69:Json File product/camera/jsons/StaticProjectConfig.json Parsed Failed!!!!!
2025-09-01 16:33:04.222  6052-10193 VivoJsonResourceManager com.example.eyetracking              E  Fail to open StaticProjectConfig.json,root is null
2025-09-01 16:33:04.223  6052-10193 VivoJsonResourceManager com.example.eyetracking              D  Using Path:product/camera/jsons to parse Json Files!
2025-09-01 16:33:04.223  6052-10193 VivoJsonResourceManager com.example.eyetracking              D  GetJsonConfigInfoSize 0
2025-09-01 16:33:04.223  6052-10193 DMABUFHEAPS             com.example.eyetracking              I  Using DMA-BUF heap named: system
2025-09-01 16:33:04.223  6052-10193 DMABUFHEAPS             com.example.eyetracking              E  Unable to allocate from DMA-BUF heap: system: Invalid argument
2025-09-01 16:33:04.223  6052-10193 VivoJsonResourceManager com.example.eyetracking              E  Allocate: DmabufHeapAlloc failed with error - Invalid argument
2025-09-01 16:33:04.223  6052-10193 VivoJsonResourceManager com.example.eyetracking              W  Allocate: failed ioctl(DMA_BUF_SET_NAME): Bad file descriptor
2025-09-01 16:33:04.223  6052-10193 VivoJsonResourceManager com.example.eyetracking              D  Allocate: alloc buffer_fd:-1 success
2025-09-01 16:33:04.223  6052-10193 VivoJsonResourceManager com.example.eyetracking              E  getJsonByFullName: failed to mmap DMA buffer: Bad file descriptor
2025-09-01 16:33:04.223  6052-10193 VivoJsonResourceManager com.example.eyetracking              W  Cannot open file product/camera/jsons/StaticProjectConfig.json!
2025-09-01 16:33:04.223  6052-10193 VivoJsonResourceManager com.example.eyetracking              E  getJsonByName 69:Json File product/camera/jsons/StaticProjectConfig.json Parsed Failed!!!!!
2025-09-01 16:33:04.223  6052-10193 VivoJsonResourceManager com.example.eyetracking              E  Fail to open StaticProjectConfig.json,root is null
2025-09-01 16:33:04.223  6052-10193 VivoJsonResourceManager com.example.eyetracking              D  Using Path:product/camera/jsons to parse Json Files!
2025-09-01 16:33:04.223  6052-10193 VivoJsonResourceManager com.example.eyetracking              D  GetJsonConfigInfoSize 0
2025-09-01 16:33:04.223  6052-10193 DMABUFHEAPS             com.example.eyetracking              I  Using DMA-BUF heap named: system
2025-09-01 16:33:04.223  6052-10193 DMABUFHEAPS             com.example.eyetracking              E  Unable to allocate from DMA-BUF heap: system: Invalid argument
2025-09-01 16:33:04.223  6052-10193 VivoJsonResourceManager com.example.eyetracking              E  Allocate: DmabufHeapAlloc failed with error - Invalid argument
2025-09-01 16:33:04.223  6052-10193 VivoJsonResourceManager com.example.eyetracking              W  Allocate: failed ioctl(DMA_BUF_SET_NAME): Bad file descriptor
2025-09-01 16:33:04.223  6052-10193 VivoJsonResourceManager com.example.eyetracking              D  Allocate: alloc buffer_fd:-1 success
2025-09-01 16:33:04.223  6052-10193 VivoJsonResourceManager com.example.eyetracking              E  getJsonByFullName: failed to mmap DMA buffer: Bad file descriptor
2025-09-01 16:33:04.223  6052-10193 VivoJsonResourceManager com.example.eyetracking              W  Cannot open file product/camera/jsons/StaticProjectConfig.json!
2025-09-01 16:33:04.223  6052-10193 VivoJsonResourceManager com.example.eyetracking              E  getJsonByName 69:Json File product/camera/jsons/StaticProjectConfig.json Parsed Failed!!!!!
2025-09-01 16:33:04.223  6052-10193 VivoJsonResourceManager com.example.eyetracking              E  Fail to open StaticProjectConfig.json,root is null
2025-09-01 16:33:04.223  6052-10193 VivoJsonResourceManager com.example.eyetracking              D  Using Path:product/camera/jsons to parse Json Files!
2025-09-01 16:33:04.223  6052-10193 VivoJsonResourceManager com.example.eyetracking              D  GetJsonConfigInfoSize 0
2025-09-01 16:33:04.223  6052-10193 DMABUFHEAPS             com.example.eyetracking              I  Using DMA-BUF heap named: system
2025-09-01 16:33:04.223  6052-10193 DMABUFHEAPS             com.example.eyetracking              E  Unable to allocate from DMA-BUF heap: system: Invalid argument
2025-09-01 16:33:04.223  6052-10193 VivoJsonResourceManager com.example.eyetracking              E  Allocate: DmabufHeapAlloc failed with error - Invalid argument
2025-09-01 16:33:04.223  6052-10193 VivoJsonResourceManager com.example.eyetracking              W  Allocate: failed ioctl(DMA_BUF_SET_NAME): Bad file descriptor
2025-09-01 16:33:04.223  6052-10193 VivoJsonResourceManager com.example.eyetracking              D  Allocate: alloc buffer_fd:-1 success
2025-09-01 16:33:04.223  6052-10193 VivoJsonResourceManager com.example.eyetracking              E  getJsonByFullName: failed to mmap DMA buffer: Bad file descriptor
2025-09-01 16:33:04.223  6052-10193 VivoJsonResourceManager com.example.eyetracking              W  Cannot open file product/camera/jsons/StaticProjectConfig.json!
2025-09-01 16:33:04.223  6052-10193 VivoJsonResourceManager com.example.eyetracking              E  getJsonByName 69:Json File product/camera/jsons/StaticProjectConfig.json Parsed Failed!!!!!
2025-09-01 16:33:04.223  6052-10193 VivoJsonResourceManager com.example.eyetracking              E  Fail to open StaticProjectConfig.json,root is null
2025-09-01 16:33:04.223  6052-10193 VivoJsonResourceManager com.example.eyetracking              D  Using Path:product/camera/jsons to parse Json Files!
2025-09-01 16:33:04.224  6052-10193 VivoJsonResourceManager com.example.eyetracking              D  GetJsonConfigInfoSize 0
2025-09-01 16:33:04.224  6052-10193 DMABUFHEAPS             com.example.eyetracking              I  Using DMA-BUF heap named: system
2025-09-01 16:33:04.224  6052-10193 DMABUFHEAPS             com.example.eyetracking              E  Unable to allocate from DMA-BUF heap: system: Invalid argument
2025-09-01 16:33:04.224  6052-10193 VivoJsonResourceManager com.example.eyetracking              E  Allocate: DmabufHeapAlloc failed with error - Invalid argument
2025-09-01 16:33:04.224  6052-10193 VivoJsonResourceManager com.example.eyetracking              W  Allocate: failed ioctl(DMA_BUF_SET_NAME): Bad file descriptor
2025-09-01 16:33:04.224  6052-10193 VivoJsonResourceManager com.example.eyetracking              D  Allocate: alloc buffer_fd:-1 success
2025-09-01 16:33:04.224  6052-10193 VivoJsonResourceManager com.example.eyetracking              E  getJsonByFullName: failed to mmap DMA buffer: Bad file descriptor
2025-09-01 16:33:04.224  6052-10193 VivoJsonResourceManager com.example.eyetracking              W  Cannot open file product/camera/jsons/StaticProjectConfig.json!
2025-09-01 16:33:04.224  6052-10193 VivoJsonResourceManager com.example.eyetracking              E  getJsonByName 69:Json File product/camera/jsons/StaticProjectConfig.json Parsed Failed!!!!!
2025-09-01 16:33:04.224  6052-10193 VivoJsonResourceManager com.example.eyetracking              E  Fail to open StaticProjectConfig.json,root is null
2025-09-01 16:33:04.224  6052-10193 VivoJsonResourceManager com.example.eyetracking              D  Using Path:product/camera/jsons to parse Json Files!
2025-09-01 16:33:04.224  6052-10193 VivoJsonResourceManager com.example.eyetracking              D  GetJsonConfigInfoSize 0
2025-09-01 16:33:04.224  6052-10193 DMABUFHEAPS             com.example.eyetracking              I  Using DMA-BUF heap named: system
2025-09-01 16:33:04.224  6052-10193 DMABUFHEAPS             com.example.eyetracking              E  Unable to allocate from DMA-BUF heap: system: Invalid argument
2025-09-01 16:33:04.224  6052-10193 VivoJsonResourceManager com.example.eyetracking              E  Allocate: DmabufHeapAlloc failed with error - Invalid argument
2025-09-01 16:33:04.224  6052-10193 VivoJsonResourceManager com.example.eyetracking              W  Allocate: failed ioctl(DMA_BUF_SET_NAME): Bad file descriptor
2025-09-01 16:33:04.224  6052-10193 VivoJsonResourceManager com.example.eyetracking              D  Allocate: alloc buffer_fd:-1 success
2025-09-01 16:33:04.224  6052-10193 VivoJsonResourceManager com.example.eyetracking              E  getJsonByFullName: failed to mmap DMA buffer: Bad file descriptor
2025-09-01 16:33:04.224  6052-10193 VivoJsonResourceManager com.example.eyetracking              W  Cannot open file product/camera/jsons/StaticProjectConfig.json!
2025-09-01 16:33:04.224  6052-10193 VivoJsonResourceManager com.example.eyetracking              E  getJsonByName 69:Json File product/camera/jsons/StaticProjectConfig.json Parsed Failed!!!!!
2025-09-01 16:33:04.224  6052-10193 VivoJsonResourceManager com.example.eyetracking              E  Fail to open StaticProjectConfig.json,root is null
2025-09-01 16:33:04.224  6052-10193 VivoJsonResourceManager com.example.eyetracking              D  Using Path:product/camera/jsons to parse Json Files!
2025-09-01 16:33:04.224  6052-10193 VivoJsonResourceManager com.example.eyetracking              D  GetJsonConfigInfoSize 0
2025-09-01 16:33:04.224  6052-10193 DMABUFHEAPS             com.example.eyetracking              I  Using DMA-BUF heap named: system
2025-09-01 16:33:04.224  6052-10193 DMABUFHEAPS             com.example.eyetracking              E  Unable to allocate from DMA-BUF heap: system: Invalid argument
2025-09-01 16:33:04.224  6052-10193 VivoJsonResourceManager com.example.eyetracking              E  Allocate: DmabufHeapAlloc failed with error - Invalid argument
2025-09-01 16:33:04.224  6052-10193 VivoJsonResourceManager com.example.eyetracking              W  Allocate: failed ioctl(DMA_BUF_SET_NAME): Bad file descriptor
2025-09-01 16:33:04.224  6052-10193 VivoJsonResourceManager com.example.eyetracking              D  Allocate: alloc buffer_fd:-1 success
2025-09-01 16:33:04.224  6052-10193 VivoJsonResourceManager com.example.eyetracking              E  getJsonByFullName: failed to mmap DMA buffer: Bad file descriptor
2025-09-01 16:33:04.224  6052-10193 VivoJsonResourceManager com.example.eyetracking              W  Cannot open file product/camera/jsons/StaticProjectConfig.json!
2025-09-01 16:33:04.224  6052-10193 VivoJsonResourceManager com.example.eyetracking              E  getJsonByName 69:Json File product/camera/jsons/StaticProjectConfig.json Parsed Failed!!!!!
2025-09-01 16:33:04.224  6052-10193 VivoJsonResourceManager com.example.eyetracking              E  Fail to open StaticProjectConfig.json,root is null
2025-09-01 16:33:04.235  6052-6052  ImeFocusController      com.example.eyetracking              V  onWindowFocus: com.android.internal.policy.DecorView{f157986 V.E...... R....... 0,0-1080,2392}[CalibrationActivity] softInputMode=STATE_UNSPECIFIED|ADJUST_PAN|IS_FORWARD_NAVIGATION
2025-09-01 16:33:04.236  6052-10193 VivoJavaJsonManager     com.example.eyetracking              D  failed to find appName:com.example.eyetracking from config key:mProtakePackages
2025-09-01 16:33:04.236  6052-10193 VivoJavaJsonManager     com.example.eyetracking              D  failed to find appName:com.example.eyetracking from config key:mProtakePackages
2025-09-01 16:33:04.239  6052-10193 VivoJavaJsonManager     com.example.eyetracking              D  failed to find appName:com.example.eyetracking from config key:mProtakePackages
2025-09-01 16:33:04.239  6052-10193 VivoJavaJsonManager     com.example.eyetracking              D  failed to find appName:com.example.eyetracking from config key:mProtakePackages
2025-09-01 16:33:04.239  6052-10193 VivoJavaJsonManager     com.example.eyetracking              D  failed to find appName:com.example.eyetracking from config key:mProtakePackages
2025-09-01 16:33:04.239  6052-10193 VivoJavaJsonManager     com.example.eyetracking              D  failed to find appName:com.example.eyetracking from config key:mProtakePackages
2025-09-01 16:33:04.239  6052-9974  VivoJavaJsonManager     com.example.eyetracking              D  failed to find appName:com.example.eyetracking from config key:mProtakePackages
2025-09-01 16:33:04.246  6052-10193 VivoJavaJsonManager     com.example.eyetracking              D  failed to find appName:com.example.eyetracking from config key:mProtakePackages
2025-09-01 16:33:04.246  6052-10193 VivoJavaJsonManager     com.example.eyetracking              D  failed to find appName:com.example.eyetracking from config key:mProtakePackages
2025-09-01 16:33:04.247  6052-10193 VivoJavaJsonManager     com.example.eyetracking              D  failed to find appName:com.example.eyetracking from config key:mProtakePackages
2025-09-01 16:33:04.247  6052-10193 VivoJavaJsonManager     com.example.eyetracking              D  failed to find appName:com.example.eyetracking from config key:mProtakePackages
2025-09-01 16:33:04.247  6052-10193 VivoJavaJsonManager     com.example.eyetracking              D  failed to find key:itsMultiCameraAlignmentCfg_productFlag
2025-09-01 16:33:04.279  6052-10193 VivoJavaJsonManager     com.example.eyetracking              D  failed to find appName:com.example.eyetracking from config key:mProtakePackages
2025-09-01 16:33:04.279  6052-10193 VivoJavaJsonManager     com.example.eyetracking              D  failed to find appName:com.example.eyetracking from config key:mProtakePackages
2025-09-01 16:33:04.279  6052-10193 VivoJavaJsonManager     com.example.eyetracking              D  failed to find appName:com.example.eyetracking from config key:mProtakePackages
2025-09-01 16:33:04.279  6052-10193 VivoJavaJsonManager     com.example.eyetracking              D  failed to find appName:com.example.eyetracking from config key:mProtakePackages
2025-09-01 16:33:04.279  6052-10193 VivoJavaJsonManager     com.example.eyetracking              D  failed to find key:itsMultiCameraAlignmentCfg_productFlag
2025-09-01 16:33:04.292  6052-10193 CameraRepository        com.example.eyetracking              D  Added camera: 0
2025-09-01 16:33:04.300  6052-10193 CameraQuirks            com.example.eyetracking              D  camera2 CameraQuirks = 
2025-09-01 16:33:04.311  6052-10193 Camera2CameraInfo       com.example.eyetracking              I  Device Level: INFO_SUPPORTED_HARDWARE_LEVEL_3
2025-09-01 16:33:04.314  6052-10193 CameraRepository        com.example.eyetracking              D  Added camera: 1
2025-09-01 16:33:04.315  6052-10193 CameraQuirks            com.example.eyetracking              D  camera2 CameraQuirks = 
2025-09-01 16:33:04.315  6052-10193 Camera2CameraInfo       com.example.eyetracking              I  Device Level: INFO_SUPPORTED_HARDWARE_LEVEL_3
2025-09-01 16:33:04.316  6052-10193 CameraValidator         com.example.eyetracking              D  Verifying camera lens facing on I2305, lensFacingInteger: null
2025-09-01 16:33:04.356  6052-6052  DynamicRangeResolver    com.example.eyetracking              D  Resolved dynamic range for use case androidx.camera.core.Preview-9cc2a5a5-54e6-4711-9f38-0f8ec8b9b07d to no compatible HDR dynamic ranges.
                                                                                                    DynamicRange@1f14e88{encoding=UNSPECIFIED, bitDepth=0}
                                                                                                    ->
                                                                                                    DynamicRange@40a7a2b{encoding=SDR, bitDepth=8}
2025-09-01 16:33:04.361  6052-6052  CameraQuirks            com.example.eyetracking              D  camera2 CameraQuirks = 
2025-09-01 16:33:04.362  6052-6052  CameraQuirks            com.example.eyetracking              D  camera2 CameraQuirks = 
2025-09-01 16:33:04.368  6052-6052  DeferrableSurface       com.example.eyetracking              D  Surface created[total_surfaces=1, used_surfaces=0](androidx.camera.core.processing.SurfaceEdge$SettableSurface@490cb34}
2025-09-01 16:33:04.370  6052-6052  DeferrableSurface       com.example.eyetracking              D  Surface created[total_surfaces=2, used_surfaces=0](androidx.camera.core.SurfaceRequest$2@40966a0}
2025-09-01 16:33:04.371  6052-6052  DeferrableSurface       com.example.eyetracking              D  New surface in use[total_surfaces=2, used_surfaces=1](androidx.camera.core.SurfaceRequest$2@40966a0}
2025-09-01 16:33:04.371  6052-6052  DeferrableSurface       com.example.eyetracking              D  use count+1, useCount=1 androidx.camera.core.SurfaceRequest$2@40966a0
2025-09-01 16:33:04.375  6052-6052  ImageReader_JNI         com.example.eyetracking              D  ImageReader_init: ctx[0xb400007aa0067b80], 640x480, HalFormat[35], maxImages[4], ndkUsage[3], consumerUsage[3]
2025-09-01 16:33:04.375  6052-6052  libc                    com.example.eyetracking              W  Access denied finding property "vendor.display.enable_optimal_refresh_rate"
2025-09-01 16:33:04.376  6052-6052  ImageReader_JNI         com.example.eyetracking              D  ImageReader_init: ctx[0xb400007aa0069cc0], 640x480, HalFormat[35], maxImages[4], ndkUsage[3], consumerUsage[3]
2025-09-01 16:33:04.376  6052-6052  libc                    com.example.eyetracking              W  Access denied finding property "vendor.display.enable_optimal_refresh_rate"
2025-09-01 16:33:04.377  6052-6052  DeferrableSurface       com.example.eyetracking              D  Surface created[total_surfaces=3, used_surfaces=1](androidx.camera.core.impl.ImmediateSurface@3650b15}
2025-09-01 16:33:04.378  6052-10193 Camera2CameraImpl       com.example.eyetracking              D  {Camera@a2b52d4[id=1]} Use case androidx.camera.core.Preview-9cc2a5a5-54e6-4711-9f38-0f8ec8b9b07d10300431 ACTIVE
2025-09-01 16:33:04.380  6052-10193 DeviceQuirks            com.example.eyetracking              D  core DeviceQuirks = SurfaceOrderQuirk
2025-09-01 16:33:04.380  6052-10193 UseCaseAttachState      com.example.eyetracking              D  Active and attached use case: [] for camera: 1
2025-09-01 16:33:04.371  6052-6052  ple.eyetracking         com.example.eyetracking              W  type=1400 audit(0.0:979312): avc:  denied  { read } for  name="u:object_r:vendor_display_prop:s0" dev="tmpfs" ino=462 scontext=u:r:untrusted_app:s0:c45,c257,c512,c768 tcontext=u:object_r:vendor_display_prop:s0 tclass=file permissive=0 app=com.example.eyetracking
2025-09-01 16:33:04.381  6052-10200 Camera2CameraImpl       com.example.eyetracking              D  {Camera@a2b52d4[id=1]} Use case androidx.camera.core.ImageAnalysis-12d59aa2-8207-42a0-9eb6-cb9d6a29b62c150111388 ACTIVE
2025-09-01 16:33:04.382  6052-10200 UseCaseAttachState      com.example.eyetracking              D  Active and attached use case: [] for camera: 1
2025-09-01 16:33:04.382  6052-10200 Camera2CameraImpl       com.example.eyetracking              D  {Camera@a2b52d4[id=1]} Use cases [androidx.camera.core.Preview-9cc2a5a5-54e6-4711-9f38-0f8ec8b9b07d10300431, androidx.camera.core.ImageAnalysis-12d59aa2-8207-42a0-9eb6-cb9d6a29b62c150111388] now ATTACHED
2025-09-01 16:33:04.382  6052-10200 Camera2CameraControlImp com.example.eyetracking              D  setActive: isActive = true
2025-09-01 16:33:04.383  6052-6052  PreviewView             com.example.eyetracking              D  Surface requested by Preview.
2025-09-01 16:33:04.383  6052-10200 UseCaseAttachState      com.example.eyetracking              D  All use case: [androidx.camera.core.Preview-9cc2a5a5-54e6-4711-9f38-0f8ec8b9b07d10300431, androidx.camera.core.ImageAnalysis-12d59aa2-8207-42a0-9eb6-cb9d6a29b62c150111388] for camera: 1
2025-09-01 16:33:04.383  6052-6052  DeviceQuirks            com.example.eyetracking              D  view DeviceQuirks = 
2025-09-01 16:33:04.384  6052-10200 UseCaseAttachState      com.example.eyetracking              D  Active and attached use case: [androidx.camera.core.Preview-9cc2a5a5-54e6-4711-9f38-0f8ec8b9b07d10300431, androidx.camera.core.ImageAnalysis-12d59aa2-8207-42a0-9eb6-cb9d6a29b62c150111388] for camera: 1
2025-09-01 16:33:04.387  6052-6052  PreviewView             com.example.eyetracking              D  Preview transformation info updated. TransformationInfo{getCropRect=Rect(0, 0 - 1632, 1224), getRotationDegrees=270, getTargetRotation=-1, hasCameraTransform=true, getSensorToBufferTransform=Matrix{[0.7083333, 0.0, -0.0][0.0, 0.7083333, -0.0][0.0, 0.0, 1.0]}, isMirroring=true}
2025-09-01 16:33:04.387  6052-6052  PreviewTransform        com.example.eyetracking              D  Transformation info set: TransformationInfo{getCropRect=Rect(0, 0 - 1632, 1224), getRotationDegrees=270, getTargetRotation=-1, hasCameraTransform=true, getSensorToBufferTransform=Matrix{[0.7083333, 0.0, -0.0][0.0, 0.7083333, -0.0][0.0, 0.0, 1.0]}, isMirroring=true} 1632x1224 true
2025-09-01 16:33:04.389  6052-10200 Camera2CameraImpl       com.example.eyetracking              D  {Camera@a2b52d4[id=1]} Resetting Capture Session
2025-09-01 16:33:04.390  6052-10200 Camera2CameraImpl       com.example.eyetracking              D  {Camera@a2b52d4[id=1]} Skipping Capture Session state check due to current camera state: INITIALIZED and previous session status: false
2025-09-01 16:33:04.390  6052-10200 Camera2CameraImpl       com.example.eyetracking              D  {Camera@a2b52d4[id=1]} Releasing session in state INITIALIZED
2025-09-01 16:33:04.390  6052-10200 Camera2CameraImpl       com.example.eyetracking              D  {Camera@a2b52d4[id=1]} Attempting to force open the camera.
2025-09-01 16:33:04.390  6052-10200 CameraStateRegistry     com.example.eyetracking              D  tryOpenCamera(Camera@a2b52d4[id=1]) [Available Cameras: 1, Already Open: false (Previous state: null)] --> SUCCESS
2025-09-01 16:33:04.391  6052-10200 CameraStateRegistry     com.example.eyetracking              D  Recalculating open cameras:
                                                                                                    Camera                                       State                 
                                                                                                    -------------------------------------------------------------------
                                                                                                    Camera@74869c5[id=0]                         UNKNOWN               
                                                                                                    Camera@a2b52d4[id=1]                         OPENING               
                                                                                                    -------------------------------------------------------------------
                                                                                                    Open count: 1 (Max allowed: 1)
2025-09-01 16:33:04.391  6052-10200 Camera2CameraImpl       com.example.eyetracking              D  {Camera@a2b52d4[id=1]} Opening camera.
2025-09-01 16:33:04.395  6052-10200 Camera2CameraImpl       com.example.eyetracking              D  {Camera@a2b52d4[id=1]} Transitioning camera internal state: INITIALIZED --> OPENING
2025-09-01 16:33:04.396  6052-10200 CameraStateMachine      com.example.eyetracking              D  New public camera state CameraState{type=OPENING, error=null} from OPENING and null
2025-09-01 16:33:04.396  6052-10200 CameraStateMachine      com.example.eyetracking              D  Publishing new public camera state CameraState{type=OPENING, error=null}
2025-09-01 16:33:04.397  6052-10200 UseCaseAttachState      com.example.eyetracking              D  All use case: [androidx.camera.core.Preview-9cc2a5a5-54e6-4711-9f38-0f8ec8b9b07d10300431, androidx.camera.core.ImageAnalysis-12d59aa2-8207-42a0-9eb6-cb9d6a29b62c150111388] for camera: 1
2025-09-01 16:33:04.401  6052-10200 VivoJavaJsonManager     com.example.eyetracking              D  failed to find appName:com.example.eyetracking from config key:mProtakePackages
2025-09-01 16:33:04.402  6052-10200 VivoJavaJsonManager     com.example.eyetracking              D  failed to find appName:com.example.eyetracking from config key:mProtakePackages
2025-09-01 16:33:04.402  6052-10200 VivoJavaJsonManager     com.example.eyetracking              D  failed to find appName:com.example.eyetracking from config key:mProtakePackages
2025-09-01 16:33:04.402  6052-10200 VivoJavaJsonManager     com.example.eyetracking              D  failed to find appName:com.example.eyetracking from config key:mProtakePackages
2025-09-01 16:33:04.402  6052-10200 VivoJavaJsonManager     com.example.eyetracking              D  failed to find key:itsMultiCameraAlignmentCfg_productFlag
2025-09-01 16:33:04.406  6052-6052  libc                    com.example.eyetracking              W  Access denied finding property "vendor.display.enable_optimal_refresh_rate"
2025-09-01 16:33:04.406  6052-6052  SurfaceViewImpl         com.example.eyetracking              D  Surface created.
2025-09-01 16:33:04.403  6052-6052  ple.eyetracking         com.example.eyetracking              W  type=1400 audit(0.0:979314): avc:  denied  { read } for  name="u:object_r:vendor_display_prop:s0" dev="tmpfs" ino=462 scontext=u:r:untrusted_app:s0:c45,c257,c512,c768 tcontext=u:object_r:vendor_display_prop:s0 tclass=file permissive=0 app=com.example.eyetracking
2025-09-01 16:33:04.407  6052-6052  SurfaceViewImpl         com.example.eyetracking              D  Surface changed. Size: 1632x1224
2025-09-01 16:33:04.411  6052-6052  SurfaceViewImpl         com.example.eyetracking              D  Surface set on Preview.
2025-09-01 16:33:04.428  6052-9861  VivoJavaJsonManager     com.example.eyetracking              D  failed to find appName:com.example.eyetracking from config key:mProtakePackages
2025-09-01 16:33:04.442  6052-10200 VivoJavaJsonManager     com.example.eyetracking              D  failed to find appName:com.example.eyetracking from config key:ForBlockBroadcast
2025-09-01 16:33:04.442  6052-10200 VivoJavaJsonManager     com.example.eyetracking              D  failed to find activity from config key:ForBlockBroadcastActivity
2025-09-01 16:33:04.442  6052-10200 VivoJavaJsonManager     com.example.eyetracking              D  failed to find activity from config key:ForBlockBroadcastActivity
2025-09-01 16:33:04.442  6052-10200 VivoJavaJsonManager     com.example.eyetracking              D  failed to find activity from config key:ForBlockBroadcastActivity
2025-09-01 16:33:04.443  6052-10200 VivoCameraUtils         com.example.eyetracking              V  top app is: com.example.eyetracking, current app: com.example.eyetracking
2025-09-01 16:33:04.445  6052-10200 VivoJavaJsonManager     com.example.eyetracking              D  failed to find appName:com.example.eyetracking from config key:ForBlockBroadcast
2025-09-01 16:33:04.445  6052-10200 VivoJavaJsonManager     com.example.eyetracking              D  failed to find activity from config key:ForBlockBroadcastActivity
2025-09-01 16:33:04.445  6052-10200 VivoJavaJsonManager     com.example.eyetracking              D  failed to find activity from config key:ForBlockBroadcastActivity
2025-09-01 16:33:04.445  6052-10200 VivoJavaJsonManager     com.example.eyetracking              D  failed to find activity from config key:ForBlockBroadcastActivity
2025-09-01 16:33:04.447  6052-10200 Camera2CameraImpl       com.example.eyetracking              D  {Camera@a2b52d4[id=1]} Use case androidx.camera.core.Preview-9cc2a5a5-54e6-4711-9f38-0f8ec8b9b07d10300431 ACTIVE
2025-09-01 16:33:04.447  6052-10200 UseCaseAttachState      com.example.eyetracking              D  Active and attached use case: [androidx.camera.core.Preview-9cc2a5a5-54e6-4711-9f38-0f8ec8b9b07d10300431, androidx.camera.core.ImageAnalysis-12d59aa2-8207-42a0-9eb6-cb9d6a29b62c150111388] for camera: 1
2025-09-01 16:33:04.448  6052-10200 Camera2CameraImpl       com.example.eyetracking              D  {Camera@a2b52d4[id=1]} Use case androidx.camera.core.ImageAnalysis-12d59aa2-8207-42a0-9eb6-cb9d6a29b62c150111388 ACTIVE
2025-09-01 16:33:04.449  6052-10200 UseCaseAttachState      com.example.eyetracking              D  Active and attached use case: [androidx.camera.core.Preview-9cc2a5a5-54e6-4711-9f38-0f8ec8b9b07d10300431, androidx.camera.core.ImageAnalysis-12d59aa2-8207-42a0-9eb6-cb9d6a29b62c150111388] for camera: 1
2025-09-01 16:33:04.450  6052-10200 UseCaseAttachState      com.example.eyetracking              D  Active and attached use case: [androidx.camera.core.Preview-9cc2a5a5-54e6-4711-9f38-0f8ec8b9b07d10300431, androidx.camera.core.ImageAnalysis-12d59aa2-8207-42a0-9eb6-cb9d6a29b62c150111388] for camera: 1
2025-09-01 16:33:04.455  6052-10193 Camera2CameraImpl       com.example.eyetracking              D  {Camera@a2b52d4[id=1]} CameraDevice.onOpened()
2025-09-01 16:33:04.455  6052-10193 Camera2CameraImpl       com.example.eyetracking              D  {Camera@a2b52d4[id=1]} Transitioning camera internal state: OPENING --> OPENED
2025-09-01 16:33:04.455  6052-10193 CameraStateRegistry     com.example.eyetracking              D  Recalculating open cameras:
                                                                                                    Camera                                       State                 
                                                                                                    -------------------------------------------------------------------
                                                                                                    Camera@74869c5[id=0]                         UNKNOWN               
                                                                                                    Camera@a2b52d4[id=1]                         OPEN                  
                                                                                                    -------------------------------------------------------------------
                                                                                                    Open count: 1 (Max allowed: 1)
2025-09-01 16:33:04.455  6052-10193 CameraStateMachine      com.example.eyetracking              D  New public camera state CameraState{type=OPEN, error=null} from OPEN and null
2025-09-01 16:33:04.455  6052-10193 CameraStateMachine      com.example.eyetracking              D  Publishing new public camera state CameraState{type=OPEN, error=null}
2025-09-01 16:33:04.456  6052-10193 UseCaseAttachState      com.example.eyetracking              D  All use case: [androidx.camera.core.Preview-9cc2a5a5-54e6-4711-9f38-0f8ec8b9b07d10300431, androidx.camera.core.ImageAnalysis-12d59aa2-8207-42a0-9eb6-cb9d6a29b62c150111388] for camera: 1
2025-09-01 16:33:04.458  6052-10193 SyncCaptureSessionBase  com.example.eyetracking              D  [androidx.camera.camera2.internal.SynchronizedCaptureSessionImpl@4bd5456] getSurface done with results: [Surface(name=null mNativeObject=-5476376622359121536)/@0xd56b0e8, Surface(name=null mNativeObject=-5476376622359104096)/@0xdbade71]
2025-09-01 16:33:04.458  6052-10193 CaptureSession          com.example.eyetracking              D  Opening capture session.
2025-09-01 16:33:04.460  6052-10193 Camera2Cap...estBuilder com.example.eyetracking              D  template type = 1
2025-09-01 16:33:04.461  6052-10193 SyncCaptureSessionImpl  com.example.eyetracking              D  [androidx.camera.camera2.internal.SynchronizedCaptureSessionImpl@4bd5456] start openCaptureSession
2025-09-01 16:33:04.462  6052-10193 DeferrableSurface       com.example.eyetracking              D  use count+1, useCount=2 androidx.camera.core.SurfaceRequest$2@40966a0
2025-09-01 16:33:04.462  6052-10193 DeferrableSurface       com.example.eyetracking              D  New surface in use[total_surfaces=3, used_surfaces=2](androidx.camera.core.impl.ImmediateSurface@3650b15}
2025-09-01 16:33:04.462  6052-10193 DeferrableSurface       com.example.eyetracking              D  use count+1, useCount=1 androidx.camera.core.impl.ImmediateSurface@3650b15
2025-09-01 16:33:04.462  6052-10193 VivoJavaJsonManager     com.example.eyetracking              D  failed to find appName:com.example.eyetracking from config key:mOEMPackages
2025-09-01 16:33:04.573  6052-10193 VivoJavaJsonManager     com.example.eyetracking              D  failed to find appName:com.example.eyetracking from config key:VivoCameraConfig
2025-09-01 16:33:04.575  6052-10193 SyncCaptureSessionImpl  com.example.eyetracking              D  [androidx.camera.camera2.internal.SynchronizedCaptureSessionImpl@4bd5456] Session onConfigured()
2025-09-01 16:33:04.575  6052-10193 CaptureSession          com.example.eyetracking              D  Attempting to send capture request onConfigured
2025-09-01 16:33:04.575  6052-10193 CaptureSession          com.example.eyetracking              D  Issuing request for session.
2025-09-01 16:33:04.575  6052-10193 Camera2Cap...estBuilder com.example.eyetracking              D  createCaptureRequest
2025-09-01 16:33:04.579  6052-10193 CaptureSession          com.example.eyetracking              D  CameraCaptureSession.onConfigured() mState=OPENED
2025-09-01 16:33:04.579  6052-10193 CaptureSession          com.example.eyetracking              D  CameraCaptureSession.onReady() OPENED
2025-09-01 16:33:04.588  6052-6052  VRI[UserDe...sActivity] com.example.eyetracking              D  visibilityChanged oldVisibility=true newVisibility=false
2025-09-01 16:33:04.603  6052-6052  ViewRootImpl            com.example.eyetracking              D  AppSizeAfterRelayout, size: Point(1080, 2392), rotation: ROTATION_0
2025-09-01 16:33:04.729  6052-10200 StreamStateObserver     com.example.eyetracking              D  Update Preview stream state to STREAMING
2025-09-01 16:33:04.739  6052-10281 CalibrationActivity     com.example.eyetracking              D  CameraX frame received
2025-09-01 16:33:04.742  6052-10281 nativeloader            com.example.eyetracking              D  Load /data/app/~~av6fTCxOpNb8kX784_EE3w==/com.example.eyetracking-rlqcLgCNY5lIb0PRU4oVPA==/base.apk!/lib/arm64-v8a/libimage_processing_util_jni.so using class loader ns clns-7 (caller=/data/app/~~av6fTCxOpNb8kX784_EE3w==/com.example.eyetracking-rlqcLgCNY5lIb0PRU4oVPA==/base.apk): ok
2025-09-01 16:33:04.796  6052-10183 MediaPipeEyeTracker     com.example.eyetracking              D  Face landmarks detected: 478 landmarks
2025-09-01 16:33:04.798  6052-10281 CalibrationActivity     com.example.eyetracking              D  CameraX frame received
2025-09-01 16:33:04.828  6052-10281 CalibrationActivity     com.example.eyetracking              D  CameraX frame received
2025-09-01 16:33:04.837  6052-10183 MediaPipeEyeTracker     com.example.eyetracking              D  Face landmarks detected: 478 landmarks
2025-09-01 16:33:04.856  6052-10281 CalibrationActivity     com.example.eyetracking              D  CameraX frame received
2025-09-01 16:33:04.887  6052-10281 CalibrationActivity     com.example.eyetracking              D  CameraX frame received
2025-09-01 16:33:04.899  6052-10180 MediaPipeEyeTracker     com.example.eyetracking              D  Face landmarks detected: 478 landmarks
2025-09-01 16:33:04.921  6052-10281 CalibrationActivity     com.example.eyetracking              D  CameraX frame received
2025-09-01 16:33:04.956  6052-10185 MediaPipeEyeTracker     com.example.eyetracking              D  Face landmarks detected: 478 landmarks
2025-09-01 16:33:04.966  6052-10281 CalibrationActivity     com.example.eyetracking              D  CameraX frame received
2025-09-01 16:33:04.997  6052-10182 MediaPipeEyeTracker     com.example.eyetracking              D  Face landmarks detected: 478 landmarks
2025-09-01 16:33:05.003  6052-10281 CalibrationActivity     com.example.eyetracking              D  CameraX frame received
2025-09-01 16:33:05.033  6052-10180 MediaPipeEyeTracker     com.example.eyetracking              D  Face landmarks detected: 478 landmarks
2025-09-01 16:33:05.046  6052-10281 CalibrationActivity     com.example.eyetracking              D  CameraX frame received
2025-09-01 16:33:05.076  6052-10187 MediaPipeEyeTracker     com.example.eyetracking              D  Face landmarks detected: 478 landmarks
2025-09-01 16:33:05.100  6052-10281 CalibrationActivity     com.example.eyetracking              D  CameraX frame received
2025-09-01 16:33:05.143  6052-10185 MediaPipeEyeTracker     com.example.eyetracking              D  Face landmarks detected: 478 landmarks
2025-09-01 16:33:05.151  6052-10281 CalibrationActivity     com.example.eyetracking              D  CameraX frame received
2025-09-01 16:33:05.184  6052-10180 MediaPipeEyeTracker     com.example.eyetracking              D  Face landmarks detected: 478 landmarks
2025-09-01 16:33:05.191  6052-10281 CalibrationActivity     com.example.eyetracking              D  CameraX frame received
2025-09-01 16:33:05.222  6052-10182 MediaPipeEyeTracker     com.example.eyetracking              D  Face landmarks detected: 478 landmarks
2025-09-01 16:33:05.249  6052-10281 CalibrationActivity     com.example.eyetracking              D  CameraX frame received
2025-09-01 16:33:05.291  6052-10182 MediaPipeEyeTracker     com.example.eyetracking              D  Face landmarks detected: 478 landmarks
2025-09-01 16:33:05.300  6052-10281 CalibrationActivity     com.example.eyetracking              D  CameraX frame received
2025-09-01 16:33:05.326  6052-10180 MediaPipeEyeTracker     com.example.eyetracking              D  Face landmarks detected: 478 landmarks
2025-09-01 16:33:05.350  6052-10281 CalibrationActivity     com.example.eyetracking              D  CameraX frame received
2025-09-01 16:33:05.396  6052-10181 MediaPipeEyeTracker     com.example.eyetracking              D  Face landmarks detected: 478 landmarks
2025-09-01 16:33:05.400  6052-10281 CalibrationActivity     com.example.eyetracking              D  CameraX frame received
2025-09-01 16:33:05.430  6052-10182 MediaPipeEyeTracker     com.example.eyetracking              D  Face landmarks detected: 478 landmarks
2025-09-01 16:33:05.438  6052-10281 CalibrationActivity     com.example.eyetracking              D  CameraX frame received
2025-09-01 16:33:05.466  6052-10181 MediaPipeEyeTracker     com.example.eyetracking              D  Face landmarks detected: 478 landmarks
2025-09-01 16:33:05.491  6052-10281 CalibrationActivity     com.example.eyetracking              D  CameraX frame received
2025-09-01 16:33:05.525  6052-10184 MediaPipeEyeTracker     com.example.eyetracking              D  Face landmarks detected: 478 landmarks
2025-09-01 16:33:05.544  6052-10281 CalibrationActivity     com.example.eyetracking              D  CameraX frame received
2025-09-01 16:33:05.574  6052-10182 MediaPipeEyeTracker     com.example.eyetracking              D  Face landmarks detected: 478 landmarks
2025-09-01 16:33:05.595  6052-10281 CalibrationActivity     com.example.eyetracking              D  CameraX frame received
2025-09-01 16:33:05.628  6052-10182 MediaPipeEyeTracker     com.example.eyetracking              D  Face landmarks detected: 478 landmarks
2025-09-01 16:33:05.643  6052-10281 CalibrationActivity     com.example.eyetracking              D  CameraX frame received
2025-09-01 16:33:05.685  6052-10182 MediaPipeEyeTracker     com.example.eyetracking              D  Face landmarks detected: 478 landmarks
2025-09-01 16:33:05.696  6052-10281 CalibrationActivity     com.example.eyetracking              D  CameraX frame received
2025-09-01 16:33:05.733  6052-10181 MediaPipeEyeTracker     com.example.eyetracking              D  Face landmarks detected: 478 landmarks
2025-09-01 16:33:05.739  6052-10281 CalibrationActivity     com.example.eyetracking              D  CameraX frame received
2025-09-01 16:33:05.787  6052-10180 MediaPipeEyeTracker     com.example.eyetracking              D  Face landmarks detected: 478 landmarks
2025-09-01 16:33:05.793  6052-10281 CalibrationActivity     com.example.eyetracking              D  CameraX frame received
2025-09-01 16:33:05.823  6052-10185 MediaPipeEyeTracker     com.example.eyetracking              D  Face landmarks detected: 478 landmarks
2025-09-01 16:33:05.841  6052-10281 CalibrationActivity     com.example.eyetracking              D  CameraX frame received
2025-09-01 16:33:05.870  6052-10184 MediaPipeEyeTracker     com.example.eyetracking              D  Face landmarks detected: 478 landmarks
2025-09-01 16:33:05.897  6052-10281 CalibrationActivity     com.example.eyetracking              D  CameraX frame received
2025-09-01 16:33:05.940  6052-10181 MediaPipeEyeTracker     com.example.eyetracking              D  Face landmarks detected: 478 landmarks
2025-09-01 16:33:05.944  6052-10281 CalibrationActivity     com.example.eyetracking              D  CameraX frame received
2025-09-01 16:33:05.969  6052-10184 MediaPipeEyeTracker     com.example.eyetracking              D  Face landmarks detected: 478 landmarks
2025-09-01 16:33:05.993  6052-10281 CalibrationActivity     com.example.eyetracking              D  CameraX frame received
2025-09-01 16:33:06.023  6052-10187 MediaPipeEyeTracker     com.example.eyetracking              D  Face landmarks detected: 478 landmarks
2025-09-01 16:33:06.047  6052-10281 CalibrationActivity     com.example.eyetracking              D  CameraX frame received
2025-09-01 16:33:06.083  6052-10182 MediaPipeEyeTracker     com.example.eyetracking              D  Face landmarks detected: 478 landmarks
2025-09-01 16:33:06.096  6052-10281 CalibrationActivity     com.example.eyetracking              D  CameraX frame received
2025-09-01 16:33:06.140  6052-10181 MediaPipeEyeTracker     com.example.eyetracking              D  Face landmarks detected: 478 landmarks
2025-09-01 16:33:06.146  6052-10281 CalibrationActivity     com.example.eyetracking              D  CameraX frame received
2025-09-01 16:33:06.175  6052-10184 MediaPipeEyeTracker     com.example.eyetracking              D  Face landmarks detected: 478 landmarks
2025-09-01 16:33:06.200  6052-10281 CalibrationActivity     com.example.eyetracking              D  CameraX frame received
2025-09-01 16:33:06.240  6052-10186 MediaPipeEyeTracker     com.example.eyetracking              D  Face landmarks detected: 478 landmarks
