2025-09-01 16:13:09.643 31601-497   CalibrationActivity     com.example.eyetracking              D  CameraX frame received
2025-09-01 16:13:09.673 31601-383   MediaPipeEyeTracker     com.example.eyetracking              D  Face landmarks detected: 478 landmarks
2025-09-01 16:13:09.693 31601-497   CalibrationActivity     com.example.eyetracking              D  CameraX frame received
2025-09-01 16:13:09.719 31601-384   MediaPipeEyeTracker     com.example.eyetracking              D  Face landmarks detected: 478 landmarks
2025-09-01 16:13:09.744 31601-497   CalibrationActivity     com.example.eyetracking              D  CameraX frame received
2025-09-01 16:13:09.767 31601-384   MediaPipeEyeTracker     com.example.eyetracking              D  Face landmarks detected: 478 landmarks
2025-09-01 16:13:09.793 31601-497   CalibrationActivity     com.example.eyetracking              D  CameraX frame received
2025-09-01 16:13:09.834 31601-379   MediaPipeEyeTracker     com.example.eyetracking              D  Face landmarks detected: 478 landmarks
2025-09-01 16:13:09.844 31601-497   CalibrationActivity     com.example.eyetracking              D  CameraX frame received
2025-09-01 16:13:09.880 31601-380   MediaPipeEyeTracker     com.example.eyetracking              D  Face landmarks detected: 478 landmarks
2025-09-01 16:13:09.905 31601-497   CalibrationActivity     com.example.eyetracking              D  CameraX frame received
2025-09-01 16:13:09.942 31601-379   MediaPipeEyeTracker     com.example.eyetracking              D  Face landmarks detected: 478 landmarks
2025-09-01 16:13:09.949 31601-497   CalibrationActivity     com.example.eyetracking              D  CameraX frame received
2025-09-01 16:13:09.980 31601-384   MediaPipeEyeTracker     com.example.eyetracking              D  Face landmarks detected: 478 landmarks
2025-09-01 16:13:09.999 31601-497   CalibrationActivity     com.example.eyetracking              D  CameraX frame received
2025-09-01 16:13:10.025 31601-378   MediaPipeEyeTracker     com.example.eyetracking              D  Face landmarks detected: 478 landmarks
2025-09-01 16:13:10.049 31601-497   CalibrationActivity     com.example.eyetracking              D  CameraX frame received
2025-09-01 16:13:10.079 31601-377   MediaPipeEyeTracker     com.example.eyetracking              D  Face landmarks detected: 478 landmarks
2025-09-01 16:13:10.093 31601-497   CalibrationActivity     com.example.eyetracking              D  CameraX frame received
2025-09-01 16:13:10.115 31601-31601 CalibrationActivity     com.example.eyetracking              D  Calibration stopped
2025-09-01 16:13:10.139 31601-379   MediaPipeEyeTracker     com.example.eyetracking              D  Face landmarks detected: 478 landmarks
2025-09-01 16:13:10.145 31601-497   CalibrationActivity     com.example.eyetracking              D  CameraX frame received
2025-09-01 16:13:10.177 31601-380   MediaPipeEyeTracker     com.example.eyetracking              D  Face landmarks detected: 478 landmarks
2025-09-01 16:13:10.195 31601-497   CalibrationActivity     com.example.eyetracking              D  CameraX frame received
2025-09-01 16:13:10.221 31601-384   MediaPipeEyeTracker     com.example.eyetracking              D  Face landmarks detected: 478 landmarks
2025-09-01 16:13:10.249 31601-497   CalibrationActivity     com.example.eyetracking              D  CameraX frame received
2025-09-01 16:13:10.297 31601-497   CalibrationActivity     com.example.eyetracking              D  CameraX frame received
2025-09-01 16:13:10.300 31601-377   MediaPipeEyeTracker     com.example.eyetracking              D  Face landmarks detected: 478 landmarks
2025-09-01 16:13:10.347 31601-497   CalibrationActivity     com.example.eyetracking              D  CameraX frame received
2025-09-01 16:13:10.385 31601-380   MediaPipeEyeTracker     com.example.eyetracking              D  Face landmarks detected: 478 landmarks
2025-09-01 16:13:10.401 31601-497   CalibrationActivity     com.example.eyetracking              D  CameraX frame received
2025-09-01 16:13:10.451 31601-379   MediaPipeEyeTracker     com.example.eyetracking              D  Face landmarks detected: 478 landmarks
2025-09-01 16:13:10.456 31601-497   CalibrationActivity     com.example.eyetracking              D  CameraX frame received
2025-09-01 16:13:10.492 31601-381   MediaPipeEyeTracker     com.example.eyetracking              D  Face landmarks detected: 478 landmarks
2025-09-01 16:13:10.504 31601-497   CalibrationActivity     com.example.eyetracking              D  CameraX frame received
2025-09-01 16:13:10.531 31601-377   MediaPipeEyeTracker     com.example.eyetracking              D  Face landmarks detected: 478 landmarks
2025-09-01 16:13:10.557 31601-497   CalibrationActivity     com.example.eyetracking              D  CameraX frame received
2025-09-01 16:13:10.596 31601-497   CalibrationActivity     com.example.eyetracking              D  CameraX frame received
2025-09-01 16:13:10.611 31601-381   MediaPipeEyeTracker     com.example.eyetracking              D  Face landmarks detected: 478 landmarks
2025-09-01 16:13:10.647 31601-497   CalibrationActivity     com.example.eyetracking              D  CameraX frame received
2025-09-01 16:13:10.677 31601-382   MediaPipeEyeTracker     com.example.eyetracking              D  Face landmarks detected: 478 landmarks
2025-09-01 16:13:10.702 31601-497   CalibrationActivity     com.example.eyetracking              D  CameraX frame received
2025-09-01 16:13:10.735 31601-383   MediaPipeEyeTracker     com.example.eyetracking              D  Face landmarks detected: 478 landmarks
2025-09-01 16:13:10.753 31601-497   CalibrationActivity     com.example.eyetracking              D  CameraX frame received
2025-09-01 16:13:10.781 31601-377   MediaPipeEyeTracker     com.example.eyetracking              D  Face landmarks detected: 478 landmarks
2025-09-01 16:13:10.803 31601-497   CalibrationActivity     com.example.eyetracking              D  CameraX frame received
2025-09-01 16:13:10.828 31601-382   MediaPipeEyeTracker     com.example.eyetracking              D  Face landmarks detected: 478 landmarks
2025-09-01 16:13:10.846 31601-497   CalibrationActivity     com.example.eyetracking              D  CameraX frame received
2025-09-01 16:13:10.877 31601-378   MediaPipeEyeTracker     com.example.eyetracking              D  Face landmarks detected: 478 landmarks
2025-09-01 16:13:10.900 31601-497   CalibrationActivity     com.example.eyetracking              D  CameraX frame received
2025-09-01 16:13:10.927 31601-377   MediaPipeEyeTracker     com.example.eyetracking              D  Face landmarks detected: 478 landmarks
2025-09-01 16:13:10.960 31601-497   CalibrationActivity     com.example.eyetracking              D  CameraX frame received
2025-09-01 16:13:10.980 31601-31601 ViewRootImpl            com.example.eyetracking              D  AppSizeAfterRelayout, size: Point(1080, 2392), rotation: ROTATION_0
2025-09-01 16:13:10.979 31601-31601 ple.eyetracking         com.example.eyetracking              W  type=1400 audit(0.0:977138): avc:  denied  { read } for  name="u:object_r:vendor_display_prop:s0" dev="tmpfs" ino=462 scontext=u:r:untrusted_app:s0:c45,c257,c512,c768 tcontext=u:object_r:vendor_display_prop:s0 tclass=file permissive=0 app=com.example.eyetracking
2025-09-01 16:13:10.981 31601-31601 libc                    com.example.eyetracking              W  Access denied finding property "vendor.display.enable_optimal_refresh_rate"
2025-09-01 16:13:10.997 31601-379   MediaPipeEyeTracker     com.example.eyetracking              D  Face landmarks detected: 478 landmarks
2025-09-01 16:13:11.012 31601-497   CalibrationActivity     com.example.eyetracking              D  CameraX frame received
2025-09-01 16:13:11.036 31601-381   MediaPipeEyeTracker     com.example.eyetracking              D  Face landmarks detected: 478 landmarks
2025-09-01 16:13:11.047 31601-31601 ImeFocusController      com.example.eyetracking              V  onWindowFocus: androidx.appcompat.widget.AppCompatEditText{1e8d10c VFED..CL. .F....ID 44,308-1036,432 #7f0800be app:id/etAge aid=1073741824} softInputMode=STATE_UNSPECIFIED|ADJUST_PAN
2025-09-01 16:13:11.064 31601-497   CalibrationActivity     com.example.eyetracking              D  CameraX frame received
2025-09-01 16:13:11.111 31601-497   CalibrationActivity     com.example.eyetracking              D  CameraX frame received
2025-09-01 16:13:11.131 31601-381   MediaPipeEyeTracker     com.example.eyetracking              D  Face landmarks detected: 478 landmarks
2025-09-01 16:13:11.154 31601-497   CalibrationActivity     com.example.eyetracking              D  CameraX frame received
2025-09-01 16:13:11.195 31601-383   MediaPipeEyeTracker     com.example.eyetracking              D  Face landmarks detected: 478 landmarks
2025-09-01 16:13:11.207 31601-497   CalibrationActivity     com.example.eyetracking              D  CameraX frame received
2025-09-01 16:13:11.238 31601-377   MediaPipeEyeTracker     com.example.eyetracking              D  Face landmarks detected: 478 landmarks
2025-09-01 16:13:11.246 31601-497   CalibrationActivity     com.example.eyetracking              D  CameraX frame received
2025-09-01 16:13:11.271 31601-381   MediaPipeEyeTracker     com.example.eyetracking              D  Face landmarks detected: 478 landmarks
2025-09-01 16:13:11.280 31601-31601 VRI[Calibr...nActivity] com.example.eyetracking              D  visibilityChanged oldVisibility=true newVisibility=false
2025-09-01 16:13:11.291 31601-31601 SurfaceViewImpl         com.example.eyetracking              D  Surface destroyed.
2025-09-01 16:13:11.291 31601-31601 SurfaceViewImpl         com.example.eyetracking              D  Surface closed androidx.camera.core.SurfaceRequest@a790eed
2025-09-01 16:13:11.291 31601-31601 DeferrableSurface       com.example.eyetracking              D  surface closed,  useCount=2 closed=true androidx.camera.core.SurfaceRequest$2@65c122
2025-09-01 16:13:11.298 31601-31601 ViewRootImpl            com.example.eyetracking              D  AppSizeAfterRelayout, size: Point(1080, 2392), rotation: ROTATION_0
2025-09-01 16:13:11.308 31601-392   Camera2CameraImpl       com.example.eyetracking              D  {Camera@bf55036[id=1]} Use cases [androidx.camera.core.Preview-13cb8a61-3d9c-4b0a-990b-126e824bd2fb211612537, androidx.camera.core.ImageAnalysis-90b27f42-2f87-475c-af3f-183a19d6d151161003710] now DETACHED for camera
2025-09-01 16:13:11.308 31601-392   UseCaseAttachState      com.example.eyetracking              D  All use case: [] for camera: 1
2025-09-01 16:13:11.309 31601-392   Camera2CameraImpl       com.example.eyetracking              D  {Camera@bf55036[id=1]} Resetting Capture Session
2025-09-01 16:13:11.309 31601-31601 DeferrableSurface       com.example.eyetracking              D  surface closed,  useCount=0 closed=true androidx.camera.core.processing.SurfaceEdge$SettableSurface@c12196
2025-09-01 16:13:11.309 31601-31601 DeferrableSurface       com.example.eyetracking              D  Surface terminated[total_surfaces=2, used_surfaces=2](androidx.camera.core.processing.SurfaceEdge$SettableSurface@c12196}
2025-09-01 16:13:11.309 31601-31601 DeferrableSurface       com.example.eyetracking              D  use count-1,  useCount=1 closed=true androidx.camera.core.SurfaceRequest$2@65c122
2025-09-01 16:13:11.309 31601-32723 BufferQueueProducer     com.example.eyetracking              E  [SurfaceView[com.example.eyetracking/com.example.eyetracking.CalibrationActivity]#3(BLAST Consumer)3](id:7b7100000005,api:4,p:2332,c:31601) queueBuffer: BufferQueue has been abandoned
2025-09-01 16:13:11.309 31601-31601 DeferrableSurface       com.example.eyetracking              D  surface closed,  useCount=1 closed=true androidx.camera.core.impl.ImmediateSurface@9d2c0f
2025-09-01 16:13:11.309 31601-392   SyncCaptureSessionImpl  com.example.eyetracking              D  [androidx.camera.camera2.internal.SynchronizedCaptureSessionImpl@18495da] Session call close()
2025-09-01 16:13:11.311 31601-352   BufferQueueProducer     com.example.eyetracking              E  [SurfaceView[com.example.eyetracking/com.example.eyetracking.CalibrationActivity]#3(BLAST Consumer)3](id:7b7100000005,api:4,p:2332,c:31601) dequeueBuffer: BufferQueue has been abandoned
2025-09-01 16:13:11.311 31601-392   Camera2CameraImpl       com.example.eyetracking              D  {Camera@bf55036[id=1]} Releasing session in state OPENED
2025-09-01 16:13:11.311 31601-392   Camera2CameraControlImp com.example.eyetracking              D  setActive: isActive = false
2025-09-01 16:13:11.312 31601-392   UseCaseAttachState      com.example.eyetracking              D  Active and attached use case: [] for camera: 1
2025-09-01 16:13:11.314 31601-392   UseCaseAttachState      com.example.eyetracking              D  Active and attached use case: [] for camera: 1
2025-09-01 16:13:11.318 31601-392   VideoUsageControl       com.example.eyetracking              D  resetDirectly: mVideoUsage reset!
2025-09-01 16:13:11.318 31601-392   Camera2CameraImpl       com.example.eyetracking              D  {Camera@bf55036[id=1]} Closing camera.
2025-09-01 16:13:11.318 31601-392   Camera2CameraImpl       com.example.eyetracking              D  {Camera@bf55036[id=1]} Transitioning camera internal state: OPENED --> CLOSING
2025-09-01 16:13:11.319 31601-392   CameraStateRegistry     com.example.eyetracking              D  Recalculating open cameras:
                                                                                                    Camera                                       State                 
                                                                                                    -------------------------------------------------------------------
                                                                                                    Camera@c6cb33f[id=0]                         UNKNOWN               
                                                                                                    Camera@bf55036[id=1]                         CLOSING               
                                                                                                    -------------------------------------------------------------------
                                                                                                    Open count: 1 (Max allowed: 1)
2025-09-01 16:13:11.319 31601-392   CameraStateMachine      com.example.eyetracking              D  New public camera state CameraState{type=CLOSING, error=null} from CLOSING and null
2025-09-01 16:13:11.319 31601-392   CameraStateMachine      com.example.eyetracking              D  Publishing new public camera state CameraState{type=CLOSING, error=null}
2025-09-01 16:13:11.319 31601-392   Camera2CameraImpl       com.example.eyetracking              D  {Camera@bf55036[id=1]} Resetting Capture Session
2025-09-01 16:13:11.319 31601-392   Camera2CameraImpl       com.example.eyetracking              D  {Camera@bf55036[id=1]} Skipping Capture Session state check due to current camera state: CLOSING and previous session status: false
2025-09-01 16:13:11.319 31601-392   Camera2CameraImpl       com.example.eyetracking              D  {Camera@bf55036[id=1]} Releasing session in state CLOSING
2025-09-01 16:13:11.319 31601-392   SyncCaptureSessionImpl  com.example.eyetracking              D  [androidx.camera.camera2.internal.SynchronizedCaptureSessionImpl@18495da] Session call super.close()
2025-09-01 16:13:11.320 31601-392   UseCaseAttachState      com.example.eyetracking              D  Active and attached use case: [] for camera: 1
2025-09-01 16:13:11.320 31601-392   CaptureSession          com.example.eyetracking              D  onSessionFinished()
2025-09-01 16:13:11.320 31601-392   Camera2CameraImpl       com.example.eyetracking              D  {Camera@bf55036[id=1]} closing camera
2025-09-01 16:13:11.321 31601-392   VivoJavaJsonManager     com.example.eyetracking              D  failed to find appName:com.example.eyetracking from config key:ForBlockBroadcast
2025-09-01 16:13:11.321 31601-392   VivoJavaJsonManager     com.example.eyetracking              D  failed to find activity from config key:ForBlockBroadcastActivity
2025-09-01 16:13:11.321 31601-392   VivoJavaJsonManager     com.example.eyetracking              D  failed to find activity from config key:ForBlockBroadcastActivity
2025-09-01 16:13:11.321 31601-392   VivoJavaJsonManager     com.example.eyetracking              D  failed to find activity from config key:ForBlockBroadcastActivity
2025-09-01 16:13:11.322 31601-392   VivoCameraUtils         com.example.eyetracking              V  top app is: com.example.eyetracking, current app: com.example.eyetracking
2025-09-01 16:13:11.335 31601-31601 MediaPipeEyeTracker     com.example.eyetracking              D  MediaPipe resources released
2025-09-01 16:13:11.335 31601-31601 WindowOnBackDispatcher  com.example.eyetracking              W  sendCancelIfRunning: isInProgress=false callback=android.view.ViewRootImpl$$ExternalSyntheticLambda11@bc4d557
2025-09-01 16:13:11.336 31601-376   TransportR...EventStore com.example.eyetracking              D  Storing event with priority=DEFAULT, name=COREML_ON_DEVICE_SOLUTIONS for destination cct
2025-09-01 16:13:11.340 31601-376   TransportR...oScheduler com.example.eyetracking              D  Upload for context TransportContext(cct, DEFAULT, MSRodHRwczovL2ZpcmViYXNlbG9nZ2luZy5nb29nbGVhcGlzLmNvbS92MGNjL2xvZy9iYXRjaD9mb3JtYXQ9anNvbl9wcm90bzNc) is already scheduled. Returning...
2025-09-01 16:13:11.343 31601-394   BufferQueueProducer     com.example.eyetracking              E  [SurfaceView[com.example.eyetracking/com.example.eyetracking.CalibrationActivity]#3(BLAST Consumer)3](id:7b7100000005,api:4,p:2332,c:31601) cancelBuffer: BufferQueue has been abandoned
2025-09-01 16:13:11.346 31601-31601 StreamStateObserver     com.example.eyetracking              D  Update Preview stream state to IDLE
2025-09-01 16:13:11.353 31601-394   BufferQueueProducer     com.example.eyetracking              E  [SurfaceView[com.example.eyetracking/com.example.eyetracking.CalibrationActivity]#3(BLAST Consumer)3](id:7b7100000005,api:4,p:2332,c:31601) cancelBuffer: BufferQueue has been abandoned
2025-09-01 16:13:11.353 31601-394   BufferQueueProducer     com.example.eyetracking              E  [SurfaceView[com.example.eyetracking/com.example.eyetracking.CalibrationActivity]#3(BLAST Consumer)3](id:7b7100000005,api:4,p:2332,c:31601) cancelBuffer: BufferQueue has been abandoned
2025-09-01 16:13:11.354 31601-394   BufferQueueProducer     com.example.eyetracking              E  [SurfaceView[com.example.eyetracking/com.example.eyetracking.CalibrationActivity]#3(BLAST Consumer)3](id:7b7100000005,api:4,p:2332,c:31601) cancelBuffer: BufferQueue has been abandoned
2025-09-01 16:13:11.355 31601-394   BufferQueueProducer     com.example.eyetracking              E  [SurfaceView[com.example.eyetracking/com.example.eyetracking.CalibrationActivity]#3(BLAST Consumer)3](id:7b7100000005,api:4,p:2332,c:31601) cancelBuffer: BufferQueue has been abandoned
2025-09-01 16:13:11.461 31601-394   VivoJavaJsonManager     com.example.eyetracking              D  failed to find appName:com.example.eyetracking from config key:mProtakePackages
2025-09-01 16:13:11.462 31601-399   DeferrableSurface       com.example.eyetracking              D  use count-1,  useCount=0 closed=true androidx.camera.core.SurfaceRequest$2@65c122
2025-09-01 16:13:11.462 31601-399   DeferrableSurface       com.example.eyetracking              D  Surface no longer in use[total_surfaces=2, used_surfaces=1](androidx.camera.core.SurfaceRequest$2@65c122}
2025-09-01 16:13:11.462 31601-399   DeferrableSurface       com.example.eyetracking              D  Surface terminated[total_surfaces=1, used_surfaces=1](androidx.camera.core.SurfaceRequest$2@65c122}
2025-09-01 16:13:11.462 31601-399   DeferrableSurface       com.example.eyetracking              D  use count-1,  useCount=0 closed=true androidx.camera.core.impl.ImmediateSurface@9d2c0f
2025-09-01 16:13:11.462 31601-399   DeferrableSurface       com.example.eyetracking              D  Surface no longer in use[total_surfaces=1, used_surfaces=0](androidx.camera.core.impl.ImmediateSurface@9d2c0f}
2025-09-01 16:13:11.463 31601-399   DeferrableSurface       com.example.eyetracking              D  Surface terminated[total_surfaces=0, used_surfaces=0](androidx.camera.core.impl.ImmediateSurface@9d2c0f}
2025-09-01 16:13:11.463 31601-399   Camera2CameraImpl       com.example.eyetracking              D  {Camera@bf55036[id=1]} CameraDevice.onClosed()
2025-09-01 16:13:11.463 31601-31601 SurfaceViewImpl         com.example.eyetracking              D  Safe to release surface.
2025-09-01 16:13:11.463 31601-399   Camera2CameraImpl       com.example.eyetracking              D  {Camera@bf55036[id=1]} Transitioning camera internal state: CLOSING --> INITIALIZED
2025-09-01 16:13:11.463 31601-31601 ImageReader_JNI         com.example.eyetracking              D  ImageReader_close: ctx[0xb400007aa00767c0], 640x480, HalFormat[35]
2025-09-01 16:13:11.463 31601-399   CameraStateRegistry     com.example.eyetracking              D  Recalculating open cameras:
                                                                                                    Camera                                       State                 
                                                                                                    -------------------------------------------------------------------
                                                                                                    Camera@c6cb33f[id=0]                         UNKNOWN               
                                                                                                    Camera@bf55036[id=1]                         CLOSED                
                                                                                                    -------------------------------------------------------------------
                                                                                                    Open count: 0 (Max allowed: 1)
2025-09-01 16:13:11.463 31601-31601 ImageReader_JNI         com.example.eyetracking              D  ImageReader_close: ctx[0xb400007aa0076bb0], 640x480, HalFormat[35]
2025-09-01 16:13:11.463 31601-399   CameraStateMachine      com.example.eyetracking              D  New public camera state CameraState{type=CLOSED, error=null} from CLOSED and null
2025-09-01 16:13:11.463 31601-399   CameraStateMachine      com.example.eyetracking              D  Publishing new public camera state CameraState{type=CLOSED, error=null}
2025-09-01 16:13:11.463 31601-399   SyncCaptureSessionImpl  com.example.eyetracking              D  [androidx.camera.camera2.internal.SynchronizedCaptureSessionImpl@18495da] onClosed()
