2025-09-01 13:05:13.234 13518-15433 CalibrationActivity     com.example.eyetracking              D  CameraX frame received
2025-09-01 13:05:13.271 13518-15433 CalibrationActivity     com.example.eyetracking              D  CameraX frame received
2025-09-01 13:05:13.275 13518-15337 MediaPipeEyeTracker     com.example.eyetracking              D  Face landmarks detected: 478 landmarks
2025-09-01 13:05:13.301 13518-15433 CalibrationActivity     com.example.eyetracking              D  CameraX frame received
2025-09-01 13:05:13.338 13518-15340 MediaPipeEyeTracker     com.example.eyetracking              D  Face landmarks detected: 478 landmarks
2025-09-01 13:05:13.342 13518-15433 CalibrationActivity     com.example.eyetracking              D  CameraX frame received
2025-09-01 13:05:13.377 13518-15342 MediaPipeEyeTracker     com.example.eyetracking              D  Face landmarks detected: 478 landmarks
2025-09-01 13:05:13.378 13518-13518 ViewRootImpl            com.example.eyetracking              D  AppSizeAfterRelayout, size: Point(1080, 2392), rotation: ROTATION_0
2025-09-01 13:05:13.380 13518-13518 libc                    com.example.eyetracking              W  Access denied finding property "vendor.display.enable_optimal_refresh_rate"
2025-09-01 13:05:13.378 13518-13518 ple.eyetracking         com.example.eyetracking              W  type=1400 audit(0.0:946095): avc:  denied  { read } for  name="u:object_r:vendor_display_prop:s0" dev="tmpfs" ino=462 scontext=u:r:untrusted_app:s0:c45,c257,c512,c768 tcontext=u:object_r:vendor_display_prop:s0 tclass=file permissive=0 app=com.example.eyetracking
2025-09-01 13:05:13.395 13518-15433 CalibrationActivity     com.example.eyetracking              D  CameraX frame received
2025-09-01 13:05:13.403 13518-15433 CalibrationActivity     com.example.eyetracking              D  CameraX frame received
2025-09-01 13:05:13.426 13518-15338 MediaPipeEyeTracker     com.example.eyetracking              D  Face landmarks detected: 478 landmarks
2025-09-01 13:05:13.436 13518-13518 ImeFocusController      com.example.eyetracking              V  onWindowFocus: androidx.appcompat.widget.AppCompatEditText{1e8d10c VFED..CL. .F....ID 44,308-1036,432 #7f0800be app:id/etAge aid=1073741824} softInputMode=STATE_UNSPECIFIED|ADJUST_PAN
2025-09-01 13:05:13.448 13518-15433 CalibrationActivity     com.example.eyetracking              D  CameraX frame received
2025-09-01 13:05:13.480 13518-15341 MediaPipeEyeTracker     com.example.eyetracking              D  Face landmarks detected: 478 landmarks
2025-09-01 13:05:13.487 13518-15433 CalibrationActivity     com.example.eyetracking              D  CameraX frame received
2025-09-01 13:05:13.528 13518-15433 CalibrationActivity     com.example.eyetracking              D  CameraX frame received
2025-09-01 13:05:13.532 13518-15335 MediaPipeEyeTracker     com.example.eyetracking              D  Face landmarks detected: 478 landmarks
2025-09-01 13:05:13.546 13518-15433 CalibrationActivity     com.example.eyetracking              D  CameraX frame received
2025-09-01 13:05:13.585 13518-15433 CalibrationActivity     com.example.eyetracking              D  CameraX frame received
2025-09-01 13:05:13.593 13518-15335 MediaPipeEyeTracker     com.example.eyetracking              D  Face landmarks detected: 478 landmarks
2025-09-01 13:05:13.614 13518-15433 CalibrationActivity     com.example.eyetracking              D  CameraX frame received
2025-09-01 13:05:13.638 13518-15433 CalibrationActivity     com.example.eyetracking              D  CameraX frame received
2025-09-01 13:05:13.648 13518-15337 MediaPipeEyeTracker     com.example.eyetracking              D  Face landmarks detected: 478 landmarks
2025-09-01 13:05:13.676 13518-15433 CalibrationActivity     com.example.eyetracking              D  CameraX frame received
2025-09-01 13:05:13.687 13518-13518 VRI[Calibr...nActivity] com.example.eyetracking              D  visibilityChanged oldVisibility=true newVisibility=false
2025-09-01 13:05:13.696 13518-13518 SurfaceViewImpl         com.example.eyetracking              D  Surface destroyed.
2025-09-01 13:05:13.696 13518-13518 SurfaceViewImpl         com.example.eyetracking              D  Surface closed androidx.camera.core.SurfaceRequest@f0203a3
2025-09-01 13:05:13.697 13518-13518 DeferrableSurface       com.example.eyetracking              D  surface closed,  useCount=2 closed=true androidx.camera.core.SurfaceRequest$2@40966a0
2025-09-01 13:05:13.710 13518-15342 MediaPipeEyeTracker     com.example.eyetracking              D  Face landmarks detected: 478 landmarks
2025-09-01 13:05:13.713 13518-13518 ViewRootImpl            com.example.eyetracking              D  AppSizeAfterRelayout, size: Point(1080, 2392), rotation: ROTATION_0
2025-09-01 13:05:13.722 13518-15209 BufferQueueProducer     com.example.eyetracking              E  [SurfaceView[com.example.eyetracking/com.example.eyetracking.CalibrationActivity]#3(BLAST Consumer)3](id:34ce00000005,api:4,p:2332,c:13518) queueBuffer: BufferQueue has been abandoned
2025-09-01 13:05:13.722 13518-13518 DeferrableSurface       com.example.eyetracking              D  surface closed,  useCount=0 closed=true androidx.camera.core.processing.SurfaceEdge$SettableSurface@490cb34
2025-09-01 13:05:13.722 13518-13518 DeferrableSurface       com.example.eyetracking              D  Surface terminated[total_surfaces=2, used_surfaces=2](androidx.camera.core.processing.SurfaceEdge$SettableSurface@490cb34}
2025-09-01 13:05:13.723 13518-13518 DeferrableSurface       com.example.eyetracking              D  use count-1,  useCount=1 closed=true androidx.camera.core.SurfaceRequest$2@40966a0
2025-09-01 13:05:13.724 13518-15209 BufferQueueProducer     com.example.eyetracking              E  [SurfaceView[com.example.eyetracking/com.example.eyetracking.CalibrationActivity]#3(BLAST Consumer)3](id:34ce00000005,api:4,p:2332,c:13518) dequeueBuffer: BufferQueue has been abandoned
2025-09-01 13:05:13.725 13518-15433 CalibrationActivity     com.example.eyetracking              D  CameraX frame received
2025-09-01 13:05:13.727 13518-15348 Camera2CameraImpl       com.example.eyetracking              D  {Camera@a2b52d4[id=1]} Use cases [androidx.camera.core.Preview-313cab58-da66-4111-823a-035a58d6bdc010300431, androidx.camera.core.ImageAnalysis-a3bce72e-054b-4228-82fc-7f50bd5b992d150111388] now DETACHED for camera
2025-09-01 13:05:13.727 13518-15348 UseCaseAttachState      com.example.eyetracking              D  All use case: [] for camera: 1
2025-09-01 13:05:13.728 13518-15348 Camera2CameraImpl       com.example.eyetracking              D  {Camera@a2b52d4[id=1]} Resetting Capture Session
2025-09-01 13:05:13.728 13518-15348 SyncCaptureSessionImpl  com.example.eyetracking              D  [androidx.camera.camera2.internal.SynchronizedCaptureSessionImpl@4bd5456] Session call close()
2025-09-01 13:05:13.728 13518-13518 DeferrableSurface       com.example.eyetracking              D  surface closed,  useCount=1 closed=true androidx.camera.core.impl.ImmediateSurface@3650b15
2025-09-01 13:05:13.728 13518-15348 Camera2CameraImpl       com.example.eyetracking              D  {Camera@a2b52d4[id=1]} Releasing session in state OPENED
2025-09-01 13:05:13.728 13518-15348 Camera2CameraControlImp com.example.eyetracking              D  setActive: isActive = false
2025-09-01 13:05:13.728 13518-15348 UseCaseAttachState      com.example.eyetracking              D  Active and attached use case: [] for camera: 1
2025-09-01 13:05:13.729 13518-15348 UseCaseAttachState      com.example.eyetracking              D  Active and attached use case: [] for camera: 1
2025-09-01 13:05:13.729 13518-15348 VideoUsageControl       com.example.eyetracking              D  resetDirectly: mVideoUsage reset!
2025-09-01 13:05:13.730 13518-15348 Camera2CameraImpl       com.example.eyetracking              D  {Camera@a2b52d4[id=1]} Closing camera.
2025-09-01 13:05:13.730 13518-15348 Camera2CameraImpl       com.example.eyetracking              D  {Camera@a2b52d4[id=1]} Transitioning camera internal state: OPENED --> CLOSING
2025-09-01 13:05:13.730 13518-15348 CameraStateRegistry     com.example.eyetracking              D  Recalculating open cameras:
                                                                                                    Camera                                       State                 
                                                                                                    -------------------------------------------------------------------
                                                                                                    Camera@74869c5[id=0]                         UNKNOWN               
                                                                                                    Camera@a2b52d4[id=1]                         CLOSING               
                                                                                                    -------------------------------------------------------------------
                                                                                                    Open count: 1 (Max allowed: 1)
2025-09-01 13:05:13.730 13518-15348 CameraStateMachine      com.example.eyetracking              D  New public camera state CameraState{type=CLOSING, error=null} from CLOSING and null
2025-09-01 13:05:13.730 13518-15348 CameraStateMachine      com.example.eyetracking              D  Publishing new public camera state CameraState{type=CLOSING, error=null}
2025-09-01 13:05:13.730 13518-15348 Camera2CameraImpl       com.example.eyetracking              D  {Camera@a2b52d4[id=1]} Resetting Capture Session
2025-09-01 13:05:13.731 13518-15348 Camera2CameraImpl       com.example.eyetracking              D  {Camera@a2b52d4[id=1]} Skipping Capture Session state check due to current camera state: CLOSING and previous session status: false
2025-09-01 13:05:13.731 13518-15348 Camera2CameraImpl       com.example.eyetracking              D  {Camera@a2b52d4[id=1]} Releasing session in state CLOSING
2025-09-01 13:05:13.731 13518-15348 SyncCaptureSessionImpl  com.example.eyetracking              D  [androidx.camera.camera2.internal.SynchronizedCaptureSessionImpl@4bd5456] Session call super.close()
2025-09-01 13:05:13.732 13518-15348 UseCaseAttachState      com.example.eyetracking              D  Active and attached use case: [] for camera: 1
2025-09-01 13:05:13.732 13518-15348 CaptureSession          com.example.eyetracking              D  onSessionFinished()
2025-09-01 13:05:13.733 13518-15348 Camera2CameraImpl       com.example.eyetracking              D  {Camera@a2b52d4[id=1]} closing camera
2025-09-01 13:05:13.733 13518-15348 VivoJavaJsonManager     com.example.eyetracking              D  failed to find appName:com.example.eyetracking from config key:ForBlockBroadcast
2025-09-01 13:05:13.733 13518-15348 VivoJavaJsonManager     com.example.eyetracking              D  failed to find activity from config key:ForBlockBroadcastActivity
2025-09-01 13:05:13.733 13518-15348 VivoJavaJsonManager     com.example.eyetracking              D  failed to find activity from config key:ForBlockBroadcastActivity
2025-09-01 13:05:13.733 13518-15348 VivoJavaJsonManager     com.example.eyetracking              D  failed to find activity from config key:ForBlockBroadcastActivity
2025-09-01 13:05:13.737 13518-15348 VivoCameraUtils         com.example.eyetracking              V  top app is: com.example.eyetracking, current app: com.example.eyetracking
2025-09-01 13:05:13.754 13518-15209 BufferQueueProducer     com.example.eyetracking              E  [SurfaceView[com.example.eyetracking/com.example.eyetracking.CalibrationActivity]#3(BLAST Consumer)3](id:34ce00000005,api:4,p:2332,c:13518) queueBuffer: BufferQueue has been abandoned
2025-09-01 13:05:13.756 13518-15209 BufferQueueProducer     com.example.eyetracking              E  [SurfaceView[com.example.eyetracking/com.example.eyetracking.CalibrationActivity]#3(BLAST Consumer)3](id:34ce00000005,api:4,p:2332,c:13518) cancelBuffer: BufferQueue has been abandoned
2025-09-01 13:05:13.759 13518-15209 BufferQueueProducer     com.example.eyetracking              E  [SurfaceView[com.example.eyetracking/com.example.eyetracking.CalibrationActivity]#3(BLAST Consumer)3](id:34ce00000005,api:4,p:2332,c:13518) cancelBuffer: BufferQueue has been abandoned
2025-09-01 13:05:13.764 13518-15461 BufferQueueProducer     com.example.eyetracking              E  [SurfaceView[com.example.eyetracking/com.example.eyetracking.CalibrationActivity]#3(BLAST Consumer)3](id:34ce00000005,api:4,p:2332,c:13518) cancelBuffer: BufferQueue has been abandoned
2025-09-01 13:05:13.764 13518-15433 TaskRunner              com.example.eyetracking              E  Mediapipe error:  (Ask Gemini)
                                                                                                    com.google.mediapipe.framework.MediaPipeException: failed precondition: Graph must be running.
                                                                                                    	at com.google.mediapipe.framework.Graph.nativeMovePacketToInputStream(Native Method)
                                                                                                    	at com.google.mediapipe.framework.Graph.addConsumablePacketToInputStream(Graph.java:414)
                                                                                                    	at com.google.mediapipe.tasks.core.TaskRunner.addPackets(TaskRunner.java:222)
                                                                                                    	at com.google.mediapipe.tasks.core.TaskRunner.send(TaskRunner.java:150)
                                                                                                    	at com.google.mediapipe.tasks.vision.core.BaseVisionTaskApi.sendLiveStreamData(BaseVisionTaskApi.java:181)
                                                                                                    	at com.google.mediapipe.tasks.vision.core.BaseVisionTaskApi.sendLiveStreamData(BaseVisionTaskApi.java:163)
                                                                                                    	at com.google.mediapipe.tasks.vision.facelandmarker.FaceLandmarker.detectAsync(FaceLandmarker.java:428)
                                                                                                    	at com.google.mediapipe.tasks.vision.facelandmarker.FaceLandmarker.detectAsync(FaceLandmarker.java:398)
                                                                                                    	at com.example.eyetracking.MediaPipeEyeTracker.processFrame(MediaPipeEyeTracker.kt:117)
                                                                                                    	at com.example.eyetracking.CalibrationActivity.startCamera$lambda$6$lambda$5$lambda$4(CalibrationActivity.kt:102)
                                                                                                    	at com.example.eyetracking.CalibrationActivity.$r8$lambda$fnDpFcYdcOM54TMOFKZJHFHckxc(Unknown Source:0)
                                                                                                    	at com.example.eyetracking.CalibrationActivity$$ExternalSyntheticLambda0.analyze(D8$$SyntheticClass:0)
                                                                                                    	at androidx.camera.core.ImageAnalysis.lambda$setAnalyzer$3(ImageAnalysis.java:573)
                                                                                                    	at androidx.camera.core.ImageAnalysis$$ExternalSyntheticLambda4.analyze(D8$$SyntheticClass:0)
                                                                                                    	at androidx.camera.core.ImageAnalysisAbstractAnalyzer.lambda$analyzeImage$0$androidx-camera-core-ImageAnalysisAbstractAnalyzer(ImageAnalysisAbstractAnalyzer.java:284)
                                                                                                    	at androidx.camera.core.ImageAnalysisAbstractAnalyzer$$ExternalSyntheticLambda0.run(D8$$SyntheticClass:0)
                                                                                                    	at java.util.concurrent.ThreadPoolExecutor.runWorker(ThreadPoolExecutor.java:1156)
                                                                                                    	at java.util.concurrent.ThreadPoolExecutor$Worker.run(ThreadPoolExecutor.java:651)
                                                                                                    	at java.lang.Thread.run(Thread.java:1119)
2025-09-01 13:05:13.765 13518-15351 BufferQueueProducer     com.example.eyetracking              E  [SurfaceView[com.example.eyetracking/com.example.eyetracking.CalibrationActivity]#3(BLAST Consumer)3](id:34ce00000005,api:4,p:2332,c:13518) cancelBuffer: BufferQueue has been abandoned
2025-09-01 13:05:13.774 13518-13518 MediaPipeEyeTracker     com.example.eyetracking              D  MediaPipe resources released
2025-09-01 13:05:13.775 13518-13518 WindowOnBackDispatcher  com.example.eyetracking              W  sendCancelIfRunning: isInProgress=false callback=android.view.ViewRootImpl$$ExternalSyntheticLambda11@cdf7b9d
2025-09-01 13:05:13.776 13518-15334 TransportR...EventStore com.example.eyetracking              D  Storing event with priority=DEFAULT, name=COREML_ON_DEVICE_SOLUTIONS for destination cct
2025-09-01 13:05:13.779 13518-15334 TransportR...oScheduler com.example.eyetracking              D  Upload for context TransportContext(cct, DEFAULT, MSRodHRwczovL2ZpcmViYXNlbG9nZ2luZy5nb29nbGVhcGlzLmNvbS92MGNjL2xvZy9iYXRjaD9mb3JtYXQ9anNvbl9wcm90bzNc) is already scheduled. Returning...
2025-09-01 13:05:13.785 13518-13518 StreamStateObserver     com.example.eyetracking              D  Update Preview stream state to IDLE
2025-09-01 13:05:13.870 13518-15351 VivoJavaJsonManager     com.example.eyetracking              D  failed to find appName:com.example.eyetracking from config key:mProtakePackages
2025-09-01 13:05:13.872 13518-15356 DeferrableSurface       com.example.eyetracking              D  use count-1,  useCount=0 closed=true androidx.camera.core.SurfaceRequest$2@40966a0
2025-09-01 13:05:13.873 13518-15356 DeferrableSurface       com.example.eyetracking              D  Surface no longer in use[total_surfaces=2, used_surfaces=1](androidx.camera.core.SurfaceRequest$2@40966a0}
2025-09-01 13:05:13.873 13518-15356 DeferrableSurface       com.example.eyetracking              D  Surface terminated[total_surfaces=1, used_surfaces=1](androidx.camera.core.SurfaceRequest$2@40966a0}
2025-09-01 13:05:13.874 13518-15356 DeferrableSurface       com.example.eyetracking              D  use count-1,  useCount=0 closed=true androidx.camera.core.impl.ImmediateSurface@3650b15
2025-09-01 13:05:13.874 13518-15356 DeferrableSurface       com.example.eyetracking              D  Surface no longer in use[total_surfaces=1, used_surfaces=0](androidx.camera.core.impl.ImmediateSurface@3650b15}
2025-09-01 13:05:13.874 13518-13518 SurfaceViewImpl         com.example.eyetracking              D  Safe to release surface.
2025-09-01 13:05:13.874 13518-15356 DeferrableSurface       com.example.eyetracking              D  Surface terminated[total_surfaces=0, used_surfaces=0](androidx.camera.core.impl.ImmediateSurface@3650b15}
2025-09-01 13:05:13.874 13518-13518 ImageReader_JNI         com.example.eyetracking              D  ImageReader_close: ctx[0xb400007aa0069010], 640x480, HalFormat[35]
2025-09-01 13:05:13.875 13518-13518 ImageReader_JNI         com.example.eyetracking              D  ImageReader_close: ctx[0xb400007aa0069320], 640x480, HalFormat[35]
2025-09-01 13:05:13.875 13518-15356 Camera2CameraImpl       com.example.eyetracking              D  {Camera@a2b52d4[id=1]} CameraDevice.onClosed()
2025-09-01 13:05:13.875 13518-15356 Camera2CameraImpl       com.example.eyetracking              D  {Camera@a2b52d4[id=1]} Transitioning camera internal state: CLOSING --> INITIALIZED
2025-09-01 13:05:13.876 13518-15356 CameraStateRegistry     com.example.eyetracking              D  Recalculating open cameras:
                                                                                                    Camera                                       State                 
                                                                                                    -------------------------------------------------------------------
                                                                                                    Camera@74869c5[id=0]                         UNKNOWN               
                                                                                                    Camera@a2b52d4[id=1]                         CLOSED                
                                                                                                    -------------------------------------------------------------------
                                                                                                    Open count: 0 (Max allowed: 1)
2025-09-01 13:05:13.876 13518-15356 CameraStateMachine      com.example.eyetracking              D  New public camera state CameraState{type=CLOSED, error=null} from CLOSED and null
2025-09-01 13:05:13.876 13518-15356 CameraStateMachine      com.example.eyetracking              D  Publishing new public camera state CameraState{type=CLOSED, error=null}
2025-09-01 13:05:13.876 13518-15356 SyncCaptureSessionImpl  com.example.eyetracking              D  [androidx.camera.camera2.internal.SynchronizedCaptureSessionImpl@4bd5456] onClosed()
2025-09-01 13:05:14.016 13518-13518 ViewRootImpl            com.example.eyetracking              D  AppSizeAfterRelayout, size: Point(1080, 2392), rotation: ROTATION_0
2025-09-01 13:05:14.017 13518-13518 libc                    com.example.eyetracking              W  Access denied finding property "vendor.display.enable_optimal_refresh_rate"
2025-09-01 13:05:14.014 13518-13518 ple.eyetracking         com.example.eyetracking              W  type=1400 audit(0.0:946101): avc:  denied  { read } for  name="u:object_r:vendor_display_prop:s0" dev="tmpfs" ino=462 scontext=u:r:untrusted_app:s0:c45,c257,c512,c768 tcontext=u:object_r:vendor_display_prop:s0 tclass=file permissive=0 app=com.example.eyetracking
2025-09-01 13:05:14.066 13518-13518 ImeFocusController      com.example.eyetracking              V  onWindowFocus: com.android.internal.policy.DecorView{652f623 V.E...... R....... 0,0-1080,2392 aid=0}[MainActivity] softInputMode=STATE_UNSPECIFIED|ADJUST_PAN
2025-09-01 13:05:14.309 13518-13518 VRI[UserDe...sActivity] com.example.eyetracking              D  visibilityChanged oldVisibility=true newVisibility=false
2025-09-01 13:05:14.324 13518-13518 ViewRootImpl            com.example.eyetracking              D  AppSizeAfterRelayout, size: Point(1080, 2392), rotation: ROTATION_0
2025-09-01 13:05:14.327 13518-13518 WindowOnBackDispatcher  com.example.eyetracking              W  sendCancelIfRunning: isInProgress=false callback=android.view.ViewRootImpl$$ExternalSyntheticLambda11@cee6880
2025-09-01 13:05:56.371 13518-15334 TransportR...ortBackend com.example.eyetracking              D  Making request to: https://firebaselogging.googleapis.com/v0cc/log/batch?format=json_proto3
2025-09-01 13:05:56.852 13518-15334 TransportR...ortBackend com.example.eyetracking              I  Status Code: 200
2025-09-01 13:05:56.852 13518-15334 TransportR...ortBackend com.example.eyetracking              I  Content-Type: application/json; charset=UTF-8
2025-09-01 13:05:56.852 13518-15334 TransportR...ortBackend com.example.eyetracking              I  Content-Encoding: gzip
