---------------------------- PROCESS STARTED (31601) for package com.example.eyetracking ----------------------------
2025-09-01 16:12:49.770 31601-31601 nativeloader            com.example.eyetracking              D  Configuring clns-7 for other apk /data/app/~~av6fTCxOpNb8kX784_EE3w==/com.example.eyetracking-rlqcLgCNY5lIb0PRU4oVPA==/base.apk. target_sdk_version=35, uses_libraries=, library_path=/data/app/~~av6fTCxOpNb8kX784_EE3w==/com.example.eyetracking-rlqcLgCNY5lIb0PRU4oVPA==/lib/arm64:/data/app/~~av6fTCxOpNb8kX784_EE3w==/com.example.eyetracking-rlqcLgCNY5lIb0PRU4oVPA==/base.apk!/lib/arm64-v8a, permitted_path=/data:/mnt/expand:/data/user/0/com.example.eyetracking
2025-09-01 16:12:49.771 31601-31601 CompatChangeReporter    com.example.eyetracking              D  Compat change id reported: 202956589; UID 10301; state: ENABLED
2025-09-01 16:12:49.787 31601-31601 GraphicsEnvironment     com.example.eyetracking              V  Currently set values for:
2025-09-01 16:12:49.788 31601-31601 GraphicsEnvironment     com.example.eyetracking              V    angle_gl_driver_selection_pkgs=[com.android.angle, com.linecorp.b612.android, com.campmobile.snow, com.google.android.apps.tachyon]
2025-09-01 16:12:49.788 31601-31601 GraphicsEnvironment     com.example.eyetracking              V    angle_gl_driver_selection_values=[angle, native, native, native]
2025-09-01 16:12:49.788 31601-31601 GraphicsEnvironment     com.example.eyetracking              V  com.example.eyetracking is not listed in per-application setting
2025-09-01 16:12:49.788 31601-31601 GraphicsEnvironment     com.example.eyetracking              V  Updatable production driver is not supported on the device.
2025-09-01 16:12:49.789 31601-31601 ActivityThread          com.example.eyetracking              W  Application com.example.eyetracking is suspending. Debugger needs to resume to continue.
2025-09-01 16:12:49.790 31601-31601 System.out              com.example.eyetracking              I  Sending WAIT chunk
2025-09-01 16:12:49.790 31601-31601 System.out              com.example.eyetracking              I  Waiting for debugger first packet
2025-09-01 16:12:49.847 31601-32714 nativeloader            com.example.eyetracking              D  Load libjdwp.so using system ns (caller=<unknown>): ok
2025-09-01 16:12:49.991 31601-31601 System.out              com.example.eyetracking              I  Debug.suspendAllAndSentVmStart
2025-09-01 16:12:50.255 31601-31601 System.out              com.example.eyetracking              I  Debug.suspendAllAndSendVmStart, resumed
2025-09-01 16:12:50.270 31601-31601 CompatChangeReporter    com.example.eyetracking              D  Compat change id reported: 279646685; UID 10301; state: ENABLED
2025-09-01 16:12:50.285 31601-32738 AdrenoGLES-0            com.example.eyetracking              I  QUALCOMM build                   : 7867919300, Ibc171b9c87
                                                                                                    Build Date                       : 04/25/25
                                                                                                    OpenGL ES Shader Compiler Version: E031.41.03.62
                                                                                                    Local Branch                     : 
                                                                                                    Remote Branch                    : refs/tags/AU_LINUX_ANDROID_LA.VENDOR.13.2.0.11.00.00.856.062
                                                                                                    Remote Branch                    : NONE
                                                                                                    Reconstruct Branch               : NOTHING
2025-09-01 16:12:50.285 31601-32738 AdrenoGLES-0            com.example.eyetracking              I  Build Config                     : S P 14.1.4 AArch64
2025-09-01 16:12:50.285 31601-32738 AdrenoGLES-0            com.example.eyetracking              I  Driver Path                      : /vendor/lib64/egl/libGLESv2_adreno.so
2025-09-01 16:12:50.285 31601-32738 AdrenoGLES-0            com.example.eyetracking              I  Driver Version                   : 0676.72
2025-09-01 16:12:50.289 31601-32738 AdrenoGLES-0            com.example.eyetracking              I  PFP: 0x01200161, ME: 0x00000000
2025-09-01 16:12:50.296 31601-32738 AdrenoUtils             com.example.eyetracking              I  <ReadGpuID:407>: Reading chip ID through GSL
2025-09-01 16:12:50.308 31601-31601 AppCompatDelegate       com.example.eyetracking              D  Checking for metadata for AppLocalesMetadataHolderService : Service not found
2025-09-01 16:12:50.345 31601-31601 CompatChangeReporter    com.example.eyetracking              D  Compat change id reported: 309578419; UID 10301; state: ENABLED
2025-09-01 16:12:50.367 31601-31601 ple.eyetracking         com.example.eyetracking              I  hiddenapi: Accessing hidden method Landroid/view/ViewGroup;->makeOptionalFitsSystemWindows()V (runtime_flags=0, domain=platform, api=unsupported) from Landroidx/appcompat/widget/ViewUtils; (domain=app) using reflection: allowed
2025-09-01 16:12:50.378 31601-31601 CompatChangeReporter    com.example.eyetracking              D  Compat change id reported: 63938206; UID 10301; state: ENABLED
2025-09-01 16:12:50.418 31601-31601 CompatChangeReporter    com.example.eyetracking              D  Compat change id reported: 352594277; UID 10301; state: ENABLED
2025-09-01 16:12:50.424 31601-31601 libc                    com.example.eyetracking              W  Access denied finding property "persist.vivo.ltw.enabled"
2025-09-01 16:12:50.419 31601-31601 ple.eyetracking         com.example.eyetracking              W  type=1400 audit(0.0:977110): avc:  denied  { read } for  name="u:object_r:microsoft_ltw_prop:s0" dev="tmpfs" ino=311 scontext=u:r:untrusted_app:s0:c45,c257,c512,c768 tcontext=u:object_r:microsoft_ltw_prop:s0 tclass=file permissive=0 app=com.example.eyetracking
2025-09-01 16:12:50.464 31601-31601 ViewRootImpl            com.example.eyetracking              D  AppSizeAfterRelayout, size: Point(1080, 2392), rotation: ROTATION_0
2025-09-01 16:12:50.468 31601-31601 libc                    com.example.eyetracking              W  Access denied finding property "vendor.display.enable_optimal_refresh_rate"
2025-09-01 16:12:50.463 31601-31601 ple.eyetracking         com.example.eyetracking              W  type=1400 audit(0.0:977111): avc:  denied  { read } for  name="u:object_r:vendor_display_prop:s0" dev="tmpfs" ino=462 scontext=u:r:untrusted_app:s0:c45,c257,c512,c768 tcontext=u:object_r:vendor_display_prop:s0 tclass=file permissive=0 app=com.example.eyetracking
2025-09-01 16:12:50.540 31601-31601 ImeFocusController      com.example.eyetracking              V  onWindowFocus: com.android.internal.policy.DecorView{a63a720 V.E...... R....... 0,0-1080,2392}[MainActivity] softInputMode=STATE_UNSPECIFIED|ADJUST_PAN|IS_FORWARD_NAVIGATION
2025-09-01 16:12:50.708 31601-32715 ple.eyetracking         com.example.eyetracking              I  Compiler allocated 4343KB to compile void android.widget.TextView.<init>(android.content.Context, android.util.AttributeSet, int, int)
2025-09-01 16:12:50.888 31601-32715 ple.eyetracking         com.example.eyetracking              I  Compiler allocated 7517KB to compile void android.view.ViewRootImpl.performTraversals()
2025-09-01 16:12:51.447 31601-31601 CompatChangeReporter    com.example.eyetracking              D  Compat change id reported: 303326708; UID 10301; state: ENABLED
2025-09-01 16:12:51.511 31601-31601 ViewRootImpl            com.example.eyetracking              D  AppSizeAfterRelayout, size: Point(1080, 2392), rotation: ROTATION_0
2025-09-01 16:12:51.511 31601-31601 libc                    com.example.eyetracking              W  Access denied finding property "vendor.display.enable_optimal_refresh_rate"
2025-09-01 16:12:51.507 31601-31601 ple.eyetracking         com.example.eyetracking              W  type=1400 audit(0.0:977112): avc:  denied  { read } for  name="u:object_r:vendor_display_prop:s0" dev="tmpfs" ino=462 scontext=u:r:untrusted_app:s0:c45,c257,c512,c768 tcontext=u:object_r:vendor_display_prop:s0 tclass=file permissive=0 app=com.example.eyetracking
2025-09-01 16:12:51.561 31601-31601 ImeFocusController      com.example.eyetracking              V  onWindowFocus: com.android.internal.policy.DecorView{b1aadb2 V.E...... R......D 0,0-1080,2392}[UserDetailsActivity] softInputMode=STATE_UNSPECIFIED|ADJUST_PAN|IS_FORWARD_NAVIGATION
2025-09-01 16:12:51.914 31601-31601 VRI[MainActivity]       com.example.eyetracking              D  visibilityChanged oldVisibility=true newVisibility=false
2025-09-01 16:12:51.928 31601-31601 ViewRootImpl            com.example.eyetracking              D  AppSizeAfterRelayout, size: Point(1080, 2392), rotation: ROTATION_0
2025-09-01 16:12:53.403 31601-31601 ImeTracker              com.example.eyetracking              I  com.example.eyetracking:8b3c87d3: onRequestShow at ORIGIN_CLIENT reason SHOW_SOFT_INPUT fromUser true
2025-09-01 16:12:53.421 31601-31601 AssistStructure         com.example.eyetracking              I  Flattened final assist data: 2316 bytes, containing 1 windows, 11 views
2025-09-01 16:12:53.461 31601-31601 InsetsController        com.example.eyetracking              D  show(ime(), fromIme=true)
2025-09-01 16:12:53.475 31601-323   InteractionJankMonitor  com.example.eyetracking              W  Initializing without READ_DEVICE_CONFIG permission. enabled=false, interval=1, missedFrameThreshold=3, frameTimeThreshold=64, package=com.example.eyetracking
2025-09-01 16:12:53.693 31601-31601 ImeTracker              com.example.eyetracking              I  com.example.eyetracking:8b3c87d3: onShown
2025-09-01 16:12:56.206 31601-350   ProfileInstaller        com.example.eyetracking              D  Installing profile for com.example.eyetracking
2025-09-01 16:12:57.303 31601-31601 ImeTracker              com.example.eyetracking              I  com.example.eyetracking:57aa4f8f: onRequestHide at ORIGIN_CLIENT reason HIDE_SOFT_INPUT_FROM_VIEW fromUser false
2025-09-01 16:12:57.316 31601-31601 InsetsController        com.example.eyetracking              D  hide(ime(), fromIme=true)
2025-09-01 16:12:57.525 31601-31601 ImeTracker              com.example.eyetracking              I  com.example.eyetracking:ac1304d6: onRequestHide at ORIGIN_CLIENT reason HIDE_SOFT_INPUT_ON_ANIMATION_STATE_CHANGED fromUser false
2025-09-01 16:12:57.527 31601-31601 ImeTracker              com.example.eyetracking              I  com.example.eyetracking:57aa4f8f: onHidden
2025-09-01 16:12:57.962 31601-31601 MediaPipeEyeTracker     com.example.eyetracking              D  Model file found: face_landmarker.task
2025-09-01 16:12:58.018 31601-31601 nativeloader            com.example.eyetracking              D  Load /data/app/~~av6fTCxOpNb8kX784_EE3w==/com.example.eyetracking-rlqcLgCNY5lIb0PRU4oVPA==/base.apk!/lib/arm64-v8a/libmediapipe_tasks_vision_jni.so using class loader ns clns-7 (caller=/data/app/~~av6fTCxOpNb8kX784_EE3w==/com.example.eyetracking-rlqcLgCNY5lIb0PRU4oVPA==/base.apk!classes6.dex): ok
2025-09-01 16:12:58.060 31601-376   TransportR...oScheduler com.example.eyetracking              D  Scheduling upload for context TransportContext(cct, DEFAULT, MSRodHRwczovL2ZpcmViYXNlbG9nZ2luZy5nb29nbGVhcGlzLmNvbS92MGNjL2xvZy9iYXRjaD9mb3JtYXQ9anNvbl9wcm90bzNc) with jobId=-690542973 in 793980ms(Backend next call timestamp 1756724172040). Attempt 1
2025-09-01 16:12:58.060 31601-376   CompatChangeReporter    com.example.eyetracking              D  Compat change id reported: 311402873; UID 10301; state: ENABLED
2025-09-01 16:12:58.060 31601-376   CompatChangeReporter    com.example.eyetracking              D  Compat change id reported: 323349338; UID 10301; state: ENABLED
2025-09-01 16:12:58.112 31601-382   tflite                  com.example.eyetracking              I  Initialized TensorFlow Lite runtime.
2025-09-01 16:12:58.112 31601-382   libc                    com.example.eyetracking              W  Access denied finding property "ro.hardware.chipname"
2025-09-01 16:12:58.114 31601-382   tflite                  com.example.eyetracking              I  Created TensorFlow Lite XNNPACK delegate for CPU.
2025-09-01 16:12:58.115 31601-382   tflite                  com.example.eyetracking              I  Replacing 164 out of 164 node(s) with delegate (TfLiteXNNPackDelegate) node, yielding 1 partitions for the whole graph.
2025-09-01 16:12:58.128 31601-378   tflite                  com.example.eyetracking              I  Replacing 471 out of 471 node(s) with delegate (TfLiteXNNPackDelegate) node, yielding 1 partitions for the whole graph.
2025-09-01 16:12:58.147 31601-380   tflite                  com.example.eyetracking              I  Replacing 177 out of 182 node(s) with delegate (TfLiteXNNPackDelegate) node, yielding 8 partitions for the whole graph.
2025-09-01 16:12:58.152 31601-31601 MediaPipeEyeTracker     com.example.eyetracking              D  Face Landmarker initialized successfully
2025-09-01 16:12:58.164 31601-31601 QuirkSettingsLoader     com.example.eyetracking              D  QuirkSettings$MetadataHolderService is not found.
2025-09-01 16:12:58.164 31601-31601 CameraX                 com.example.eyetracking              D  QuirkSettings from app metadata: null
2025-09-01 16:12:58.164 31601-31601 CameraX                 com.example.eyetracking              D  QuirkSettings by default: QuirkSettings{enabledWhenDeviceHasQuirk=true, forceEnabledQuirks=[], forceDisabledQuirks=[]}
2025-09-01 16:12:58.166 31601-376   TransportR...EventStore com.example.eyetracking              D  Storing event with priority=DEFAULT, name=COREML_ON_DEVICE_SOLUTIONS for destination cct
2025-09-01 16:12:58.169 31601-31601 CalibrationActivity     com.example.eyetracking              D  CalibrationActivity initialized successfully
2025-09-01 16:12:58.170 31601-376   TransportR...oScheduler com.example.eyetracking              D  Upload for context TransportContext(cct, DEFAULT, MSRodHRwczovL2ZpcmViYXNlbG9nZ2luZy5nb29nbGVhcGlzLmNvbS92MGNjL2xvZy9iYXRjaD9mb3JtYXQ9anNvbl9wcm90bzNc) is already scheduled. Returning...
2025-09-01 16:12:58.178 31601-392   DeviceQuirks            com.example.eyetracking              D  camera2 DeviceQuirks = 
2025-09-01 16:12:58.179 31601-392   CameraManagerGlobal     com.example.eyetracking              I  Connecting to camera service
2025-09-01 16:12:58.192 31601-31601 ViewRootImpl            com.example.eyetracking              D  AppSizeAfterRelayout, size: Point(1080, 2392), rotation: ROTATION_0
2025-09-01 16:12:58.192 31601-31601 libc                    com.example.eyetracking              W  Access denied finding property "vendor.display.enable_optimal_refresh_rate"
2025-09-01 16:12:58.187 31601-31601 ple.eyetracking         com.example.eyetracking              W  type=1400 audit(0.0:977114): avc:  denied  { read } for  name="u:object_r:vendor_display_prop:s0" dev="tmpfs" ino=462 scontext=u:r:untrusted_app:s0:c45,c257,c512,c768 tcontext=u:object_r:vendor_display_prop:s0 tclass=file permissive=0 app=com.example.eyetracking
2025-09-01 16:12:58.203 31601-392   nativeloader            com.example.eyetracking              D  Load libVivoJsonResourceManager_jni.so using system ns (caller=/system/framework/framework.jar!classes2.dex): ok
2025-09-01 16:12:58.203 31601-392   ple.eyetracking         com.example.eyetracking              D  JNI_OnLoad: get JNI environment,JNI_VERSION_1_6
2025-09-01 16:12:58.203 31601-392   VivoJavaJsonManager     com.example.eyetracking              D  create() called
2025-09-01 16:12:58.203 31601-392   VivoJsonResourceManager com.example.eyetracking              D  Create
2025-09-01 16:12:58.203 31601-392   VivoJsonResourceManager com.example.eyetracking              D  Using Path:product/camera/jsons to parse Json Files!
2025-09-01 16:12:58.204 31601-392   VivoJsonResourceManager com.example.eyetracking              D  service is not null
2025-09-01 16:12:58.204 31601-392   VivoJsonResourceManager com.example.eyetracking              D  GetJsonConfigInfoSize 0
2025-09-01 16:12:58.205 31601-392   DMABUFHEAPS             com.example.eyetracking              I  Using DMA-BUF heap named: system
2025-09-01 16:12:58.205 31601-392   DMABUFHEAPS             com.example.eyetracking              E  Unable to allocate from DMA-BUF heap: system: Invalid argument
2025-09-01 16:12:58.205 31601-392   VivoJsonResourceManager com.example.eyetracking              E  Allocate: DmabufHeapAlloc failed with error - Invalid argument
2025-09-01 16:12:58.205 31601-392   VivoJsonResourceManager com.example.eyetracking              W  Allocate: failed ioctl(DMA_BUF_SET_NAME): Bad file descriptor
2025-09-01 16:12:58.205 31601-392   VivoJsonResourceManager com.example.eyetracking              D  Allocate: alloc buffer_fd:-1 success
2025-09-01 16:12:58.205 31601-392   VivoJsonResourceManager com.example.eyetracking              E  getJsonByFullName: failed to mmap DMA buffer: Bad file descriptor
2025-09-01 16:12:58.205 31601-392   VivoJsonResourceManager com.example.eyetracking              W  Cannot open file product/camera/jsons/StaticProjectConfig.json!
2025-09-01 16:12:58.205 31601-392   VivoJsonResourceManager com.example.eyetracking              E  getJsonByName 69:Json File product/camera/jsons/StaticProjectConfig.json Parsed Failed!!!!!
2025-09-01 16:12:58.205 31601-392   VivoJsonResourceManager com.example.eyetracking              E  Fail to open StaticProjectConfig.json,root is null
2025-09-01 16:12:58.205 31601-392   VivoJsonResourceManager com.example.eyetracking              D  Using Path:product/camera/jsons to parse Json Files!
2025-09-01 16:12:58.205 31601-392   VivoJsonResourceManager com.example.eyetracking              D  GetJsonConfigInfoSize 0
2025-09-01 16:12:58.205 31601-392   DMABUFHEAPS             com.example.eyetracking              I  Using DMA-BUF heap named: system
2025-09-01 16:12:58.205 31601-392   DMABUFHEAPS             com.example.eyetracking              E  Unable to allocate from DMA-BUF heap: system: Invalid argument
2025-09-01 16:12:58.205 31601-392   VivoJsonResourceManager com.example.eyetracking              E  Allocate: DmabufHeapAlloc failed with error - Invalid argument
2025-09-01 16:12:58.205 31601-392   VivoJsonResourceManager com.example.eyetracking              W  Allocate: failed ioctl(DMA_BUF_SET_NAME): Bad file descriptor
2025-09-01 16:12:58.205 31601-392   VivoJsonResourceManager com.example.eyetracking              D  Allocate: alloc buffer_fd:-1 success
2025-09-01 16:12:58.205 31601-392   VivoJsonResourceManager com.example.eyetracking              E  getJsonByFullName: failed to mmap DMA buffer: Bad file descriptor
2025-09-01 16:12:58.205 31601-392   VivoJsonResourceManager com.example.eyetracking              W  Cannot open file product/camera/jsons/StaticProjectConfig.json!
2025-09-01 16:12:58.205 31601-392   VivoJsonResourceManager com.example.eyetracking              E  getJsonByName 69:Json File product/camera/jsons/StaticProjectConfig.json Parsed Failed!!!!!
2025-09-01 16:12:58.205 31601-392   VivoJsonResourceManager com.example.eyetracking              E  Fail to open StaticProjectConfig.json,root is null
2025-09-01 16:12:58.205 31601-392   VivoJsonResourceManager com.example.eyetracking              D  Using Path:product/camera/jsons to parse Json Files!
2025-09-01 16:12:58.205 31601-392   VivoJsonResourceManager com.example.eyetracking              D  GetJsonConfigInfoSize 0
2025-09-01 16:12:58.205 31601-392   DMABUFHEAPS             com.example.eyetracking              I  Using DMA-BUF heap named: system
2025-09-01 16:12:58.205 31601-392   DMABUFHEAPS             com.example.eyetracking              E  Unable to allocate from DMA-BUF heap: system: Invalid argument
2025-09-01 16:12:58.205 31601-392   VivoJsonResourceManager com.example.eyetracking              E  Allocate: DmabufHeapAlloc failed with error - Invalid argument
2025-09-01 16:12:58.205 31601-392   VivoJsonResourceManager com.example.eyetracking              W  Allocate: failed ioctl(DMA_BUF_SET_NAME): Bad file descriptor
2025-09-01 16:12:58.205 31601-392   VivoJsonResourceManager com.example.eyetracking              D  Allocate: alloc buffer_fd:-1 success
2025-09-01 16:12:58.205 31601-392   VivoJsonResourceManager com.example.eyetracking              E  getJsonByFullName: failed to mmap DMA buffer: Bad file descriptor
2025-09-01 16:12:58.205 31601-392   VivoJsonResourceManager com.example.eyetracking              W  Cannot open file product/camera/jsons/StaticProjectConfig.json!
2025-09-01 16:12:58.205 31601-392   VivoJsonResourceManager com.example.eyetracking              E  getJsonByName 69:Json File product/camera/jsons/StaticProjectConfig.json Parsed Failed!!!!!
2025-09-01 16:12:58.205 31601-392   VivoJsonResourceManager com.example.eyetracking              E  Fail to open StaticProjectConfig.json,root is null
2025-09-01 16:12:58.205 31601-392   VivoJsonResourceManager com.example.eyetracking              D  Using Path:product/camera/jsons to parse Json Files!
2025-09-01 16:12:58.205 31601-392   VivoJsonResourceManager com.example.eyetracking              D  GetJsonConfigInfoSize 0
2025-09-01 16:12:58.205 31601-392   DMABUFHEAPS             com.example.eyetracking              I  Using DMA-BUF heap named: system
2025-09-01 16:12:58.205 31601-392   DMABUFHEAPS             com.example.eyetracking              E  Unable to allocate from DMA-BUF heap: system: Invalid argument
2025-09-01 16:12:58.205 31601-392   VivoJsonResourceManager com.example.eyetracking              E  Allocate: DmabufHeapAlloc failed with error - Invalid argument
2025-09-01 16:12:58.205 31601-392   VivoJsonResourceManager com.example.eyetracking              W  Allocate: failed ioctl(DMA_BUF_SET_NAME): Bad file descriptor
2025-09-01 16:12:58.205 31601-392   VivoJsonResourceManager com.example.eyetracking              D  Allocate: alloc buffer_fd:-1 success
2025-09-01 16:12:58.205 31601-392   VivoJsonResourceManager com.example.eyetracking              E  getJsonByFullName: failed to mmap DMA buffer: Bad file descriptor
2025-09-01 16:12:58.205 31601-392   VivoJsonResourceManager com.example.eyetracking              W  Cannot open file product/camera/jsons/StaticProjectConfig.json!
2025-09-01 16:12:58.205 31601-392   VivoJsonResourceManager com.example.eyetracking              E  getJsonByName 69:Json File product/camera/jsons/StaticProjectConfig.json Parsed Failed!!!!!
2025-09-01 16:12:58.205 31601-392   VivoJsonResourceManager com.example.eyetracking              E  Fail to open StaticProjectConfig.json,root is null
2025-09-01 16:12:58.205 31601-392   VivoJsonResourceManager com.example.eyetracking              D  Using Path:product/camera/jsons to parse Json Files!
2025-09-01 16:12:58.206 31601-392   VivoJsonResourceManager com.example.eyetracking              D  GetJsonConfigInfoSize 0
2025-09-01 16:12:58.206 31601-392   DMABUFHEAPS             com.example.eyetracking              I  Using DMA-BUF heap named: system
2025-09-01 16:12:58.206 31601-392   DMABUFHEAPS             com.example.eyetracking              E  Unable to allocate from DMA-BUF heap: system: Invalid argument
2025-09-01 16:12:58.206 31601-392   VivoJsonResourceManager com.example.eyetracking              E  Allocate: DmabufHeapAlloc failed with error - Invalid argument
2025-09-01 16:12:58.206 31601-392   VivoJsonResourceManager com.example.eyetracking              W  Allocate: failed ioctl(DMA_BUF_SET_NAME): Bad file descriptor
2025-09-01 16:12:58.206 31601-392   VivoJsonResourceManager com.example.eyetracking              D  Allocate: alloc buffer_fd:-1 success
2025-09-01 16:12:58.206 31601-392   VivoJsonResourceManager com.example.eyetracking              E  getJsonByFullName: failed to mmap DMA buffer: Bad file descriptor
2025-09-01 16:12:58.206 31601-392   VivoJsonResourceManager com.example.eyetracking              W  Cannot open file product/camera/jsons/StaticProjectConfig.json!
2025-09-01 16:12:58.206 31601-392   VivoJsonResourceManager com.example.eyetracking              E  getJsonByName 69:Json File product/camera/jsons/StaticProjectConfig.json Parsed Failed!!!!!
2025-09-01 16:12:58.206 31601-392   VivoJsonResourceManager com.example.eyetracking              E  Fail to open StaticProjectConfig.json,root is null
2025-09-01 16:12:58.206 31601-392   VivoJsonResourceManager com.example.eyetracking              D  Using Path:product/camera/jsons to parse Json Files!
2025-09-01 16:12:58.206 31601-392   VivoJsonResourceManager com.example.eyetracking              D  GetJsonConfigInfoSize 0
2025-09-01 16:12:58.206 31601-392   DMABUFHEAPS             com.example.eyetracking              I  Using DMA-BUF heap named: system
2025-09-01 16:12:58.206 31601-392   DMABUFHEAPS             com.example.eyetracking              E  Unable to allocate from DMA-BUF heap: system: Invalid argument
2025-09-01 16:12:58.206 31601-392   VivoJsonResourceManager com.example.eyetracking              E  Allocate: DmabufHeapAlloc failed with error - Invalid argument
2025-09-01 16:12:58.206 31601-392   VivoJsonResourceManager com.example.eyetracking              W  Allocate: failed ioctl(DMA_BUF_SET_NAME): Bad file descriptor
2025-09-01 16:12:58.206 31601-392   VivoJsonResourceManager com.example.eyetracking              D  Allocate: alloc buffer_fd:-1 success
2025-09-01 16:12:58.206 31601-392   VivoJsonResourceManager com.example.eyetracking              E  getJsonByFullName: failed to mmap DMA buffer: Bad file descriptor
2025-09-01 16:12:58.206 31601-392   VivoJsonResourceManager com.example.eyetracking              W  Cannot open file product/camera/jsons/StaticProjectConfig.json!
2025-09-01 16:12:58.206 31601-392   VivoJsonResourceManager com.example.eyetracking              E  getJsonByName 69:Json File product/camera/jsons/StaticProjectConfig.json Parsed Failed!!!!!
2025-09-01 16:12:58.206 31601-392   VivoJsonResourceManager com.example.eyetracking              E  Fail to open StaticProjectConfig.json,root is null
2025-09-01 16:12:58.206 31601-392   VivoJsonResourceManager com.example.eyetracking              D  Using Path:product/camera/jsons to parse Json Files!
2025-09-01 16:12:58.206 31601-392   VivoJsonResourceManager com.example.eyetracking              D  GetJsonConfigInfoSize 0
2025-09-01 16:12:58.206 31601-392   DMABUFHEAPS             com.example.eyetracking              I  Using DMA-BUF heap named: system
2025-09-01 16:12:58.206 31601-392   DMABUFHEAPS             com.example.eyetracking              E  Unable to allocate from DMA-BUF heap: system: Invalid argument
2025-09-01 16:12:58.206 31601-392   VivoJsonResourceManager com.example.eyetracking              E  Allocate: DmabufHeapAlloc failed with error - Invalid argument
2025-09-01 16:12:58.206 31601-392   VivoJsonResourceManager com.example.eyetracking              W  Allocate: failed ioctl(DMA_BUF_SET_NAME): Bad file descriptor
2025-09-01 16:12:58.206 31601-392   VivoJsonResourceManager com.example.eyetracking              D  Allocate: alloc buffer_fd:-1 success
2025-09-01 16:12:58.206 31601-392   VivoJsonResourceManager com.example.eyetracking              E  getJsonByFullName: failed to mmap DMA buffer: Bad file descriptor
2025-09-01 16:12:58.206 31601-392   VivoJsonResourceManager com.example.eyetracking              W  Cannot open file product/camera/jsons/StaticProjectConfig.json!
2025-09-01 16:12:58.206 31601-392   VivoJsonResourceManager com.example.eyetracking              E  getJsonByName 69:Json File product/camera/jsons/StaticProjectConfig.json Parsed Failed!!!!!
2025-09-01 16:12:58.206 31601-392   VivoJsonResourceManager com.example.eyetracking              E  Fail to open StaticProjectConfig.json,root is null
2025-09-01 16:12:58.206 31601-392   VivoJsonResourceManager com.example.eyetracking              D  Using Path:product/camera/jsons to parse Json Files!
2025-09-01 16:12:58.206 31601-392   VivoJsonResourceManager com.example.eyetracking              D  GetJsonConfigInfoSize 0
2025-09-01 16:12:58.206 31601-392   DMABUFHEAPS             com.example.eyetracking              I  Using DMA-BUF heap named: system
2025-09-01 16:12:58.206 31601-392   DMABUFHEAPS             com.example.eyetracking              E  Unable to allocate from DMA-BUF heap: system: Invalid argument
2025-09-01 16:12:58.206 31601-392   VivoJsonResourceManager com.example.eyetracking              E  Allocate: DmabufHeapAlloc failed with error - Invalid argument
2025-09-01 16:12:58.206 31601-392   VivoJsonResourceManager com.example.eyetracking              W  Allocate: failed ioctl(DMA_BUF_SET_NAME): Bad file descriptor
2025-09-01 16:12:58.206 31601-392   VivoJsonResourceManager com.example.eyetracking              D  Allocate: alloc buffer_fd:-1 success
2025-09-01 16:12:58.206 31601-392   VivoJsonResourceManager com.example.eyetracking              E  getJsonByFullName: failed to mmap DMA buffer: Bad file descriptor
2025-09-01 16:12:58.206 31601-392   VivoJsonResourceManager com.example.eyetracking              W  Cannot open file product/camera/jsons/StaticProjectConfig.json!
2025-09-01 16:12:58.206 31601-392   VivoJsonResourceManager com.example.eyetracking              E  getJsonByName 69:Json File product/camera/jsons/StaticProjectConfig.json Parsed Failed!!!!!
2025-09-01 16:12:58.206 31601-392   VivoJsonResourceManager com.example.eyetracking              E  Fail to open StaticProjectConfig.json,root is null
2025-09-01 16:12:58.206 31601-392   VivoJsonResourceManager com.example.eyetracking              D  Using Path:product/camera/jsons to parse Json Files!
2025-09-01 16:12:58.206 31601-392   VivoJsonResourceManager com.example.eyetracking              D  GetJsonConfigInfoSize 0
2025-09-01 16:12:58.206 31601-392   DMABUFHEAPS             com.example.eyetracking              I  Using DMA-BUF heap named: system
2025-09-01 16:12:58.206 31601-392   DMABUFHEAPS             com.example.eyetracking              E  Unable to allocate from DMA-BUF heap: system: Invalid argument
2025-09-01 16:12:58.206 31601-392   VivoJsonResourceManager com.example.eyetracking              E  Allocate: DmabufHeapAlloc failed with error - Invalid argument
2025-09-01 16:12:58.206 31601-392   VivoJsonResourceManager com.example.eyetracking              W  Allocate: failed ioctl(DMA_BUF_SET_NAME): Bad file descriptor
2025-09-01 16:12:58.206 31601-392   VivoJsonResourceManager com.example.eyetracking              D  Allocate: alloc buffer_fd:-1 success
2025-09-01 16:12:58.206 31601-392   VivoJsonResourceManager com.example.eyetracking              E  getJsonByFullName: failed to mmap DMA buffer: Bad file descriptor
2025-09-01 16:12:58.206 31601-392   VivoJsonResourceManager com.example.eyetracking              W  Cannot open file product/camera/jsons/StaticProjectConfig.json!
2025-09-01 16:12:58.206 31601-392   VivoJsonResourceManager com.example.eyetracking              E  getJsonByName 69:Json File product/camera/jsons/StaticProjectConfig.json Parsed Failed!!!!!
2025-09-01 16:12:58.206 31601-392   VivoJsonResourceManager com.example.eyetracking              E  Fail to open StaticProjectConfig.json,root is null
2025-09-01 16:12:58.206 31601-392   VivoJsonResourceManager com.example.eyetracking              D  Using Path:product/camera/jsons to parse Json Files!
2025-09-01 16:12:58.206 31601-392   VivoJsonResourceManager com.example.eyetracking              D  GetJsonConfigInfoSize 0
2025-09-01 16:12:58.206 31601-392   DMABUFHEAPS             com.example.eyetracking              I  Using DMA-BUF heap named: system
2025-09-01 16:12:58.206 31601-392   DMABUFHEAPS             com.example.eyetracking              E  Unable to allocate from DMA-BUF heap: system: Invalid argument
2025-09-01 16:12:58.206 31601-392   VivoJsonResourceManager com.example.eyetracking              E  Allocate: DmabufHeapAlloc failed with error - Invalid argument
2025-09-01 16:12:58.206 31601-392   VivoJsonResourceManager com.example.eyetracking              W  Allocate: failed ioctl(DMA_BUF_SET_NAME): Bad file descriptor
2025-09-01 16:12:58.206 31601-392   VivoJsonResourceManager com.example.eyetracking              D  Allocate: alloc buffer_fd:-1 success
2025-09-01 16:12:58.206 31601-392   VivoJsonResourceManager com.example.eyetracking              E  getJsonByFullName: failed to mmap DMA buffer: Bad file descriptor
2025-09-01 16:12:58.206 31601-392   VivoJsonResourceManager com.example.eyetracking              W  Cannot open file product/camera/jsons/StaticProjectConfig.json!
2025-09-01 16:12:58.206 31601-392   VivoJsonResourceManager com.example.eyetracking              E  getJsonByName 69:Json File product/camera/jsons/StaticProjectConfig.json Parsed Failed!!!!!
2025-09-01 16:12:58.206 31601-392   VivoJsonResourceManager com.example.eyetracking              E  Fail to open StaticProjectConfig.json,root is null
2025-09-01 16:12:58.206 31601-392   VivoJsonResourceManager com.example.eyetracking              D  Using Path:product/camera/jsons to parse Json Files!
2025-09-01 16:12:58.207 31601-392   VivoJsonResourceManager com.example.eyetracking              D  GetJsonConfigInfoSize 0
2025-09-01 16:12:58.207 31601-392   DMABUFHEAPS             com.example.eyetracking              I  Using DMA-BUF heap named: system
2025-09-01 16:12:58.207 31601-392   DMABUFHEAPS             com.example.eyetracking              E  Unable to allocate from DMA-BUF heap: system: Invalid argument
2025-09-01 16:12:58.207 31601-392   VivoJsonResourceManager com.example.eyetracking              E  Allocate: DmabufHeapAlloc failed with error - Invalid argument
2025-09-01 16:12:58.207 31601-392   VivoJsonResourceManager com.example.eyetracking              W  Allocate: failed ioctl(DMA_BUF_SET_NAME): Bad file descriptor
2025-09-01 16:12:58.207 31601-392   VivoJsonResourceManager com.example.eyetracking              D  Allocate: alloc buffer_fd:-1 success
2025-09-01 16:12:58.207 31601-392   VivoJsonResourceManager com.example.eyetracking              E  getJsonByFullName: failed to mmap DMA buffer: Bad file descriptor
2025-09-01 16:12:58.207 31601-392   VivoJsonResourceManager com.example.eyetracking              W  Cannot open file product/camera/jsons/StaticProjectConfig.json!
2025-09-01 16:12:58.207 31601-392   VivoJsonResourceManager com.example.eyetracking              E  getJsonByName 69:Json File product/camera/jsons/StaticProjectConfig.json Parsed Failed!!!!!
2025-09-01 16:12:58.207 31601-392   VivoJsonResourceManager com.example.eyetracking              E  Fail to open StaticProjectConfig.json,root is null
2025-09-01 16:12:58.207 31601-392   VivoJsonResourceManager com.example.eyetracking              D  Using Path:product/camera/jsons to parse Json Files!
2025-09-01 16:12:58.207 31601-392   VivoJsonResourceManager com.example.eyetracking              D  GetJsonConfigInfoSize 0
2025-09-01 16:12:58.207 31601-392   DMABUFHEAPS             com.example.eyetracking              I  Using DMA-BUF heap named: system
2025-09-01 16:12:58.207 31601-392   DMABUFHEAPS             com.example.eyetracking              E  Unable to allocate from DMA-BUF heap: system: Invalid argument
2025-09-01 16:12:58.207 31601-392   VivoJsonResourceManager com.example.eyetracking              E  Allocate: DmabufHeapAlloc failed with error - Invalid argument
2025-09-01 16:12:58.207 31601-392   VivoJsonResourceManager com.example.eyetracking              W  Allocate: failed ioctl(DMA_BUF_SET_NAME): Bad file descriptor
2025-09-01 16:12:58.207 31601-392   VivoJsonResourceManager com.example.eyetracking              D  Allocate: alloc buffer_fd:-1 success
2025-09-01 16:12:58.207 31601-392   VivoJsonResourceManager com.example.eyetracking              E  getJsonByFullName: failed to mmap DMA buffer: Bad file descriptor
2025-09-01 16:12:58.207 31601-392   VivoJsonResourceManager com.example.eyetracking              W  Cannot open file product/camera/jsons/StaticProjectConfig.json!
2025-09-01 16:12:58.207 31601-392   VivoJsonResourceManager com.example.eyetracking              E  getJsonByName 69:Json File product/camera/jsons/StaticProjectConfig.json Parsed Failed!!!!!
2025-09-01 16:12:58.207 31601-392   VivoJsonResourceManager com.example.eyetracking              E  Fail to open StaticProjectConfig.json,root is null
2025-09-01 16:12:58.207 31601-392   VivoJsonResourceManager com.example.eyetracking              D  Using Path:product/camera/jsons to parse Json Files!
2025-09-01 16:12:58.207 31601-392   VivoJsonResourceManager com.example.eyetracking              D  GetJsonConfigInfoSize 2323
2025-09-01 16:12:58.207 31601-392   DMABUFHEAPS             com.example.eyetracking              I  Using DMA-BUF heap named: system
2025-09-01 16:12:58.207 31601-392   VivoJsonResourceManager com.example.eyetracking              D  Allocate: alloc buffer_fd:214 success
2025-09-01 16:12:58.207 31601-392   VivoJsonResourceManager com.example.eyetracking              E  mmap ok
2025-09-01 16:12:58.207 31601-392   VivoJsonResourceManager com.example.eyetracking              D  begin to read file product/camera/jsons/StaticAppNameConfig.json!
2025-09-01 16:12:58.207 31601-392   VivoJsonResourceManager com.example.eyetracking              D  Using Path:product/camera/jsons to parse Json Files!
2025-09-01 16:12:58.207 31601-392   VivoJsonResourceManager com.example.eyetracking              D  GetJsonConfigInfoSize 0
2025-09-01 16:12:58.207 31601-392   DMABUFHEAPS             com.example.eyetracking              I  Using DMA-BUF heap named: system
2025-09-01 16:12:58.207 31601-392   DMABUFHEAPS             com.example.eyetracking              E  Unable to allocate from DMA-BUF heap: system: Invalid argument
2025-09-01 16:12:58.207 31601-392   VivoJsonResourceManager com.example.eyetracking              E  Allocate: DmabufHeapAlloc failed with error - Invalid argument
2025-09-01 16:12:58.207 31601-392   VivoJsonResourceManager com.example.eyetracking              W  Allocate: failed ioctl(DMA_BUF_SET_NAME): Bad file descriptor
2025-09-01 16:12:58.207 31601-392   VivoJsonResourceManager com.example.eyetracking              D  Allocate: alloc buffer_fd:-1 success
2025-09-01 16:12:58.207 31601-392   VivoJsonResourceManager com.example.eyetracking              E  getJsonByFullName: failed to mmap DMA buffer: Bad file descriptor
2025-09-01 16:12:58.207 31601-392   VivoJsonResourceManager com.example.eyetracking              W  Cannot open file product/camera/jsons/StaticProjectConfig.json!
2025-09-01 16:12:58.207 31601-392   VivoJsonResourceManager com.example.eyetracking              E  getJsonByName 69:Json File product/camera/jsons/StaticProjectConfig.json Parsed Failed!!!!!
2025-09-01 16:12:58.207 31601-392   VivoJsonResourceManager com.example.eyetracking              E  Fail to open StaticProjectConfig.json,root is null
2025-09-01 16:12:58.207 31601-392   VivoJsonResourceManager com.example.eyetracking              D  Using Path:product/camera/jsons to parse Json Files!
2025-09-01 16:12:58.208 31601-392   VivoJsonResourceManager com.example.eyetracking              D  GetJsonConfigInfoSize 0
2025-09-01 16:12:58.208 31601-392   DMABUFHEAPS             com.example.eyetracking              I  Using DMA-BUF heap named: system
2025-09-01 16:12:58.208 31601-392   DMABUFHEAPS             com.example.eyetracking              E  Unable to allocate from DMA-BUF heap: system: Invalid argument
2025-09-01 16:12:58.208 31601-392   VivoJsonResourceManager com.example.eyetracking              E  Allocate: DmabufHeapAlloc failed with error - Invalid argument
2025-09-01 16:12:58.208 31601-392   VivoJsonResourceManager com.example.eyetracking              W  Allocate: failed ioctl(DMA_BUF_SET_NAME): Bad file descriptor
2025-09-01 16:12:58.208 31601-392   VivoJsonResourceManager com.example.eyetracking              D  Allocate: alloc buffer_fd:-1 success
2025-09-01 16:12:58.208 31601-392   VivoJsonResourceManager com.example.eyetracking              E  getJsonByFullName: failed to mmap DMA buffer: Bad file descriptor
2025-09-01 16:12:58.208 31601-392   VivoJsonResourceManager com.example.eyetracking              W  Cannot open file product/camera/jsons/StaticProjectConfig.json!
2025-09-01 16:12:58.208 31601-392   VivoJsonResourceManager com.example.eyetracking              E  getJsonByName 69:Json File product/camera/jsons/StaticProjectConfig.json Parsed Failed!!!!!
2025-09-01 16:12:58.208 31601-392   VivoJsonResourceManager com.example.eyetracking              E  Fail to open StaticProjectConfig.json,root is null
2025-09-01 16:12:58.208 31601-392   VivoJsonResourceManager com.example.eyetracking              D  Using Path:product/camera/jsons to parse Json Files!
2025-09-01 16:12:58.208 31601-392   VivoJsonResourceManager com.example.eyetracking              D  GetJsonConfigInfoSize 0
2025-09-01 16:12:58.208 31601-392   DMABUFHEAPS             com.example.eyetracking              I  Using DMA-BUF heap named: system
2025-09-01 16:12:58.208 31601-392   DMABUFHEAPS             com.example.eyetracking              E  Unable to allocate from DMA-BUF heap: system: Invalid argument
2025-09-01 16:12:58.208 31601-392   VivoJsonResourceManager com.example.eyetracking              E  Allocate: DmabufHeapAlloc failed with error - Invalid argument
2025-09-01 16:12:58.208 31601-392   VivoJsonResourceManager com.example.eyetracking              W  Allocate: failed ioctl(DMA_BUF_SET_NAME): Bad file descriptor
2025-09-01 16:12:58.208 31601-392   VivoJsonResourceManager com.example.eyetracking              D  Allocate: alloc buffer_fd:-1 success
2025-09-01 16:12:58.208 31601-392   VivoJsonResourceManager com.example.eyetracking              E  getJsonByFullName: failed to mmap DMA buffer: Bad file descriptor
2025-09-01 16:12:58.208 31601-392   VivoJsonResourceManager com.example.eyetracking              W  Cannot open file product/camera/jsons/StaticProjectConfig.json!
2025-09-01 16:12:58.208 31601-392   VivoJsonResourceManager com.example.eyetracking              E  getJsonByName 69:Json File product/camera/jsons/StaticProjectConfig.json Parsed Failed!!!!!
2025-09-01 16:12:58.208 31601-392   VivoJsonResourceManager com.example.eyetracking              E  Fail to open StaticProjectConfig.json,root is null
2025-09-01 16:12:58.208 31601-392   VivoJsonResourceManager com.example.eyetracking              D  Using Path:product/camera/jsons to parse Json Files!
2025-09-01 16:12:58.208 31601-392   VivoJsonResourceManager com.example.eyetracking              D  GetJsonConfigInfoSize 0
2025-09-01 16:12:58.208 31601-392   DMABUFHEAPS             com.example.eyetracking              I  Using DMA-BUF heap named: system
2025-09-01 16:12:58.208 31601-392   DMABUFHEAPS             com.example.eyetracking              E  Unable to allocate from DMA-BUF heap: system: Invalid argument
2025-09-01 16:12:58.208 31601-392   VivoJsonResourceManager com.example.eyetracking              E  Allocate: DmabufHeapAlloc failed with error - Invalid argument
2025-09-01 16:12:58.208 31601-392   VivoJsonResourceManager com.example.eyetracking              W  Allocate: failed ioctl(DMA_BUF_SET_NAME): Bad file descriptor
2025-09-01 16:12:58.208 31601-392   VivoJsonResourceManager com.example.eyetracking              D  Allocate: alloc buffer_fd:-1 success
2025-09-01 16:12:58.208 31601-392   VivoJsonResourceManager com.example.eyetracking              E  getJsonByFullName: failed to mmap DMA buffer: Bad file descriptor
2025-09-01 16:12:58.208 31601-392   VivoJsonResourceManager com.example.eyetracking              W  Cannot open file product/camera/jsons/StaticProjectConfig.json!
2025-09-01 16:12:58.208 31601-392   VivoJsonResourceManager com.example.eyetracking              E  getJsonByName 69:Json File product/camera/jsons/StaticProjectConfig.json Parsed Failed!!!!!
2025-09-01 16:12:58.208 31601-392   VivoJsonResourceManager com.example.eyetracking              E  Fail to open StaticProjectConfig.json,root is null
2025-09-01 16:12:58.208 31601-392   VivoJsonResourceManager com.example.eyetracking              D  Using Path:product/camera/jsons to parse Json Files!
2025-09-01 16:12:58.208 31601-392   VivoJsonResourceManager com.example.eyetracking              D  GetJsonConfigInfoSize 0
2025-09-01 16:12:58.208 31601-392   DMABUFHEAPS             com.example.eyetracking              I  Using DMA-BUF heap named: system
2025-09-01 16:12:58.208 31601-392   DMABUFHEAPS             com.example.eyetracking              E  Unable to allocate from DMA-BUF heap: system: Invalid argument
2025-09-01 16:12:58.208 31601-392   VivoJsonResourceManager com.example.eyetracking              E  Allocate: DmabufHeapAlloc failed with error - Invalid argument
2025-09-01 16:12:58.208 31601-392   VivoJsonResourceManager com.example.eyetracking              W  Allocate: failed ioctl(DMA_BUF_SET_NAME): Bad file descriptor
2025-09-01 16:12:58.208 31601-392   VivoJsonResourceManager com.example.eyetracking              D  Allocate: alloc buffer_fd:-1 success
2025-09-01 16:12:58.208 31601-392   VivoJsonResourceManager com.example.eyetracking              E  getJsonByFullName: failed to mmap DMA buffer: Bad file descriptor
2025-09-01 16:12:58.208 31601-392   VivoJsonResourceManager com.example.eyetracking              W  Cannot open file product/camera/jsons/StaticProjectConfig.json!
2025-09-01 16:12:58.208 31601-392   VivoJsonResourceManager com.example.eyetracking              E  getJsonByName 69:Json File product/camera/jsons/StaticProjectConfig.json Parsed Failed!!!!!
2025-09-01 16:12:58.208 31601-392   VivoJsonResourceManager com.example.eyetracking              E  Fail to open StaticProjectConfig.json,root is null
2025-09-01 16:12:58.208 31601-392   VivoJsonResourceManager com.example.eyetracking              D  Using Path:product/camera/jsons to parse Json Files!
2025-09-01 16:12:58.208 31601-392   VivoJsonResourceManager com.example.eyetracking              D  GetJsonConfigInfoSize 0
2025-09-01 16:12:58.208 31601-392   DMABUFHEAPS             com.example.eyetracking              I  Using DMA-BUF heap named: system
2025-09-01 16:12:58.208 31601-392   DMABUFHEAPS             com.example.eyetracking              E  Unable to allocate from DMA-BUF heap: system: Invalid argument
2025-09-01 16:12:58.208 31601-392   VivoJsonResourceManager com.example.eyetracking              E  Allocate: DmabufHeapAlloc failed with error - Invalid argument
2025-09-01 16:12:58.208 31601-392   VivoJsonResourceManager com.example.eyetracking              W  Allocate: failed ioctl(DMA_BUF_SET_NAME): Bad file descriptor
2025-09-01 16:12:58.208 31601-392   VivoJsonResourceManager com.example.eyetracking              D  Allocate: alloc buffer_fd:-1 success
2025-09-01 16:12:58.208 31601-392   VivoJsonResourceManager com.example.eyetracking              E  getJsonByFullName: failed to mmap DMA buffer: Bad file descriptor
2025-09-01 16:12:58.208 31601-392   VivoJsonResourceManager com.example.eyetracking              W  Cannot open file product/camera/jsons/StaticProjectConfig.json!
2025-09-01 16:12:58.208 31601-392   VivoJsonResourceManager com.example.eyetracking              E  getJsonByName 69:Json File product/camera/jsons/StaticProjectConfig.json Parsed Failed!!!!!
2025-09-01 16:12:58.208 31601-392   VivoJsonResourceManager com.example.eyetracking              E  Fail to open StaticProjectConfig.json,root is null
2025-09-01 16:12:58.208 31601-392   VivoJsonResourceManager com.example.eyetracking              D  Using Path:product/camera/jsons to parse Json Files!
2025-09-01 16:12:58.209 31601-392   VivoJsonResourceManager com.example.eyetracking              D  GetJsonConfigInfoSize 0
2025-09-01 16:12:58.209 31601-392   DMABUFHEAPS             com.example.eyetracking              I  Using DMA-BUF heap named: system
2025-09-01 16:12:58.209 31601-392   DMABUFHEAPS             com.example.eyetracking              E  Unable to allocate from DMA-BUF heap: system: Invalid argument
2025-09-01 16:12:58.209 31601-392   VivoJsonResourceManager com.example.eyetracking              E  Allocate: DmabufHeapAlloc failed with error - Invalid argument
2025-09-01 16:12:58.209 31601-392   VivoJsonResourceManager com.example.eyetracking              W  Allocate: failed ioctl(DMA_BUF_SET_NAME): Bad file descriptor
2025-09-01 16:12:58.209 31601-392   VivoJsonResourceManager com.example.eyetracking              D  Allocate: alloc buffer_fd:-1 success
2025-09-01 16:12:58.209 31601-392   VivoJsonResourceManager com.example.eyetracking              E  getJsonByFullName: failed to mmap DMA buffer: Bad file descriptor
2025-09-01 16:12:58.209 31601-392   VivoJsonResourceManager com.example.eyetracking              W  Cannot open file product/camera/jsons/StaticProjectConfig.json!
2025-09-01 16:12:58.209 31601-392   VivoJsonResourceManager com.example.eyetracking              E  getJsonByName 69:Json File product/camera/jsons/StaticProjectConfig.json Parsed Failed!!!!!
2025-09-01 16:12:58.209 31601-392   VivoJsonResourceManager com.example.eyetracking              E  Fail to open StaticProjectConfig.json,root is null
2025-09-01 16:12:58.209 31601-392   VivoJsonResourceManager com.example.eyetracking              D  Using Path:product/camera/jsons to parse Json Files!
2025-09-01 16:12:58.209 31601-392   VivoJsonResourceManager com.example.eyetracking              D  GetJsonConfigInfoSize 0
2025-09-01 16:12:58.209 31601-392   DMABUFHEAPS             com.example.eyetracking              I  Using DMA-BUF heap named: system
2025-09-01 16:12:58.209 31601-392   DMABUFHEAPS             com.example.eyetracking              E  Unable to allocate from DMA-BUF heap: system: Invalid argument
2025-09-01 16:12:58.209 31601-392   VivoJsonResourceManager com.example.eyetracking              E  Allocate: DmabufHeapAlloc failed with error - Invalid argument
