2025-09-01 13:05:03.918 13518-15348 VivoJsonResourceManager com.example.eyetracking              E  Fail to open StaticProjectConfig.json,root is null
2025-09-01 13:05:03.918 13518-15348 VivoJsonResourceManager com.example.eyetracking              D  Using Path:product/camera/jsons to parse Json Files!
2025-09-01 13:05:03.919 13518-15348 VivoJsonResourceManager com.example.eyetracking              D  GetJsonConfigInfoSize 0
2025-09-01 13:05:03.919 13518-15348 DMABUFHEAPS             com.example.eyetracking              I  Using DMA-BUF heap named: system
2025-09-01 13:05:03.919 13518-15348 DMABUFHEAPS             com.example.eyetracking              E  Unable to allocate from DMA-BUF heap: system: Invalid argument
2025-09-01 13:05:03.919 13518-15348 VivoJsonResourceManager com.example.eyetracking              E  Allocate: DmabufHeapAlloc failed with error - Invalid argument
2025-09-01 13:05:03.919 13518-15348 VivoJsonResourceManager com.example.eyetracking              W  Allocate: failed ioctl(DMA_BUF_SET_NAME): Bad file descriptor
2025-09-01 13:05:03.919 13518-15348 VivoJsonResourceManager com.example.eyetracking              D  Allocate: alloc buffer_fd:-1 success
2025-09-01 13:05:03.919 13518-15348 VivoJsonResourceManager com.example.eyetracking              E  getJsonByFullName: failed to mmap DMA buffer: Bad file descriptor
2025-09-01 13:05:03.919 13518-15348 VivoJsonResourceManager com.example.eyetracking              W  Cannot open file product/camera/jsons/StaticProjectConfig.json!
2025-09-01 13:05:03.919 13518-15348 VivoJsonResourceManager com.example.eyetracking              E  getJsonByName 69:Json File product/camera/jsons/StaticProjectConfig.json Parsed Failed!!!!!
2025-09-01 13:05:03.919 13518-15348 VivoJsonResourceManager com.example.eyetracking              E  Fail to open StaticProjectConfig.json,root is null
2025-09-01 13:05:03.919 13518-15348 VivoJsonResourceManager com.example.eyetracking              D  Using Path:product/camera/jsons to parse Json Files!
2025-09-01 13:05:03.919 13518-15348 VivoJsonResourceManager com.example.eyetracking              D  GetJsonConfigInfoSize 0
2025-09-01 13:05:03.919 13518-15348 DMABUFHEAPS             com.example.eyetracking              I  Using DMA-BUF heap named: system
2025-09-01 13:05:03.919 13518-15348 DMABUFHEAPS             com.example.eyetracking              E  Unable to allocate from DMA-BUF heap: system: Invalid argument
2025-09-01 13:05:03.919 13518-15348 VivoJsonResourceManager com.example.eyetracking              E  Allocate: DmabufHeapAlloc failed with error - Invalid argument
2025-09-01 13:05:03.919 13518-15348 VivoJsonResourceManager com.example.eyetracking              W  Allocate: failed ioctl(DMA_BUF_SET_NAME): Bad file descriptor
2025-09-01 13:05:03.919 13518-15348 VivoJsonResourceManager com.example.eyetracking              D  Allocate: alloc buffer_fd:-1 success
2025-09-01 13:05:03.919 13518-15348 VivoJsonResourceManager com.example.eyetracking              E  getJsonByFullName: failed to mmap DMA buffer: Bad file descriptor
2025-09-01 13:05:03.919 13518-15348 VivoJsonResourceManager com.example.eyetracking              W  Cannot open file product/camera/jsons/StaticProjectConfig.json!
2025-09-01 13:05:03.919 13518-15348 VivoJsonResourceManager com.example.eyetracking              E  getJsonByName 69:Json File product/camera/jsons/StaticProjectConfig.json Parsed Failed!!!!!
2025-09-01 13:05:03.919 13518-15348 VivoJsonResourceManager com.example.eyetracking              E  Fail to open StaticProjectConfig.json,root is null
2025-09-01 13:05:03.919 13518-15348 VivoJsonResourceManager com.example.eyetracking              D  Using Path:product/camera/jsons to parse Json Files!
2025-09-01 13:05:03.920 13518-15348 VivoJsonResourceManager com.example.eyetracking              D  GetJsonConfigInfoSize 0
2025-09-01 13:05:03.920 13518-15348 DMABUFHEAPS             com.example.eyetracking              I  Using DMA-BUF heap named: system
2025-09-01 13:05:03.920 13518-15348 DMABUFHEAPS             com.example.eyetracking              E  Unable to allocate from DMA-BUF heap: system: Invalid argument
2025-09-01 13:05:03.920 13518-15348 VivoJsonResourceManager com.example.eyetracking              E  Allocate: DmabufHeapAlloc failed with error - Invalid argument
2025-09-01 13:05:03.920 13518-15348 VivoJsonResourceManager com.example.eyetracking              W  Allocate: failed ioctl(DMA_BUF_SET_NAME): Bad file descriptor
2025-09-01 13:05:03.920 13518-15348 VivoJsonResourceManager com.example.eyetracking              D  Allocate: alloc buffer_fd:-1 success
2025-09-01 13:05:03.920 13518-15348 VivoJsonResourceManager com.example.eyetracking              E  getJsonByFullName: failed to mmap DMA buffer: Bad file descriptor
2025-09-01 13:05:03.920 13518-15348 VivoJsonResourceManager com.example.eyetracking              W  Cannot open file product/camera/jsons/StaticProjectConfig.json!
2025-09-01 13:05:03.920 13518-15348 VivoJsonResourceManager com.example.eyetracking              E  getJsonByName 69:Json File product/camera/jsons/StaticProjectConfig.json Parsed Failed!!!!!
2025-09-01 13:05:03.920 13518-15348 VivoJsonResourceManager com.example.eyetracking              E  Fail to open StaticProjectConfig.json,root is null
2025-09-01 13:05:03.920 13518-15348 VivoJsonResourceManager com.example.eyetracking              D  Using Path:product/camera/jsons to parse Json Files!
2025-09-01 13:05:03.920 13518-15348 VivoJsonResourceManager com.example.eyetracking              D  GetJsonConfigInfoSize 0
2025-09-01 13:05:03.920 13518-15348 DMABUFHEAPS             com.example.eyetracking              I  Using DMA-BUF heap named: system
2025-09-01 13:05:03.920 13518-15348 DMABUFHEAPS             com.example.eyetracking              E  Unable to allocate from DMA-BUF heap: system: Invalid argument
2025-09-01 13:05:03.920 13518-15348 VivoJsonResourceManager com.example.eyetracking              E  Allocate: DmabufHeapAlloc failed with error - Invalid argument
2025-09-01 13:05:03.920 13518-15348 VivoJsonResourceManager com.example.eyetracking              W  Allocate: failed ioctl(DMA_BUF_SET_NAME): Bad file descriptor
2025-09-01 13:05:03.920 13518-15348 VivoJsonResourceManager com.example.eyetracking              D  Allocate: alloc buffer_fd:-1 success
2025-09-01 13:05:03.920 13518-15348 VivoJsonResourceManager com.example.eyetracking              E  getJsonByFullName: failed to mmap DMA buffer: Bad file descriptor
2025-09-01 13:05:03.920 13518-15348 VivoJsonResourceManager com.example.eyetracking              W  Cannot open file product/camera/jsons/StaticProjectConfig.json!
2025-09-01 13:05:03.920 13518-15348 VivoJsonResourceManager com.example.eyetracking              E  getJsonByName 69:Json File product/camera/jsons/StaticProjectConfig.json Parsed Failed!!!!!
2025-09-01 13:05:03.920 13518-15348 VivoJsonResourceManager com.example.eyetracking              E  Fail to open StaticProjectConfig.json,root is null
2025-09-01 13:05:03.920 13518-15348 VivoJsonResourceManager com.example.eyetracking              D  Using Path:product/camera/jsons to parse Json Files!
2025-09-01 13:05:03.921 13518-15348 VivoJsonResourceManager com.example.eyetracking              D  GetJsonConfigInfoSize 0
2025-09-01 13:05:03.921 13518-15348 DMABUFHEAPS             com.example.eyetracking              I  Using DMA-BUF heap named: system
2025-09-01 13:05:03.921 13518-15348 DMABUFHEAPS             com.example.eyetracking              E  Unable to allocate from DMA-BUF heap: system: Invalid argument
2025-09-01 13:05:03.921 13518-15348 VivoJsonResourceManager com.example.eyetracking              E  Allocate: DmabufHeapAlloc failed with error - Invalid argument
2025-09-01 13:05:03.921 13518-15348 VivoJsonResourceManager com.example.eyetracking              W  Allocate: failed ioctl(DMA_BUF_SET_NAME): Bad file descriptor
2025-09-01 13:05:03.921 13518-15348 VivoJsonResourceManager com.example.eyetracking              D  Allocate: alloc buffer_fd:-1 success
2025-09-01 13:05:03.921 13518-15348 VivoJsonResourceManager com.example.eyetracking              E  getJsonByFullName: failed to mmap DMA buffer: Bad file descriptor
2025-09-01 13:05:03.921 13518-15348 VivoJsonResourceManager com.example.eyetracking              W  Cannot open file product/camera/jsons/StaticProjectConfig.json!
2025-09-01 13:05:03.921 13518-15348 VivoJsonResourceManager com.example.eyetracking              E  getJsonByName 69:Json File product/camera/jsons/StaticProjectConfig.json Parsed Failed!!!!!
2025-09-01 13:05:03.921 13518-15348 VivoJsonResourceManager com.example.eyetracking              E  Fail to open StaticProjectConfig.json,root is null
2025-09-01 13:05:03.921 13518-15348 VivoJsonResourceManager com.example.eyetracking              D  Using Path:product/camera/jsons to parse Json Files!
2025-09-01 13:05:03.921 13518-15348 VivoJsonResourceManager com.example.eyetracking              D  GetJsonConfigInfoSize 0
2025-09-01 13:05:03.921 13518-15348 DMABUFHEAPS             com.example.eyetracking              I  Using DMA-BUF heap named: system
2025-09-01 13:05:03.921 13518-15348 DMABUFHEAPS             com.example.eyetracking              E  Unable to allocate from DMA-BUF heap: system: Invalid argument
2025-09-01 13:05:03.921 13518-15348 VivoJsonResourceManager com.example.eyetracking              E  Allocate: DmabufHeapAlloc failed with error - Invalid argument
2025-09-01 13:05:03.921 13518-15348 VivoJsonResourceManager com.example.eyetracking              W  Allocate: failed ioctl(DMA_BUF_SET_NAME): Bad file descriptor
2025-09-01 13:05:03.921 13518-15348 VivoJsonResourceManager com.example.eyetracking              D  Allocate: alloc buffer_fd:-1 success
2025-09-01 13:05:03.921 13518-15348 VivoJsonResourceManager com.example.eyetracking              E  getJsonByFullName: failed to mmap DMA buffer: Bad file descriptor
2025-09-01 13:05:03.921 13518-15348 VivoJsonResourceManager com.example.eyetracking              W  Cannot open file product/camera/jsons/StaticProjectConfig.json!
2025-09-01 13:05:03.921 13518-15348 VivoJsonResourceManager com.example.eyetracking              E  getJsonByName 69:Json File product/camera/jsons/StaticProjectConfig.json Parsed Failed!!!!!
2025-09-01 13:05:03.921 13518-15348 VivoJsonResourceManager com.example.eyetracking              E  Fail to open StaticProjectConfig.json,root is null
2025-09-01 13:05:03.921 13518-15348 VivoJsonResourceManager com.example.eyetracking              D  Using Path:product/camera/jsons to parse Json Files!
2025-09-01 13:05:03.921 13518-15348 VivoJsonResourceManager com.example.eyetracking              D  GetJsonConfigInfoSize 0
2025-09-01 13:05:03.921 13518-15348 DMABUFHEAPS             com.example.eyetracking              I  Using DMA-BUF heap named: system
2025-09-01 13:05:03.921 13518-15348 DMABUFHEAPS             com.example.eyetracking              E  Unable to allocate from DMA-BUF heap: system: Invalid argument
2025-09-01 13:05:03.921 13518-15348 VivoJsonResourceManager com.example.eyetracking              E  Allocate: DmabufHeapAlloc failed with error - Invalid argument
2025-09-01 13:05:03.921 13518-15348 VivoJsonResourceManager com.example.eyetracking              W  Allocate: failed ioctl(DMA_BUF_SET_NAME): Bad file descriptor
2025-09-01 13:05:03.921 13518-15348 VivoJsonResourceManager com.example.eyetracking              D  Allocate: alloc buffer_fd:-1 success
2025-09-01 13:05:03.921 13518-15348 VivoJsonResourceManager com.example.eyetracking              E  getJsonByFullName: failed to mmap DMA buffer: Bad file descriptor
2025-09-01 13:05:03.921 13518-15348 VivoJsonResourceManager com.example.eyetracking              W  Cannot open file product/camera/jsons/StaticProjectConfig.json!
2025-09-01 13:05:03.921 13518-15348 VivoJsonResourceManager com.example.eyetracking              E  getJsonByName 69:Json File product/camera/jsons/StaticProjectConfig.json Parsed Failed!!!!!
2025-09-01 13:05:03.921 13518-15348 VivoJsonResourceManager com.example.eyetracking              E  Fail to open StaticProjectConfig.json,root is null
2025-09-01 13:05:03.921 13518-15348 VivoJsonResourceManager com.example.eyetracking              D  Using Path:product/camera/jsons to parse Json Files!
2025-09-01 13:05:03.922 13518-15348 VivoJsonResourceManager com.example.eyetracking              D  GetJsonConfigInfoSize 0
2025-09-01 13:05:03.922 13518-15348 DMABUFHEAPS             com.example.eyetracking              I  Using DMA-BUF heap named: system
2025-09-01 13:05:03.922 13518-15348 DMABUFHEAPS             com.example.eyetracking              E  Unable to allocate from DMA-BUF heap: system: Invalid argument
2025-09-01 13:05:03.922 13518-15348 VivoJsonResourceManager com.example.eyetracking              E  Allocate: DmabufHeapAlloc failed with error - Invalid argument
2025-09-01 13:05:03.922 13518-15348 VivoJsonResourceManager com.example.eyetracking              W  Allocate: failed ioctl(DMA_BUF_SET_NAME): Bad file descriptor
2025-09-01 13:05:03.922 13518-15348 VivoJsonResourceManager com.example.eyetracking              D  Allocate: alloc buffer_fd:-1 success
2025-09-01 13:05:03.922 13518-15348 VivoJsonResourceManager com.example.eyetracking              E  getJsonByFullName: failed to mmap DMA buffer: Bad file descriptor
2025-09-01 13:05:03.922 13518-15348 VivoJsonResourceManager com.example.eyetracking              W  Cannot open file product/camera/jsons/StaticProjectConfig.json!
2025-09-01 13:05:03.922 13518-15348 VivoJsonResourceManager com.example.eyetracking              E  getJsonByName 69:Json File product/camera/jsons/StaticProjectConfig.json Parsed Failed!!!!!
2025-09-01 13:05:03.922 13518-15348 VivoJsonResourceManager com.example.eyetracking              E  Fail to open StaticProjectConfig.json,root is null
2025-09-01 13:05:03.922 13518-15348 VivoJsonResourceManager com.example.eyetracking              D  Using Path:product/camera/jsons to parse Json Files!
2025-09-01 13:05:03.922 13518-15348 VivoJsonResourceManager com.example.eyetracking              D  GetJsonConfigInfoSize 0
2025-09-01 13:05:03.922 13518-15348 DMABUFHEAPS             com.example.eyetracking              I  Using DMA-BUF heap named: system
2025-09-01 13:05:03.922 13518-15348 DMABUFHEAPS             com.example.eyetracking              E  Unable to allocate from DMA-BUF heap: system: Invalid argument
2025-09-01 13:05:03.922 13518-15348 VivoJsonResourceManager com.example.eyetracking              E  Allocate: DmabufHeapAlloc failed with error - Invalid argument
2025-09-01 13:05:03.922 13518-15348 VivoJsonResourceManager com.example.eyetracking              W  Allocate: failed ioctl(DMA_BUF_SET_NAME): Bad file descriptor
2025-09-01 13:05:03.922 13518-15348 VivoJsonResourceManager com.example.eyetracking              D  Allocate: alloc buffer_fd:-1 success
2025-09-01 13:05:03.922 13518-15348 VivoJsonResourceManager com.example.eyetracking              E  getJsonByFullName: failed to mmap DMA buffer: Bad file descriptor
2025-09-01 13:05:03.922 13518-15348 VivoJsonResourceManager com.example.eyetracking              W  Cannot open file product/camera/jsons/StaticProjectConfig.json!
2025-09-01 13:05:03.922 13518-15348 VivoJsonResourceManager com.example.eyetracking              E  getJsonByName 69:Json File product/camera/jsons/StaticProjectConfig.json Parsed Failed!!!!!
2025-09-01 13:05:03.922 13518-15348 VivoJsonResourceManager com.example.eyetracking              E  Fail to open StaticProjectConfig.json,root is null
2025-09-01 13:05:03.922 13518-15348 VivoJavaJsonManager     com.example.eyetracking              D  failed to find appName:com.example.eyetracking from config key:mProtakePackages
2025-09-01 13:05:03.923 13518-15348 VivoJavaJsonManager     com.example.eyetracking              D  failed to find appName:com.example.eyetracking from config key:mProtakePackages
2025-09-01 13:05:03.926 13518-15348 VivoJavaJsonManager     com.example.eyetracking              D  failed to find appName:com.example.eyetracking from config key:mProtakePackages
2025-09-01 13:05:03.926 13518-15348 VivoJavaJsonManager     com.example.eyetracking              D  failed to find appName:com.example.eyetracking from config key:mProtakePackages
2025-09-01 13:05:03.926 13518-15348 VivoJavaJsonManager     com.example.eyetracking              D  failed to find appName:com.example.eyetracking from config key:mProtakePackages
2025-09-01 13:05:03.926 13518-15348 VivoJavaJsonManager     com.example.eyetracking              D  failed to find appName:com.example.eyetracking from config key:mProtakePackages
2025-09-01 13:05:03.926 13518-15209 VivoJavaJsonManager     com.example.eyetracking              D  failed to find appName:com.example.eyetracking from config key:mProtakePackages
2025-09-01 13:05:03.940 13518-15348 VivoJavaJsonManager     com.example.eyetracking              D  failed to find appName:com.example.eyetracking from config key:mProtakePackages
2025-09-01 13:05:03.941 13518-15348 VivoJavaJsonManager     com.example.eyetracking              D  failed to find appName:com.example.eyetracking from config key:mProtakePackages
2025-09-01 13:05:03.941 13518-15348 VivoJavaJsonManager     com.example.eyetracking              D  failed to find appName:com.example.eyetracking from config key:mProtakePackages
2025-09-01 13:05:03.943 13518-13518 ImeFocusController      com.example.eyetracking              V  onWindowFocus: com.android.internal.policy.DecorView{c549a61 V.E...... R....... 0,0-1080,2392}[CalibrationActivity] softInputMode=STATE_UNSPECIFIED|ADJUST_PAN|IS_FORWARD_NAVIGATION
2025-09-01 13:05:03.944 13518-15348 VivoJavaJsonManager     com.example.eyetracking              D  failed to find appName:com.example.eyetracking from config key:mProtakePackages
2025-09-01 13:05:03.944 13518-15348 VivoJavaJsonManager     com.example.eyetracking              D  failed to find key:itsMultiCameraAlignmentCfg_productFlag
2025-09-01 13:05:03.992 13518-15348 VivoJavaJsonManager     com.example.eyetracking              D  failed to find appName:com.example.eyetracking from config key:mProtakePackages
2025-09-01 13:05:03.992 13518-15348 VivoJavaJsonManager     com.example.eyetracking              D  failed to find appName:com.example.eyetracking from config key:mProtakePackages
2025-09-01 13:05:03.992 13518-15348 VivoJavaJsonManager     com.example.eyetracking              D  failed to find appName:com.example.eyetracking from config key:mProtakePackages
2025-09-01 13:05:03.992 13518-15348 VivoJavaJsonManager     com.example.eyetracking              D  failed to find appName:com.example.eyetracking from config key:mProtakePackages
2025-09-01 13:05:03.992 13518-15348 VivoJavaJsonManager     com.example.eyetracking              D  failed to find key:itsMultiCameraAlignmentCfg_productFlag
2025-09-01 13:05:04.000 13518-15348 CameraRepository        com.example.eyetracking              D  Added camera: 0
2025-09-01 13:05:04.009 13518-15348 CameraQuirks            com.example.eyetracking              D  camera2 CameraQuirks = 
2025-09-01 13:05:04.018 13518-15348 Camera2CameraInfo       com.example.eyetracking              I  Device Level: INFO_SUPPORTED_HARDWARE_LEVEL_3
2025-09-01 13:05:04.021 13518-15348 CameraRepository        com.example.eyetracking              D  Added camera: 1
2025-09-01 13:05:04.021 13518-15348 CameraQuirks            com.example.eyetracking              D  camera2 CameraQuirks = 
2025-09-01 13:05:04.022 13518-15348 Camera2CameraInfo       com.example.eyetracking              I  Device Level: INFO_SUPPORTED_HARDWARE_LEVEL_3
2025-09-01 13:05:04.023 13518-15348 CameraValidator         com.example.eyetracking              D  Verifying camera lens facing on I2305, lensFacingInteger: null
2025-09-01 13:05:04.058 13518-13518 DynamicRangeResolver    com.example.eyetracking              D  Resolved dynamic range for use case androidx.camera.core.Preview-313cab58-da66-4111-823a-035a58d6bdc0 to no compatible HDR dynamic ranges.
                                                                                                    DynamicRange@1f14e88{encoding=UNSPECIFIED, bitDepth=0}
                                                                                                    ->
                                                                                                    DynamicRange@40a7a2b{encoding=SDR, bitDepth=8}
2025-09-01 13:05:04.059 13518-13518 CameraQuirks            com.example.eyetracking              D  camera2 CameraQuirks = 
2025-09-01 13:05:04.059 13518-13518 CameraQuirks            com.example.eyetracking              D  camera2 CameraQuirks = 
2025-09-01 13:05:04.063 13518-13518 DeferrableSurface       com.example.eyetracking              D  Surface created[total_surfaces=1, used_surfaces=0](androidx.camera.core.processing.SurfaceEdge$SettableSurface@490cb34}
2025-09-01 13:05:04.065 13518-13518 DeferrableSurface       com.example.eyetracking              D  Surface created[total_surfaces=2, used_surfaces=0](androidx.camera.core.SurfaceRequest$2@40966a0}
2025-09-01 13:05:04.066 13518-13518 DeferrableSurface       com.example.eyetracking              D  New surface in use[total_surfaces=2, used_surfaces=1](androidx.camera.core.SurfaceRequest$2@40966a0}
2025-09-01 13:05:04.066 13518-13518 DeferrableSurface       com.example.eyetracking              D  use count+1, useCount=1 androidx.camera.core.SurfaceRequest$2@40966a0
2025-09-01 13:05:04.069 13518-13518 ImageReader_JNI         com.example.eyetracking              D  ImageReader_init: ctx[0xb400007aa0069010], 640x480, HalFormat[35], maxImages[4], ndkUsage[3], consumerUsage[3]
2025-09-01 13:05:04.066 13518-13518 ple.eyetracking         com.example.eyetracking              W  type=1400 audit(0.0:946041): avc:  denied  { read } for  name="u:object_r:vendor_display_prop:s0" dev="tmpfs" ino=462 scontext=u:r:untrusted_app:s0:c45,c257,c512,c768 tcontext=u:object_r:vendor_display_prop:s0 tclass=file permissive=0 app=com.example.eyetracking
2025-09-01 13:05:04.070 13518-13518 ImageReader_JNI         com.example.eyetracking              D  ImageReader_init: ctx[0xb400007aa0069320], 640x480, HalFormat[35], maxImages[4], ndkUsage[3], consumerUsage[3]
2025-09-01 13:05:04.070 13518-13518 libc                    com.example.eyetracking              W  Access denied finding property "vendor.display.enable_optimal_refresh_rate"
2025-09-01 13:05:04.066 13518-13518 ple.eyetracking         com.example.eyetracking              W  type=1400 audit(0.0:946042): avc:  denied  { read } for  name="u:object_r:vendor_display_prop:s0" dev="tmpfs" ino=462 scontext=u:r:untrusted_app:s0:c45,c257,c512,c768 tcontext=u:object_r:vendor_display_prop:s0 tclass=file permissive=0 app=com.example.eyetracking
2025-09-01 13:05:04.071 13518-13518 DeferrableSurface       com.example.eyetracking              D  Surface created[total_surfaces=3, used_surfaces=1](androidx.camera.core.impl.ImmediateSurface@3650b15}
2025-09-01 13:05:04.072 13518-15356 Camera2CameraImpl       com.example.eyetracking              D  {Camera@a2b52d4[id=1]} Use case androidx.camera.core.Preview-313cab58-da66-4111-823a-035a58d6bdc010300431 ACTIVE
2025-09-01 13:05:04.074 13518-13518 PreviewView             com.example.eyetracking              D  Surface requested by Preview.
2025-09-01 13:05:04.074 13518-13518 DeviceQuirks            com.example.eyetracking              D  view DeviceQuirks = 
2025-09-01 13:05:04.074 13518-15356 DeviceQuirks            com.example.eyetracking              D  core DeviceQuirks = SurfaceOrderQuirk
2025-09-01 13:05:04.074 13518-15356 UseCaseAttachState      com.example.eyetracking              D  Active and attached use case: [] for camera: 1
2025-09-01 13:05:04.075 13518-15356 Camera2CameraImpl       com.example.eyetracking              D  {Camera@a2b52d4[id=1]} Use case androidx.camera.core.ImageAnalysis-a3bce72e-054b-4228-82fc-7f50bd5b992d150111388 ACTIVE
2025-09-01 13:05:04.075 13518-15356 UseCaseAttachState      com.example.eyetracking              D  Active and attached use case: [] for camera: 1
2025-09-01 13:05:04.076 13518-15356 Camera2CameraImpl       com.example.eyetracking              D  {Camera@a2b52d4[id=1]} Use cases [androidx.camera.core.Preview-313cab58-da66-4111-823a-035a58d6bdc010300431, androidx.camera.core.ImageAnalysis-a3bce72e-054b-4228-82fc-7f50bd5b992d150111388] now ATTACHED
2025-09-01 13:05:04.076 13518-15356 Camera2CameraControlImp com.example.eyetracking              D  setActive: isActive = true
2025-09-01 13:05:04.076 13518-15356 UseCaseAttachState      com.example.eyetracking              D  All use case: [androidx.camera.core.Preview-313cab58-da66-4111-823a-035a58d6bdc010300431, androidx.camera.core.ImageAnalysis-a3bce72e-054b-4228-82fc-7f50bd5b992d150111388] for camera: 1
2025-09-01 13:05:04.077 13518-15356 UseCaseAttachState      com.example.eyetracking              D  Active and attached use case: [androidx.camera.core.Preview-313cab58-da66-4111-823a-035a58d6bdc010300431, androidx.camera.core.ImageAnalysis-a3bce72e-054b-4228-82fc-7f50bd5b992d150111388] for camera: 1
2025-09-01 13:05:04.078 13518-15356 Camera2CameraImpl       com.example.eyetracking              D  {Camera@a2b52d4[id=1]} Resetting Capture Session
2025-09-01 13:05:04.078 13518-15356 Camera2CameraImpl       com.example.eyetracking              D  {Camera@a2b52d4[id=1]} Skipping Capture Session state check due to current camera state: INITIALIZED and previous session status: false
2025-09-01 13:05:04.078 13518-15356 Camera2CameraImpl       com.example.eyetracking              D  {Camera@a2b52d4[id=1]} Releasing session in state INITIALIZED
2025-09-01 13:05:04.218 13518-15356 ple.eyetracking         com.example.eyetracking              W  Verification of void androidx.camera.camera2.internal.Camera2CameraImpl$3.onSuccess(java.lang.Void) took 139.323ms (617.27 bytecodes/s) (0B arena alloc)
2025-09-01 13:05:04.219 13518-15356 Camera2CameraImpl       com.example.eyetracking              D  {Camera@a2b52d4[id=1]} Attempting to force open the camera.
2025-09-01 13:05:04.219 13518-13518 ple.eyetracking         com.example.eyetracking              W  Verification of android.graphics.Bitmap androidx.camera.view.SurfaceViewImplementation.getPreviewBitmap() took 144.845ms (856.09 bytecodes/s) (0B arena alloc)
2025-09-01 13:05:04.220 13518-15356 CameraStateRegistry     com.example.eyetracking              D  tryOpenCamera(Camera@a2b52d4[id=1]) [Available Cameras: 1, Already Open: false (Previous state: null)] --> SUCCESS
2025-09-01 13:05:04.221 13518-15356 CameraStateRegistry     com.example.eyetracking              D  Recalculating open cameras:
                                                                                                    Camera                                       State                 
                                                                                                    -------------------------------------------------------------------
                                                                                                    Camera@74869c5[id=0]                         UNKNOWN               
                                                                                                    Camera@a2b52d4[id=1]                         OPENING               
                                                                                                    -------------------------------------------------------------------
                                                                                                    Open count: 1 (Max allowed: 1)
2025-09-01 13:05:04.221 13518-15356 Camera2CameraImpl       com.example.eyetracking              D  {Camera@a2b52d4[id=1]} Opening camera.
2025-09-01 13:05:04.222 13518-15356 Camera2CameraImpl       com.example.eyetracking              D  {Camera@a2b52d4[id=1]} Transitioning camera internal state: INITIALIZED --> OPENING
2025-09-01 13:05:04.223 13518-13518 PreviewView             com.example.eyetracking              D  Preview transformation info updated. TransformationInfo{getCropRect=Rect(0, 0 - 1632, 1224), getRotationDegrees=270, getTargetRotation=-1, hasCameraTransform=true, getSensorToBufferTransform=Matrix{[0.7083333, 0.0, -0.0][0.0, 0.7083333, -0.0][0.0, 0.0, 1.0]}, isMirroring=true}
2025-09-01 13:05:04.224 13518-15356 CameraStateMachine      com.example.eyetracking              D  New public camera state CameraState{type=OPENING, error=null} from OPENING and null
2025-09-01 13:05:04.224 13518-13518 PreviewTransform        com.example.eyetracking              D  Transformation info set: TransformationInfo{getCropRect=Rect(0, 0 - 1632, 1224), getRotationDegrees=270, getTargetRotation=-1, hasCameraTransform=true, getSensorToBufferTransform=Matrix{[0.7083333, 0.0, -0.0][0.0, 0.7083333, -0.0][0.0, 0.0, 1.0]}, isMirroring=true} 1632x1224 true
2025-09-01 13:05:04.224 13518-15356 CameraStateMachine      com.example.eyetracking              D  Publishing new public camera state CameraState{type=OPENING, error=null}
2025-09-01 13:05:04.227 13518-15356 UseCaseAttachState      com.example.eyetracking              D  All use case: [androidx.camera.core.Preview-313cab58-da66-4111-823a-035a58d6bdc010300431, androidx.camera.core.ImageAnalysis-a3bce72e-054b-4228-82fc-7f50bd5b992d150111388] for camera: 1
2025-09-01 13:05:04.231 13518-15356 VivoJavaJsonManager     com.example.eyetracking              D  failed to find appName:com.example.eyetracking from config key:mProtakePackages
2025-09-01 13:05:04.231 13518-15356 VivoJavaJsonManager     com.example.eyetracking              D  failed to find appName:com.example.eyetracking from config key:mProtakePackages
2025-09-01 13:05:04.231 13518-15356 VivoJavaJsonManager     com.example.eyetracking              D  failed to find appName:com.example.eyetracking from config key:mProtakePackages
2025-09-01 13:05:04.231 13518-15356 VivoJavaJsonManager     com.example.eyetracking              D  failed to find appName:com.example.eyetracking from config key:mProtakePackages
2025-09-01 13:05:04.231 13518-15356 VivoJavaJsonManager     com.example.eyetracking              D  failed to find key:itsMultiCameraAlignmentCfg_productFlag
2025-09-01 13:05:04.236 13518-13518 libc                    com.example.eyetracking              W  Access denied finding property "vendor.display.enable_optimal_refresh_rate"
2025-09-01 13:05:04.234 13518-13518 ple.eyetracking         com.example.eyetracking              W  type=1400 audit(0.0:946044): avc:  denied  { read } for  name="u:object_r:vendor_display_prop:s0" dev="tmpfs" ino=462 scontext=u:r:untrusted_app:s0:c45,c257,c512,c768 tcontext=u:object_r:vendor_display_prop:s0 tclass=file permissive=0 app=com.example.eyetracking
2025-09-01 13:05:04.237 13518-13518 SurfaceViewImpl         com.example.eyetracking              D  Surface created.
2025-09-01 13:05:04.238 13518-13518 SurfaceViewImpl         com.example.eyetracking              D  Surface changed. Size: 1632x1224
2025-09-01 13:05:04.242 13518-13518 SurfaceViewImpl         com.example.eyetracking              D  Surface set on Preview.
2025-09-01 13:05:04.257 13518-15209 VivoJavaJsonManager     com.example.eyetracking              D  failed to find appName:com.example.eyetracking from config key:mProtakePackages
2025-09-01 13:05:04.267 13518-15356 VivoJavaJsonManager     com.example.eyetracking              D  failed to find appName:com.example.eyetracking from config key:ForBlockBroadcast
2025-09-01 13:05:04.267 13518-15356 VivoJavaJsonManager     com.example.eyetracking              D  failed to find activity from config key:ForBlockBroadcastActivity
2025-09-01 13:05:04.268 13518-15356 VivoJavaJsonManager     com.example.eyetracking              D  failed to find activity from config key:ForBlockBroadcastActivity
2025-09-01 13:05:04.268 13518-15356 VivoJavaJsonManager     com.example.eyetracking              D  failed to find activity from config key:ForBlockBroadcastActivity
2025-09-01 13:05:04.270 13518-15356 VivoCameraUtils         com.example.eyetracking              V  top app is: com.example.eyetracking, current app: com.example.eyetracking
2025-09-01 13:05:04.272 13518-15356 VivoJavaJsonManager     com.example.eyetracking              D  failed to find appName:com.example.eyetracking from config key:ForBlockBroadcast
2025-09-01 13:05:04.272 13518-15356 VivoJavaJsonManager     com.example.eyetracking              D  failed to find activity from config key:ForBlockBroadcastActivity
2025-09-01 13:05:04.272 13518-15356 VivoJavaJsonManager     com.example.eyetracking              D  failed to find activity from config key:ForBlockBroadcastActivity
2025-09-01 13:05:04.272 13518-15356 VivoJavaJsonManager     com.example.eyetracking              D  failed to find activity from config key:ForBlockBroadcastActivity
2025-09-01 13:05:04.277 13518-15356 Camera2CameraImpl       com.example.eyetracking              D  {Camera@a2b52d4[id=1]} Use case androidx.camera.core.Preview-313cab58-da66-4111-823a-035a58d6bdc010300431 ACTIVE
2025-09-01 13:05:04.278 13518-15356 UseCaseAttachState      com.example.eyetracking              D  Active and attached use case: [androidx.camera.core.Preview-313cab58-da66-4111-823a-035a58d6bdc010300431, androidx.camera.core.ImageAnalysis-a3bce72e-054b-4228-82fc-7f50bd5b992d150111388] for camera: 1
2025-09-01 13:05:04.280 13518-15356 Camera2CameraImpl       com.example.eyetracking              D  {Camera@a2b52d4[id=1]} Use case androidx.camera.core.ImageAnalysis-a3bce72e-054b-4228-82fc-7f50bd5b992d150111388 ACTIVE
2025-09-01 13:05:04.280 13518-15356 UseCaseAttachState      com.example.eyetracking              D  Active and attached use case: [androidx.camera.core.Preview-313cab58-da66-4111-823a-035a58d6bdc010300431, androidx.camera.core.ImageAnalysis-a3bce72e-054b-4228-82fc-7f50bd5b992d150111388] for camera: 1
2025-09-01 13:05:04.282 13518-15356 Camera2CameraImpl       com.example.eyetracking              D  {Camera@a2b52d4[id=1]} CameraDevice.onOpened()
2025-09-01 13:05:04.282 13518-15356 Camera2CameraImpl       com.example.eyetracking              D  {Camera@a2b52d4[id=1]} Transitioning camera internal state: OPENING --> OPENED
2025-09-01 13:05:04.282 13518-15356 CameraStateRegistry     com.example.eyetracking              D  Recalculating open cameras:
                                                                                                    Camera                                       State                 
                                                                                                    -------------------------------------------------------------------
                                                                                                    Camera@74869c5[id=0]                         UNKNOWN               
                                                                                                    Camera@a2b52d4[id=1]                         OPEN                  
                                                                                                    -------------------------------------------------------------------
                                                                                                    Open count: 1 (Max allowed: 1)
2025-09-01 13:05:04.282 13518-15356 CameraStateMachine      com.example.eyetracking              D  New public camera state CameraState{type=OPEN, error=null} from OPEN and null
2025-09-01 13:05:04.282 13518-15356 CameraStateMachine      com.example.eyetracking              D  Publishing new public camera state CameraState{type=OPEN, error=null}
2025-09-01 13:05:04.283 13518-15356 UseCaseAttachState      com.example.eyetracking              D  All use case: [androidx.camera.core.Preview-313cab58-da66-4111-823a-035a58d6bdc010300431, androidx.camera.core.ImageAnalysis-a3bce72e-054b-4228-82fc-7f50bd5b992d150111388] for camera: 1
2025-09-01 13:05:04.288 13518-15356 UseCaseAttachState      com.example.eyetracking              D  Active and attached use case: [androidx.camera.core.Preview-313cab58-da66-4111-823a-035a58d6bdc010300431, androidx.camera.core.ImageAnalysis-a3bce72e-054b-4228-82fc-7f50bd5b992d150111388] for camera: 1
2025-09-01 13:05:04.289 13518-15356 SyncCaptureSessionBase  com.example.eyetracking              D  [androidx.camera.camera2.internal.SynchronizedCaptureSessionImpl@4bd5456] getSurface done with results: [Surface(name=null mNativeObject=-5476376622359086656)/@0x3403301, Surface(name=null mNativeObject=-5476376622359121536)/@0xdbade71]
2025-09-01 13:05:04.289 13518-15356 CaptureSession          com.example.eyetracking              D  Opening capture session.
2025-09-01 13:05:04.294 13518-15356 Camera2Cap...estBuilder com.example.eyetracking              D  template type = 1
2025-09-01 13:05:04.298 13518-15356 SyncCaptureSessionImpl  com.example.eyetracking              D  [androidx.camera.camera2.internal.SynchronizedCaptureSessionImpl@4bd5456] start openCaptureSession
2025-09-01 13:05:04.299 13518-13518 VRI[UserDe...sActivity] com.example.eyetracking              D  visibilityChanged oldVisibility=true newVisibility=false
2025-09-01 13:05:04.302 13518-15356 DeferrableSurface       com.example.eyetracking              D  use count+1, useCount=2 androidx.camera.core.SurfaceRequest$2@40966a0
2025-09-01 13:05:04.302 13518-15356 DeferrableSurface       com.example.eyetracking              D  New surface in use[total_surfaces=3, used_surfaces=2](androidx.camera.core.impl.ImmediateSurface@3650b15}
2025-09-01 13:05:04.302 13518-15356 DeferrableSurface       com.example.eyetracking              D  use count+1, useCount=1 androidx.camera.core.impl.ImmediateSurface@3650b15
2025-09-01 13:05:04.302 13518-15356 VivoJavaJsonManager     com.example.eyetracking              D  failed to find appName:com.example.eyetracking from config key:mOEMPackages
2025-09-01 13:05:04.314 13518-13518 ViewRootImpl            com.example.eyetracking              D  AppSizeAfterRelayout, size: Point(1080, 2392), rotation: ROTATION_0
2025-09-01 13:05:04.403 13518-15356 VivoJavaJsonManager     com.example.eyetracking              D  failed to find appName:com.example.eyetracking from config key:VivoCameraConfig
2025-09-01 13:05:04.403 13518-15356 SyncCaptureSessionImpl  com.example.eyetracking              D  [androidx.camera.camera2.internal.SynchronizedCaptureSessionImpl@4bd5456] Session onConfigured()
2025-09-01 13:05:04.404 13518-15356 CaptureSession          com.example.eyetracking              D  Attempting to send capture request onConfigured
2025-09-01 13:05:04.404 13518-15356 CaptureSession          com.example.eyetracking              D  Issuing request for session.
2025-09-01 13:05:04.404 13518-15356 Camera2Cap...estBuilder com.example.eyetracking              D  createCaptureRequest
2025-09-01 13:05:04.408 13518-15356 CaptureSession          com.example.eyetracking              D  CameraCaptureSession.onConfigured() mState=OPENED
2025-09-01 13:05:04.409 13518-15356 CaptureSession          com.example.eyetracking              D  CameraCaptureSession.onReady() OPENED
2025-09-01 13:05:04.509 13518-15356 StreamStateObserver     com.example.eyetracking              D  Update Preview stream state to STREAMING
2025-09-01 13:05:04.515 13518-15433 CalibrationActivity     com.example.eyetracking              D  CameraX frame received
2025-09-01 13:05:04.518 13518-15433 nativeloader            com.example.eyetracking              D  Load /data/app/~~av6fTCxOpNb8kX784_EE3w==/com.example.eyetracking-rlqcLgCNY5lIb0PRU4oVPA==/base.apk!/lib/arm64-v8a/libimage_processing_util_jni.so using class loader ns clns-7 (caller=/data/app/~~av6fTCxOpNb8kX784_EE3w==/com.example.eyetracking-rlqcLgCNY5lIb0PRU4oVPA==/base.apk): ok
2025-09-01 13:05:04.567 13518-15433 CalibrationActivity     com.example.eyetracking              D  CameraX frame received
2025-09-01 13:05:04.581 13518-15339 MediaPipeEyeTracker     com.example.eyetracking              D  Face landmarks detected: 478 landmarks
2025-09-01 13:05:04.599 13518-15433 CalibrationActivity     com.example.eyetracking              D  CameraX frame received
2025-09-01 13:05:04.636 13518-15433 CalibrationActivity     com.example.eyetracking              D  CameraX frame received
2025-09-01 13:05:04.639 13518-15336 MediaPipeEyeTracker     com.example.eyetracking              D  Face landmarks detected: 478 landmarks
2025-09-01 13:05:04.667 13518-15433 CalibrationActivity     com.example.eyetracking              D  CameraX frame received
2025-09-01 13:05:04.702 13518-15433 CalibrationActivity     com.example.eyetracking              D  CameraX frame received
2025-09-01 13:05:04.705 13518-15342 MediaPipeEyeTracker     com.example.eyetracking              D  Face landmarks detected: 478 landmarks
2025-09-01 13:05:04.734 13518-15433 CalibrationActivity     com.example.eyetracking              D  CameraX frame received
2025-09-01 13:05:04.768 13518-15433 CalibrationActivity     com.example.eyetracking              D  CameraX frame received
2025-09-01 13:05:04.776 13518-15337 MediaPipeEyeTracker     com.example.eyetracking              D  Face landmarks detected: 478 landmarks
2025-09-01 13:05:04.800 13518-15433 CalibrationActivity     com.example.eyetracking              D  CameraX frame received
2025-09-01 13:05:04.833 13518-15335 MediaPipeEyeTracker     com.example.eyetracking              D  Face landmarks detected: 478 landmarks
2025-09-01 13:05:04.834 13518-15433 CalibrationActivity     com.example.eyetracking              D  CameraX frame received
2025-09-01 13:05:04.866 13518-15433 CalibrationActivity     com.example.eyetracking              D  CameraX frame received
2025-09-01 13:05:04.867 13518-15337 MediaPipeEyeTracker     com.example.eyetracking              D  Face landmarks detected: 478 landmarks
2025-09-01 13:05:04.901 13518-15433 CalibrationActivity     com.example.eyetracking              D  CameraX frame received
2025-09-01 13:05:04.932 13518-15433 CalibrationActivity     com.example.eyetracking              D  CameraX frame received
2025-09-01 13:05:04.940 13518-15341 MediaPipeEyeTracker     com.example.eyetracking              D  Face landmarks detected: 478 landmarks
2025-09-01 13:05:04.966 13518-15433 CalibrationActivity     com.example.eyetracking              D  CameraX frame received
2025-09-01 13:05:05.000 13518-15433 CalibrationActivity     com.example.eyetracking              D  CameraX frame received
2025-09-01 13:05:05.007 13518-15340 MediaPipeEyeTracker     com.example.eyetracking              D  Face landmarks detected: 478 landmarks
2025-09-01 13:05:05.033 13518-15433 CalibrationActivity     com.example.eyetracking              D  CameraX frame received
2025-09-01 13:05:05.067 13518-15433 CalibrationActivity     com.example.eyetracking              D  CameraX frame received
2025-09-01 13:05:05.071 13518-15335 MediaPipeEyeTracker     com.example.eyetracking              D  Face landmarks detected: 478 landmarks
2025-09-01 13:05:05.115 13518-15433 CalibrationActivity     com.example.eyetracking              D  CameraX frame received
2025-09-01 13:05:05.146 13518-15433 CalibrationActivity     com.example.eyetracking              D  CameraX frame received
2025-09-01 13:05:05.149 13518-15339 MediaPipeEyeTracker     com.example.eyetracking              D  Face landmarks detected: 478 landmarks
2025-09-01 13:05:05.179 13518-15433 CalibrationActivity     com.example.eyetracking              D  CameraX frame received
2025-09-01 13:05:05.207 13518-15433 CalibrationActivity     com.example.eyetracking              D  CameraX frame received
2025-09-01 13:05:05.225 13518-15337 MediaPipeEyeTracker     com.example.eyetracking              D  Face landmarks detected: 478 landmarks
2025-09-01 13:05:05.249 13518-15433 CalibrationActivity     com.example.eyetracking              D  CameraX frame received
2025-09-01 13:05:05.270 13518-15433 CalibrationActivity     com.example.eyetracking              D  CameraX frame received
2025-09-01 13:05:05.283 13518-15338 MediaPipeEyeTracker     com.example.eyetracking              D  Face landmarks detected: 478 landmarks
2025-09-01 13:05:05.312 13518-15433 CalibrationActivity     com.example.eyetracking              D  CameraX frame received
2025-09-01 13:05:05.344 13518-15433 CalibrationActivity     com.example.eyetracking              D  CameraX frame received
2025-09-01 13:05:05.349 13518-15337 MediaPipeEyeTracker     com.example.eyetracking              D  Face landmarks detected: 478 landmarks
2025-09-01 13:05:05.386 13518-15433 CalibrationActivity     com.example.eyetracking              D  CameraX frame received
2025-09-01 13:05:05.413 13518-15433 CalibrationActivity     com.example.eyetracking              D  CameraX frame received
2025-09-01 13:05:05.424 13518-15335 MediaPipeEyeTracker     com.example.eyetracking              D  Face landmarks detected: 478 landmarks
2025-09-01 13:05:05.440 13518-15433 CalibrationActivity     com.example.eyetracking              D  CameraX frame received
2025-09-01 13:05:05.469 13518-15335 MediaPipeEyeTracker     com.example.eyetracking              D  Face landmarks detected: 478 landmarks
2025-09-01 13:05:05.474 13518-15433 CalibrationActivity     com.example.eyetracking              D  CameraX frame received
2025-09-01 13:05:05.503 13518-15433 CalibrationActivity     com.example.eyetracking              D  CameraX frame received
2025-09-01 13:05:05.505 13518-15338 MediaPipeEyeTracker     com.example.eyetracking              D  Face landmarks detected: 478 landmarks
2025-09-01 13:05:05.549 13518-15433 CalibrationActivity     com.example.eyetracking              D  CameraX frame received
2025-09-01 13:05:05.578 13518-15433 CalibrationActivity     com.example.eyetracking              D  CameraX frame received
2025-09-01 13:05:05.588 13518-15340 MediaPipeEyeTracker     com.example.eyetracking              D  Face landmarks detected: 478 landmarks
2025-09-01 13:05:05.618 13518-15433 CalibrationActivity     com.example.eyetracking              D  CameraX frame received
2025-09-01 13:05:05.651 13518-15335 MediaPipeEyeTracker     com.example.eyetracking              D  Face landmarks detected: 478 landmarks
2025-09-01 13:05:05.653 13518-15433 CalibrationActivity     com.example.eyetracking              D  CameraX frame received
2025-09-01 13:05:05.671 13518-15433 CalibrationActivity     com.example.eyetracking              D  CameraX frame received
2025-09-01 13:05:05.685 13518-15337 MediaPipeEyeTracker     com.example.eyetracking              D  Face landmarks detected: 478 landmarks
2025-09-01 13:05:05.715 13518-15433 CalibrationActivity     com.example.eyetracking              D  CameraX frame received
2025-09-01 13:05:05.736 13518-15433 CalibrationActivity     com.example.eyetracking              D  CameraX frame received
2025-09-01 13:05:05.750 13518-15340 MediaPipeEyeTracker     com.example.eyetracking              D  Face landmarks detected: 478 landmarks
2025-09-01 13:05:05.766 13518-15433 CalibrationActivity     com.example.eyetracking              D  CameraX frame received
2025-09-01 13:05:05.803 13518-15342 MediaPipeEyeTracker     com.example.eyetracking              D  Face landmarks detected: 478 landmarks
2025-09-01 13:05:05.807 13518-15433 CalibrationActivity     com.example.eyetracking              D  CameraX frame received
2025-09-01 13:05:05.834 13518-15342 MediaPipeEyeTracker     com.example.eyetracking              D  Face landmarks detected: 478 landmarks
2025-09-01 13:05:05.836 13518-15433 CalibrationActivity     com.example.eyetracking              D  CameraX frame received
2025-09-01 13:05:05.868 13518-15339 MediaPipeEyeTracker     com.example.eyetracking              D  Face landmarks detected: 478 landmarks
2025-09-01 13:05:05.870 13518-15433 CalibrationActivity     com.example.eyetracking              D  CameraX frame received
2025-09-01 13:05:05.898 13518-15336 MediaPipeEyeTracker     com.example.eyetracking              D  Face landmarks detected: 478 landmarks
2025-09-01 13:05:05.900 13518-15433 CalibrationActivity     com.example.eyetracking              D  CameraX frame received
2025-09-01 13:05:05.925 13518-15342 MediaPipeEyeTracker     com.example.eyetracking              D  Face landmarks detected: 478 landmarks
2025-09-01 13:05:05.932 13518-15433 CalibrationActivity     com.example.eyetracking              D  CameraX frame received
2025-09-01 13:05:05.967 13518-15433 CalibrationActivity     com.example.eyetracking              D  CameraX frame received
2025-09-01 13:05:05.971 13518-15339 MediaPipeEyeTracker     com.example.eyetracking              D  Face landmarks detected: 478 landmarks
2025-09-01 13:05:06.001 13518-15433 CalibrationActivity     com.example.eyetracking              D  CameraX frame received
2025-09-01 13:05:06.036 13518-15433 CalibrationActivity     com.example.eyetracking              D  CameraX frame received
2025-09-01 13:05:06.044 13518-15338 MediaPipeEyeTracker     com.example.eyetracking              D  Face landmarks detected: 478 landmarks
2025-09-01 13:05:06.066 13518-15433 CalibrationActivity     com.example.eyetracking              D  CameraX frame received
2025-09-01 13:05:06.094 13518-15340 MediaPipeEyeTracker     com.example.eyetracking              D  Face landmarks detected: 478 landmarks
2025-09-01 13:05:06.100 13518-15433 CalibrationActivity     com.example.eyetracking              D  CameraX frame received
2025-09-01 13:05:06.127 13518-15340 MediaPipeEyeTracker     com.example.eyetracking              D  Face landmarks detected: 478 landmarks
2025-09-01 13:05:06.134 13518-15433 CalibrationActivity     com.example.eyetracking              D  CameraX frame received
2025-09-01 13:05:06.166 13518-15433 CalibrationActivity     com.example.eyetracking              D  CameraX frame received
2025-09-01 13:05:06.169 13518-15337 MediaPipeEyeTracker     com.example.eyetracking              D  Face landmarks detected: 478 landmarks
