                                                                                                   Build Date                       : 04/25/25
                                                                                                    OpenGL ES Shader Compiler Version: E031.41.03.62
                                                                                                    Local Branch                     : 
                                                                                                    Remote Branch                    : refs/tags/AU_LINUX_ANDROID_LA.VENDOR.13.2.0.11.00.00.856.062
                                                                                                    Remote Branch                    : NONE
                                                                                                    Reconstruct Branch               : NOTHING
2025-09-01 13:04:51.638 13518-15226 AdrenoGLES-0            com.example.eyetracking              I  Build Config                     : S P 14.1.4 AArch64
2025-09-01 13:04:51.638 13518-15226 AdrenoGLES-0            com.example.eyetracking              I  Driver Path                      : /vendor/lib64/egl/libGLESv2_adreno.so
2025-09-01 13:04:51.638 13518-15226 AdrenoGLES-0            com.example.eyetracking              I  Driver Version                   : 0676.72
2025-09-01 13:04:51.648 13518-15226 AdrenoGLES-0            com.example.eyetracking              I  PFP: 0x01200161, ME: 0x00000000
2025-09-01 13:04:51.656 13518-13518 AppCompatDelegate       com.example.eyetracking              D  Checking for metadata for AppLocalesMetadataHolderService : Service not found
2025-09-01 13:04:51.682 13518-15226 AdrenoUtils             com.example.eyetracking              I  <ReadGpuID:407>: Reading chip ID through GSL
2025-09-01 13:04:51.699 13518-13518 CompatChangeReporter    com.example.eyetracking              D  Compat change id reported: 309578419; UID 10301; state: ENABLED
2025-09-01 13:04:51.720 13518-13518 ple.eyetracking         com.example.eyetracking              I  hiddenapi: Accessing hidden method Landroid/view/ViewGroup;->makeOptionalFitsSystemWindows()V (runtime_flags=0, domain=platform, api=unsupported) from Landroidx/appcompat/widget/ViewUtils; (domain=app) using reflection: allowed
2025-09-01 13:04:51.731 13518-13518 CompatChangeReporter    com.example.eyetracking              D  Compat change id reported: 63938206; UID 10301; state: ENABLED
2025-09-01 13:04:51.769 13518-13518 CompatChangeReporter    com.example.eyetracking              D  Compat change id reported: 352594277; UID 10301; state: ENABLED
2025-09-01 13:04:51.775 13518-13518 libc                    com.example.eyetracking              W  Access denied finding property "persist.vivo.ltw.enabled"
2025-09-01 13:04:51.774 13518-13518 ple.eyetracking         com.example.eyetracking              W  type=1400 audit(0.0:946035): avc:  denied  { read } for  name="u:object_r:microsoft_ltw_prop:s0" dev="tmpfs" ino=311 scontext=u:r:untrusted_app:s0:c45,c257,c512,c768 tcontext=u:object_r:microsoft_ltw_prop:s0 tclass=file permissive=0 app=com.example.eyetracking
2025-09-01 13:04:51.819 13518-13518 ViewRootImpl            com.example.eyetracking              D  AppSizeAfterRelayout, size: Point(1080, 2392), rotation: ROTATION_0
2025-09-01 13:04:51.823 13518-13518 libc                    com.example.eyetracking              W  Access denied finding property "vendor.display.enable_optimal_refresh_rate"
2025-09-01 13:04:51.822 13518-13518 ple.eyetracking         com.example.eyetracking              W  type=1400 audit(0.0:946036): avc:  denied  { read } for  name="u:object_r:vendor_display_prop:s0" dev="tmpfs" ino=462 scontext=u:r:untrusted_app:s0:c45,c257,c512,c768 tcontext=u:object_r:vendor_display_prop:s0 tclass=file permissive=0 app=com.example.eyetracking
2025-09-01 13:04:51.879 13518-13518 ImeFocusController      com.example.eyetracking              V  onWindowFocus: com.android.internal.policy.DecorView{652f623 V.E...... R....... 0,0-1080,2392}[MainActivity] softInputMode=STATE_UNSPECIFIED|ADJUST_PAN|IS_FORWARD_NAVIGATION
2025-09-01 13:04:51.982 13518-15203 ple.eyetracking         com.example.eyetracking              I  Compiler allocated 4343KB to compile void android.widget.TextView.<init>(android.content.Context, android.util.AttributeSet, int, int)
2025-09-01 13:04:52.159 13518-15203 ple.eyetracking         com.example.eyetracking              I  Compiler allocated 7517KB to compile void android.view.ViewRootImpl.performTraversals()
2025-09-01 13:04:55.795 13518-13518 CompatChangeReporter    com.example.eyetracking              D  Compat change id reported: 303326708; UID 10301; state: ENABLED
2025-09-01 13:04:55.860 13518-13518 ViewRootImpl            com.example.eyetracking              D  AppSizeAfterRelayout, size: Point(1080, 2392), rotation: ROTATION_0
2025-09-01 13:04:55.860 13518-13518 libc                    com.example.eyetracking              W  Access denied finding property "vendor.display.enable_optimal_refresh_rate"
2025-09-01 13:04:55.858 13518-13518 ple.eyetracking         com.example.eyetracking              W  type=1400 audit(0.0:946037): avc:  denied  { read } for  name="u:object_r:vendor_display_prop:s0" dev="tmpfs" ino=462 scontext=u:r:untrusted_app:s0:c45,c257,c512,c768 tcontext=u:object_r:vendor_display_prop:s0 tclass=file permissive=0 app=com.example.eyetracking
2025-09-01 13:04:55.934 13518-13518 ImeFocusController      com.example.eyetracking              V  onWindowFocus: com.android.internal.policy.DecorView{b1aadb2 V.E...... R......D 0,0-1080,2392}[UserDetailsActivity] softInputMode=STATE_UNSPECIFIED|ADJUST_PAN|IS_FORWARD_NAVIGATION
2025-09-01 13:04:56.263 13518-13518 VRI[MainActivity]       com.example.eyetracking              D  visibilityChanged oldVisibility=true newVisibility=false
2025-09-01 13:04:56.272 13518-13518 ViewRootImpl            com.example.eyetracking              D  AppSizeAfterRelayout, size: Point(1080, 2392), rotation: ROTATION_0
2025-09-01 13:04:57.125 13518-15293 ProfileInstaller        com.example.eyetracking              D  Installing profile for com.example.eyetracking
2025-09-01 13:04:58.186 13518-13518 ImeTracker              com.example.eyetracking              I  com.example.eyetracking:17db6543: onRequestShow at ORIGIN_CLIENT reason SHOW_SOFT_INPUT fromUser true
2025-09-01 13:04:58.208 13518-13518 AssistStructure         com.example.eyetracking              I  Flattened final assist data: 2316 bytes, containing 1 windows, 11 views
2025-09-01 13:04:58.262 13518-13518 InsetsController        com.example.eyetracking              D  show(ime(), fromIme=true)
2025-09-01 13:04:58.276 13518-15305 InteractionJankMonitor  com.example.eyetracking              W  Initializing without READ_DEVICE_CONFIG permission. enabled=false, interval=1, missedFrameThreshold=3, frameTimeThreshold=64, package=com.example.eyetracking
2025-09-01 13:04:58.490 13518-13518 ImeTracker              com.example.eyetracking              I  com.example.eyetracking:17db6543: onShown
2025-09-01 13:05:01.126 13518-13518 FinalizerDaemon         com.example.eyetracking              W  type=1400 audit(0.0:946039): avc:  denied  { getopt } for  path="/dev/socket/usap_pool_primary" scontext=u:r:untrusted_app:s0:c45,c257,c512,c768 tcontext=u:r:zygote:s0 tclass=unix_stream_socket permissive=0 app=com.example.eyetracking
2025-09-01 13:05:02.939 13518-13518 ImeTracker              com.example.eyetracking              I  com.example.eyetracking:60bd9207: onRequestHide at ORIGIN_CLIENT reason HIDE_SOFT_INPUT_FROM_VIEW fromUser false
2025-09-01 13:05:02.952 13518-13518 InsetsController        com.example.eyetracking              D  hide(ime(), fromIme=true)
2025-09-01 13:05:03.173 13518-13518 ImeTracker              com.example.eyetracking              I  com.example.eyetracking:2140884f: onRequestHide at ORIGIN_CLIENT reason HIDE_SOFT_INPUT_ON_ANIMATION_STATE_CHANGED fromUser false
2025-09-01 13:05:03.176 13518-13518 ImeTracker              com.example.eyetracking              I  com.example.eyetracking:60bd9207: onHidden
2025-09-01 13:05:03.671 13518-13518 MediaPipeEyeTracker     com.example.eyetracking              D  Model file found: face_landmarker.task
2025-09-01 13:05:03.729 13518-13518 nativeloader            com.example.eyetracking              D  Load /data/app/~~av6fTCxOpNb8kX784_EE3w==/com.example.eyetracking-rlqcLgCNY5lIb0PRU4oVPA==/base.apk!/lib/arm64-v8a/libmediapipe_tasks_vision_jni.so using class loader ns clns-7 (caller=/data/app/~~av6fTCxOpNb8kX784_EE3w==/com.example.eyetracking-rlqcLgCNY5lIb0PRU4oVPA==/base.apk!classes6.dex): ok
2025-09-01 13:05:03.772 13518-15334 TransportR...oScheduler com.example.eyetracking              D  Scheduling upload for context TransportContext(cct, DEFAULT, MSRodHRwczovL2ZpcmViYXNlbG9nZ2luZy5nb29nbGVhcGlzLmNvbS92MGNjL2xvZy9iYXRjaD9mb3JtYXQ9anNvbl9wcm90bzNc) with jobId=-690542973 in 30000ms(Backend next call timestamp 1756709721825). Attempt 1
2025-09-01 13:05:03.772 13518-15334 CompatChangeReporter    com.example.eyetracking              D  Compat change id reported: 311402873; UID 10301; state: ENABLED
2025-09-01 13:05:03.772 13518-15334 CompatChangeReporter    com.example.eyetracking              D  Compat change id reported: 323349338; UID 10301; state: ENABLED
2025-09-01 13:05:03.822 13518-15336 tflite                  com.example.eyetracking              I  Initialized TensorFlow Lite runtime.
2025-09-01 13:05:03.823 13518-15336 libc                    com.example.eyetracking              W  Access denied finding property "ro.hardware.chipname"
2025-09-01 13:05:03.825 13518-15336 tflite                  com.example.eyetracking              I  Created TensorFlow Lite XNNPACK delegate for CPU.
2025-09-01 13:05:03.826 13518-15336 tflite                  com.example.eyetracking              I  Replacing 164 out of 164 node(s) with delegate (TfLiteXNNPackDelegate) node, yielding 1 partitions for the whole graph.
2025-09-01 13:05:03.837 13518-15342 tflite                  com.example.eyetracking              I  Replacing 471 out of 471 node(s) with delegate (TfLiteXNNPackDelegate) node, yielding 1 partitions for the whole graph.
2025-09-01 13:05:03.855 13518-15341 tflite                  com.example.eyetracking              I  Replacing 177 out of 182 node(s) with delegate (TfLiteXNNPackDelegate) node, yielding 8 partitions for the whole graph.
2025-09-01 13:05:03.861 13518-13518 MediaPipeEyeTracker     com.example.eyetracking              D  Face Landmarker initialized successfully
2025-09-01 13:05:03.872 13518-13518 QuirkSettingsLoader     com.example.eyetracking              D  QuirkSettings$MetadataHolderService is not found.
2025-09-01 13:05:03.873 13518-13518 CameraX                 com.example.eyetracking              D  QuirkSettings from app metadata: null
2025-09-01 13:05:03.873 13518-13518 CameraX                 com.example.eyetracking              D  QuirkSettings by default: QuirkSettings{enabledWhenDeviceHasQuirk=true, forceEnabledQuirks=[], forceDisabledQuirks=[]}
2025-09-01 13:05:03.874 13518-15334 TransportR...EventStore com.example.eyetracking              D  Storing event with priority=DEFAULT, name=COREML_ON_DEVICE_SOLUTIONS for destination cct
2025-09-01 13:05:03.877 13518-15334 TransportR...oScheduler com.example.eyetracking              D  Upload for context TransportContext(cct, DEFAULT, MSRodHRwczovL2ZpcmViYXNlbG9nZ2luZy5nb29nbGVhcGlzLmNvbS92MGNjL2xvZy9iYXRjaD9mb3JtYXQ9anNvbl9wcm90bzNc) is already scheduled. Returning...
2025-09-01 13:05:03.881 13518-13518 CalibrationActivity     com.example.eyetracking              D  CalibrationActivity initialized successfully
2025-09-01 13:05:03.885 13518-15348 DeviceQuirks            com.example.eyetracking              D  camera2 DeviceQuirks = 
2025-09-01 13:05:03.886 13518-15348 CameraManagerGlobal     com.example.eyetracking              I  Connecting to camera service
2025-09-01 13:05:03.908 13518-13518 ViewRootImpl            com.example.eyetracking              D  AppSizeAfterRelayout, size: Point(1080, 2392), rotation: ROTATION_0
2025-09-01 13:05:03.908 13518-13518 libc                    com.example.eyetracking              W  Access denied finding property "vendor.display.enable_optimal_refresh_rate"
2025-09-01 13:05:03.906 13518-13518 ple.eyetracking         com.example.eyetracking              W  type=1400 audit(0.0:946040): avc:  denied  { read } for  name="u:object_r:vendor_display_prop:s0" dev="tmpfs" ino=462 scontext=u:r:untrusted_app:s0:c45,c257,c512,c768 tcontext=u:object_r:vendor_display_prop:s0 tclass=file permissive=0 app=com.example.eyetracking
2025-09-01 13:05:03.910 13518-15348 nativeloader            com.example.eyetracking              D  Load libVivoJsonResourceManager_jni.so using system ns (caller=/system/framework/framework.jar!classes2.dex): ok
2025-09-01 13:05:03.910 13518-15348 ple.eyetracking         com.example.eyetracking              D  JNI_OnLoad: get JNI environment,JNI_VERSION_1_6
2025-09-01 13:05:03.910 13518-15348 VivoJavaJsonManager     com.example.eyetracking              D  create() called
2025-09-01 13:05:03.910 13518-15348 VivoJsonResourceManager com.example.eyetracking              D  Create
2025-09-01 13:05:03.910 13518-15348 VivoJsonResourceManager com.example.eyetracking              D  Using Path:product/camera/jsons to parse Json Files!
2025-09-01 13:05:03.912 13518-15348 VivoJsonResourceManager com.example.eyetracking              D  service is not null
2025-09-01 13:05:03.912 13518-15348 VivoJsonResourceManager com.example.eyetracking              D  GetJsonConfigInfoSize 0
2025-09-01 13:05:03.912 13518-15348 DMABUFHEAPS             com.example.eyetracking              I  Using DMA-BUF heap named: system
2025-09-01 13:05:03.912 13518-15348 DMABUFHEAPS             com.example.eyetracking              E  Unable to allocate from DMA-BUF heap: system: Invalid argument
2025-09-01 13:05:03.912 13518-15348 VivoJsonResourceManager com.example.eyetracking              E  Allocate: DmabufHeapAlloc failed with error - Invalid argument
2025-09-01 13:05:03.912 13518-15348 VivoJsonResourceManager com.example.eyetracking              W  Allocate: failed ioctl(DMA_BUF_SET_NAME): Bad file descriptor
2025-09-01 13:05:03.912 13518-15348 VivoJsonResourceManager com.example.eyetracking              D  Allocate: alloc buffer_fd:-1 success
2025-09-01 13:05:03.912 13518-15348 VivoJsonResourceManager com.example.eyetracking              E  getJsonByFullName: failed to mmap DMA buffer: Bad file descriptor
2025-09-01 13:05:03.912 13518-15348 VivoJsonResourceManager com.example.eyetracking              W  Cannot open file product/camera/jsons/StaticProjectConfig.json!
2025-09-01 13:05:03.912 13518-15348 VivoJsonResourceManager com.example.eyetracking              E  getJsonByName 69:Json File product/camera/jsons/StaticProjectConfig.json Parsed Failed!!!!!
2025-09-01 13:05:03.912 13518-15348 VivoJsonResourceManager com.example.eyetracking              E  Fail to open StaticProjectConfig.json,root is null
2025-09-01 13:05:03.912 13518-15348 VivoJsonResourceManager com.example.eyetracking              D  Using Path:product/camera/jsons to parse Json Files!
2025-09-01 13:05:03.913 13518-15348 VivoJsonResourceManager com.example.eyetracking              D  GetJsonConfigInfoSize 0
2025-09-01 13:05:03.913 13518-15348 DMABUFHEAPS             com.example.eyetracking              I  Using DMA-BUF heap named: system
2025-09-01 13:05:03.913 13518-15348 DMABUFHEAPS             com.example.eyetracking              E  Unable to allocate from DMA-BUF heap: system: Invalid argument
2025-09-01 13:05:03.913 13518-15348 VivoJsonResourceManager com.example.eyetracking              E  Allocate: DmabufHeapAlloc failed with error - Invalid argument
2025-09-01 13:05:03.913 13518-15348 VivoJsonResourceManager com.example.eyetracking              W  Allocate: failed ioctl(DMA_BUF_SET_NAME): Bad file descriptor
2025-09-01 13:05:03.913 13518-15348 VivoJsonResourceManager com.example.eyetracking              D  Allocate: alloc buffer_fd:-1 success
2025-09-01 13:05:03.913 13518-15348 VivoJsonResourceManager com.example.eyetracking              E  getJsonByFullName: failed to mmap DMA buffer: Bad file descriptor
2025-09-01 13:05:03.913 13518-15348 VivoJsonResourceManager com.example.eyetracking              W  Cannot open file product/camera/jsons/StaticProjectConfig.json!
2025-09-01 13:05:03.913 13518-15348 VivoJsonResourceManager com.example.eyetracking              E  getJsonByName 69:Json File product/camera/jsons/StaticProjectConfig.json Parsed Failed!!!!!
2025-09-01 13:05:03.913 13518-15348 VivoJsonResourceManager com.example.eyetracking              E  Fail to open StaticProjectConfig.json,root is null
2025-09-01 13:05:03.913 13518-15348 VivoJsonResourceManager com.example.eyetracking              D  Using Path:product/camera/jsons to parse Json Files!
2025-09-01 13:05:03.913 13518-15348 VivoJsonResourceManager com.example.eyetracking              D  GetJsonConfigInfoSize 0
2025-09-01 13:05:03.913 13518-15348 DMABUFHEAPS             com.example.eyetracking              I  Using DMA-BUF heap named: system
2025-09-01 13:05:03.913 13518-15348 DMABUFHEAPS             com.example.eyetracking              E  Unable to allocate from DMA-BUF heap: system: Invalid argument
2025-09-01 13:05:03.913 13518-15348 VivoJsonResourceManager com.example.eyetracking              E  Allocate: DmabufHeapAlloc failed with error - Invalid argument
2025-09-01 13:05:03.913 13518-15348 VivoJsonResourceManager com.example.eyetracking              W  Allocate: failed ioctl(DMA_BUF_SET_NAME): Bad file descriptor
2025-09-01 13:05:03.913 13518-15348 VivoJsonResourceManager com.example.eyetracking              D  Allocate: alloc buffer_fd:-1 success
2025-09-01 13:05:03.913 13518-15348 VivoJsonResourceManager com.example.eyetracking              E  getJsonByFullName: failed to mmap DMA buffer: Bad file descriptor
2025-09-01 13:05:03.913 13518-15348 VivoJsonResourceManager com.example.eyetracking              W  Cannot open file product/camera/jsons/StaticProjectConfig.json!
2025-09-01 13:05:03.913 13518-15348 VivoJsonResourceManager com.example.eyetracking              E  getJsonByName 69:Json File product/camera/jsons/StaticProjectConfig.json Parsed Failed!!!!!
2025-09-01 13:05:03.913 13518-15348 VivoJsonResourceManager com.example.eyetracking              E  Fail to open StaticProjectConfig.json,root is null
2025-09-01 13:05:03.913 13518-15348 VivoJsonResourceManager com.example.eyetracking              D  Using Path:product/camera/jsons to parse Json Files!
2025-09-01 13:05:03.913 13518-15348 VivoJsonResourceManager com.example.eyetracking              D  GetJsonConfigInfoSize 0
2025-09-01 13:05:03.913 13518-15348 DMABUFHEAPS             com.example.eyetracking              I  Using DMA-BUF heap named: system
2025-09-01 13:05:03.913 13518-15348 DMABUFHEAPS             com.example.eyetracking              E  Unable to allocate from DMA-BUF heap: system: Invalid argument
2025-09-01 13:05:03.913 13518-15348 VivoJsonResourceManager com.example.eyetracking              E  Allocate: DmabufHeapAlloc failed with error - Invalid argument
2025-09-01 13:05:03.913 13518-15348 VivoJsonResourceManager com.example.eyetracking              W  Allocate: failed ioctl(DMA_BUF_SET_NAME): Bad file descriptor
2025-09-01 13:05:03.913 13518-15348 VivoJsonResourceManager com.example.eyetracking              D  Allocate: alloc buffer_fd:-1 success
2025-09-01 13:05:03.913 13518-15348 VivoJsonResourceManager com.example.eyetracking              E  getJsonByFullName: failed to mmap DMA buffer: Bad file descriptor
2025-09-01 13:05:03.913 13518-15348 VivoJsonResourceManager com.example.eyetracking              W  Cannot open file product/camera/jsons/StaticProjectConfig.json!
2025-09-01 13:05:03.913 13518-15348 VivoJsonResourceManager com.example.eyetracking              E  getJsonByName 69:Json File product/camera/jsons/StaticProjectConfig.json Parsed Failed!!!!!
2025-09-01 13:05:03.913 13518-15348 VivoJsonResourceManager com.example.eyetracking              E  Fail to open StaticProjectConfig.json,root is null
2025-09-01 13:05:03.913 13518-15348 VivoJsonResourceManager com.example.eyetracking              D  Using Path:product/camera/jsons to parse Json Files!
2025-09-01 13:05:03.913 13518-15348 VivoJsonResourceManager com.example.eyetracking              D  GetJsonConfigInfoSize 0
2025-09-01 13:05:03.913 13518-15348 DMABUFHEAPS             com.example.eyetracking              I  Using DMA-BUF heap named: system
2025-09-01 13:05:03.913 13518-15348 DMABUFHEAPS             com.example.eyetracking              E  Unable to allocate from DMA-BUF heap: system: Invalid argument
2025-09-01 13:05:03.913 13518-15348 VivoJsonResourceManager com.example.eyetracking              E  Allocate: DmabufHeapAlloc failed with error - Invalid argument
2025-09-01 13:05:03.913 13518-15348 VivoJsonResourceManager com.example.eyetracking              W  Allocate: failed ioctl(DMA_BUF_SET_NAME): Bad file descriptor
2025-09-01 13:05:03.913 13518-15348 VivoJsonResourceManager com.example.eyetracking              D  Allocate: alloc buffer_fd:-1 success
2025-09-01 13:05:03.913 13518-15348 VivoJsonResourceManager com.example.eyetracking              E  getJsonByFullName: failed to mmap DMA buffer: Bad file descriptor
2025-09-01 13:05:03.913 13518-15348 VivoJsonResourceManager com.example.eyetracking              W  Cannot open file product/camera/jsons/StaticProjectConfig.json!
2025-09-01 13:05:03.913 13518-15348 VivoJsonResourceManager com.example.eyetracking              E  getJsonByName 69:Json File product/camera/jsons/StaticProjectConfig.json Parsed Failed!!!!!
2025-09-01 13:05:03.913 13518-15348 VivoJsonResourceManager com.example.eyetracking              E  Fail to open StaticProjectConfig.json,root is null
2025-09-01 13:05:03.913 13518-15348 VivoJsonResourceManager com.example.eyetracking              D  Using Path:product/camera/jsons to parse Json Files!
2025-09-01 13:05:03.913 13518-15348 VivoJsonResourceManager com.example.eyetracking              D  GetJsonConfigInfoSize 0
2025-09-01 13:05:03.913 13518-15348 DMABUFHEAPS             com.example.eyetracking              I  Using DMA-BUF heap named: system
2025-09-01 13:05:03.913 13518-15348 DMABUFHEAPS             com.example.eyetracking              E  Unable to allocate from DMA-BUF heap: system: Invalid argument
2025-09-01 13:05:03.913 13518-15348 VivoJsonResourceManager com.example.eyetracking              E  Allocate: DmabufHeapAlloc failed with error - Invalid argument
2025-09-01 13:05:03.913 13518-15348 VivoJsonResourceManager com.example.eyetracking              W  Allocate: failed ioctl(DMA_BUF_SET_NAME): Bad file descriptor
2025-09-01 13:05:03.913 13518-15348 VivoJsonResourceManager com.example.eyetracking              D  Allocate: alloc buffer_fd:-1 success
2025-09-01 13:05:03.913 13518-15348 VivoJsonResourceManager com.example.eyetracking              E  getJsonByFullName: failed to mmap DMA buffer: Bad file descriptor
2025-09-01 13:05:03.913 13518-15348 VivoJsonResourceManager com.example.eyetracking              W  Cannot open file product/camera/jsons/StaticProjectConfig.json!
2025-09-01 13:05:03.913 13518-15348 VivoJsonResourceManager com.example.eyetracking              E  getJsonByName 69:Json File product/camera/jsons/StaticProjectConfig.json Parsed Failed!!!!!
2025-09-01 13:05:03.913 13518-15348 VivoJsonResourceManager com.example.eyetracking              E  Fail to open StaticProjectConfig.json,root is null
2025-09-01 13:05:03.913 13518-15348 VivoJsonResourceManager com.example.eyetracking              D  Using Path:product/camera/jsons to parse Json Files!
2025-09-01 13:05:03.913 13518-15348 VivoJsonResourceManager com.example.eyetracking              D  GetJsonConfigInfoSize 0
2025-09-01 13:05:03.913 13518-15348 DMABUFHEAPS             com.example.eyetracking              I  Using DMA-BUF heap named: system
2025-09-01 13:05:03.913 13518-15348 DMABUFHEAPS             com.example.eyetracking              E  Unable to allocate from DMA-BUF heap: system: Invalid argument
2025-09-01 13:05:03.913 13518-15348 VivoJsonResourceManager com.example.eyetracking              E  Allocate: DmabufHeapAlloc failed with error - Invalid argument
2025-09-01 13:05:03.913 13518-15348 VivoJsonResourceManager com.example.eyetracking              W  Allocate: failed ioctl(DMA_BUF_SET_NAME): Bad file descriptor
2025-09-01 13:05:03.913 13518-15348 VivoJsonResourceManager com.example.eyetracking              D  Allocate: alloc buffer_fd:-1 success
2025-09-01 13:05:03.913 13518-15348 VivoJsonResourceManager com.example.eyetracking              E  getJsonByFullName: failed to mmap DMA buffer: Bad file descriptor
2025-09-01 13:05:03.913 13518-15348 VivoJsonResourceManager com.example.eyetracking              W  Cannot open file product/camera/jsons/StaticProjectConfig.json!
2025-09-01 13:05:03.913 13518-15348 VivoJsonResourceManager com.example.eyetracking              E  getJsonByName 69:Json File product/camera/jsons/StaticProjectConfig.json Parsed Failed!!!!!
2025-09-01 13:05:03.913 13518-15348 VivoJsonResourceManager com.example.eyetracking              E  Fail to open StaticProjectConfig.json,root is null
2025-09-01 13:05:03.913 13518-15348 VivoJsonResourceManager com.example.eyetracking              D  Using Path:product/camera/jsons to parse Json Files!
2025-09-01 13:05:03.914 13518-15348 VivoJsonResourceManager com.example.eyetracking              D  GetJsonConfigInfoSize 0
2025-09-01 13:05:03.914 13518-15348 DMABUFHEAPS             com.example.eyetracking              I  Using DMA-BUF heap named: system
2025-09-01 13:05:03.914 13518-15348 DMABUFHEAPS             com.example.eyetracking              E  Unable to allocate from DMA-BUF heap: system: Invalid argument
2025-09-01 13:05:03.914 13518-15348 VivoJsonResourceManager com.example.eyetracking              E  Allocate: DmabufHeapAlloc failed with error - Invalid argument
2025-09-01 13:05:03.914 13518-15348 VivoJsonResourceManager com.example.eyetracking              W  Allocate: failed ioctl(DMA_BUF_SET_NAME): Bad file descriptor
2025-09-01 13:05:03.914 13518-15348 VivoJsonResourceManager com.example.eyetracking              D  Allocate: alloc buffer_fd:-1 success
2025-09-01 13:05:03.914 13518-15348 VivoJsonResourceManager com.example.eyetracking              E  getJsonByFullName: failed to mmap DMA buffer: Bad file descriptor
2025-09-01 13:05:03.914 13518-15348 VivoJsonResourceManager com.example.eyetracking              W  Cannot open file product/camera/jsons/StaticProjectConfig.json!
2025-09-01 13:05:03.914 13518-15348 VivoJsonResourceManager com.example.eyetracking              E  getJsonByName 69:Json File product/camera/jsons/StaticProjectConfig.json Parsed Failed!!!!!
2025-09-01 13:05:03.914 13518-15348 VivoJsonResourceManager com.example.eyetracking              E  Fail to open StaticProjectConfig.json,root is null
2025-09-01 13:05:03.914 13518-15348 VivoJsonResourceManager com.example.eyetracking              D  Using Path:product/camera/jsons to parse Json Files!
2025-09-01 13:05:03.914 13518-15348 VivoJsonResourceManager com.example.eyetracking              D  GetJsonConfigInfoSize 0
2025-09-01 13:05:03.914 13518-15348 DMABUFHEAPS             com.example.eyetracking              I  Using DMA-BUF heap named: system
2025-09-01 13:05:03.914 13518-15348 DMABUFHEAPS             com.example.eyetracking              E  Unable to allocate from DMA-BUF heap: system: Invalid argument
2025-09-01 13:05:03.914 13518-15348 VivoJsonResourceManager com.example.eyetracking              E  Allocate: DmabufHeapAlloc failed with error - Invalid argument
2025-09-01 13:05:03.914 13518-15348 VivoJsonResourceManager com.example.eyetracking              W  Allocate: failed ioctl(DMA_BUF_SET_NAME): Bad file descriptor
2025-09-01 13:05:03.914 13518-15348 VivoJsonResourceManager com.example.eyetracking              D  Allocate: alloc buffer_fd:-1 success
2025-09-01 13:05:03.914 13518-15348 VivoJsonResourceManager com.example.eyetracking              E  getJsonByFullName: failed to mmap DMA buffer: Bad file descriptor
2025-09-01 13:05:03.914 13518-15348 VivoJsonResourceManager com.example.eyetracking              W  Cannot open file product/camera/jsons/StaticProjectConfig.json!
2025-09-01 13:05:03.914 13518-15348 VivoJsonResourceManager com.example.eyetracking              E  getJsonByName 69:Json File product/camera/jsons/StaticProjectConfig.json Parsed Failed!!!!!
2025-09-01 13:05:03.914 13518-15348 VivoJsonResourceManager com.example.eyetracking              E  Fail to open StaticProjectConfig.json,root is null
2025-09-01 13:05:03.914 13518-15348 VivoJsonResourceManager com.example.eyetracking              D  Using Path:product/camera/jsons to parse Json Files!
2025-09-01 13:05:03.914 13518-15348 VivoJsonResourceManager com.example.eyetracking              D  GetJsonConfigInfoSize 0
2025-09-01 13:05:03.914 13518-15348 DMABUFHEAPS             com.example.eyetracking              I  Using DMA-BUF heap named: system
2025-09-01 13:05:03.914 13518-15348 DMABUFHEAPS             com.example.eyetracking              E  Unable to allocate from DMA-BUF heap: system: Invalid argument
2025-09-01 13:05:03.914 13518-15348 VivoJsonResourceManager com.example.eyetracking              E  Allocate: DmabufHeapAlloc failed with error - Invalid argument
2025-09-01 13:05:03.914 13518-15348 VivoJsonResourceManager com.example.eyetracking              W  Allocate: failed ioctl(DMA_BUF_SET_NAME): Bad file descriptor
2025-09-01 13:05:03.914 13518-15348 VivoJsonResourceManager com.example.eyetracking              D  Allocate: alloc buffer_fd:-1 success
2025-09-01 13:05:03.914 13518-15348 VivoJsonResourceManager com.example.eyetracking              E  getJsonByFullName: failed to mmap DMA buffer: Bad file descriptor
2025-09-01 13:05:03.914 13518-15348 VivoJsonResourceManager com.example.eyetracking              W  Cannot open file product/camera/jsons/StaticProjectConfig.json!
2025-09-01 13:05:03.914 13518-15348 VivoJsonResourceManager com.example.eyetracking              E  getJsonByName 69:Json File product/camera/jsons/StaticProjectConfig.json Parsed Failed!!!!!
2025-09-01 13:05:03.914 13518-15348 VivoJsonResourceManager com.example.eyetracking              E  Fail to open StaticProjectConfig.json,root is null
2025-09-01 13:05:03.914 13518-15348 VivoJsonResourceManager com.example.eyetracking              D  Using Path:product/camera/jsons to parse Json Files!
2025-09-01 13:05:03.914 13518-15348 VivoJsonResourceManager com.example.eyetracking              D  GetJsonConfigInfoSize 0
2025-09-01 13:05:03.914 13518-15348 DMABUFHEAPS             com.example.eyetracking              I  Using DMA-BUF heap named: system
2025-09-01 13:05:03.914 13518-15348 DMABUFHEAPS             com.example.eyetracking              E  Unable to allocate from DMA-BUF heap: system: Invalid argument
2025-09-01 13:05:03.914 13518-15348 VivoJsonResourceManager com.example.eyetracking              E  Allocate: DmabufHeapAlloc failed with error - Invalid argument
2025-09-01 13:05:03.914 13518-15348 VivoJsonResourceManager com.example.eyetracking              W  Allocate: failed ioctl(DMA_BUF_SET_NAME): Bad file descriptor
2025-09-01 13:05:03.914 13518-15348 VivoJsonResourceManager com.example.eyetracking              D  Allocate: alloc buffer_fd:-1 success
2025-09-01 13:05:03.914 13518-15348 VivoJsonResourceManager com.example.eyetracking              E  getJsonByFullName: failed to mmap DMA buffer: Bad file descriptor
2025-09-01 13:05:03.914 13518-15348 VivoJsonResourceManager com.example.eyetracking              W  Cannot open file product/camera/jsons/StaticProjectConfig.json!
2025-09-01 13:05:03.914 13518-15348 VivoJsonResourceManager com.example.eyetracking              E  getJsonByName 69:Json File product/camera/jsons/StaticProjectConfig.json Parsed Failed!!!!!
2025-09-01 13:05:03.914 13518-15348 VivoJsonResourceManager com.example.eyetracking              E  Fail to open StaticProjectConfig.json,root is null
2025-09-01 13:05:03.914 13518-15348 VivoJsonResourceManager com.example.eyetracking              D  Using Path:product/camera/jsons to parse Json Files!
2025-09-01 13:05:03.914 13518-15348 VivoJsonResourceManager com.example.eyetracking              D  GetJsonConfigInfoSize 0
2025-09-01 13:05:03.914 13518-15348 DMABUFHEAPS             com.example.eyetracking              I  Using DMA-BUF heap named: system
2025-09-01 13:05:03.914 13518-15348 DMABUFHEAPS             com.example.eyetracking              E  Unable to allocate from DMA-BUF heap: system: Invalid argument
2025-09-01 13:05:03.914 13518-15348 VivoJsonResourceManager com.example.eyetracking              E  Allocate: DmabufHeapAlloc failed with error - Invalid argument
2025-09-01 13:05:03.914 13518-15348 VivoJsonResourceManager com.example.eyetracking              W  Allocate: failed ioctl(DMA_BUF_SET_NAME): Bad file descriptor
2025-09-01 13:05:03.914 13518-15348 VivoJsonResourceManager com.example.eyetracking              D  Allocate: alloc buffer_fd:-1 success
2025-09-01 13:05:03.914 13518-15348 VivoJsonResourceManager com.example.eyetracking              E  getJsonByFullName: failed to mmap DMA buffer: Bad file descriptor
2025-09-01 13:05:03.914 13518-15348 VivoJsonResourceManager com.example.eyetracking              W  Cannot open file product/camera/jsons/StaticProjectConfig.json!
2025-09-01 13:05:03.914 13518-15348 VivoJsonResourceManager com.example.eyetracking              E  getJsonByName 69:Json File product/camera/jsons/StaticProjectConfig.json Parsed Failed!!!!!
2025-09-01 13:05:03.914 13518-15348 VivoJsonResourceManager com.example.eyetracking              E  Fail to open StaticProjectConfig.json,root is null
2025-09-01 13:05:03.914 13518-15348 VivoJsonResourceManager com.example.eyetracking              D  Using Path:product/camera/jsons to parse Json Files!
2025-09-01 13:05:03.914 13518-15348 VivoJsonResourceManager com.example.eyetracking              D  GetJsonConfigInfoSize 2323
2025-09-01 13:05:03.914 13518-15348 DMABUFHEAPS             com.example.eyetracking              I  Using DMA-BUF heap named: system
2025-09-01 13:05:03.914 13518-15348 VivoJsonResourceManager com.example.eyetracking              D  Allocate: alloc buffer_fd:208 success
2025-09-01 13:05:03.915 13518-15348 VivoJsonResourceManager com.example.eyetracking              E  mmap ok
2025-09-01 13:05:03.915 13518-15348 VivoJsonResourceManager com.example.eyetracking              D  begin to read file product/camera/jsons/StaticAppNameConfig.json!
2025-09-01 13:05:03.915 13518-15348 VivoJsonResourceManager com.example.eyetracking              D  Using Path:product/camera/jsons to parse Json Files!
2025-09-01 13:05:03.915 13518-15348 VivoJsonResourceManager com.example.eyetracking              D  GetJsonConfigInfoSize 0
2025-09-01 13:05:03.915 13518-15348 DMABUFHEAPS             com.example.eyetracking              I  Using DMA-BUF heap named: system
2025-09-01 13:05:03.915 13518-15348 DMABUFHEAPS             com.example.eyetracking              E  Unable to allocate from DMA-BUF heap: system: Invalid argument
2025-09-01 13:05:03.915 13518-15348 VivoJsonResourceManager com.example.eyetracking              E  Allocate: DmabufHeapAlloc failed with error - Invalid argument
2025-09-01 13:05:03.915 13518-15348 VivoJsonResourceManager com.example.eyetracking              W  Allocate: failed ioctl(DMA_BUF_SET_NAME): Bad file descriptor
2025-09-01 13:05:03.915 13518-15348 VivoJsonResourceManager com.example.eyetracking              D  Allocate: alloc buffer_fd:-1 success
2025-09-01 13:05:03.915 13518-15348 VivoJsonResourceManager com.example.eyetracking              E  getJsonByFullName: failed to mmap DMA buffer: Bad file descriptor
2025-09-01 13:05:03.915 13518-15348 VivoJsonResourceManager com.example.eyetracking              W  Cannot open file product/camera/jsons/StaticProjectConfig.json!
2025-09-01 13:05:03.915 13518-15348 VivoJsonResourceManager com.example.eyetracking              E  getJsonByName 69:Json File product/camera/jsons/StaticProjectConfig.json Parsed Failed!!!!!
2025-09-01 13:05:03.915 13518-15348 VivoJsonResourceManager com.example.eyetracking              E  Fail to open StaticProjectConfig.json,root is null
2025-09-01 13:05:03.915 13518-15348 VivoJsonResourceManager com.example.eyetracking              D  Using Path:product/camera/jsons to parse Json Files!
2025-09-01 13:05:03.915 13518-15348 VivoJsonResourceManager com.example.eyetracking              D  GetJsonConfigInfoSize 0
2025-09-01 13:05:03.915 13518-15348 DMABUFHEAPS             com.example.eyetracking              I  Using DMA-BUF heap named: system
2025-09-01 13:05:03.915 13518-15348 DMABUFHEAPS             com.example.eyetracking              E  Unable to allocate from DMA-BUF heap: system: Invalid argument
2025-09-01 13:05:03.915 13518-15348 VivoJsonResourceManager com.example.eyetracking              E  Allocate: DmabufHeapAlloc failed with error - Invalid argument
2025-09-01 13:05:03.915 13518-15348 VivoJsonResourceManager com.example.eyetracking              W  Allocate: failed ioctl(DMA_BUF_SET_NAME): Bad file descriptor
2025-09-01 13:05:03.915 13518-15348 VivoJsonResourceManager com.example.eyetracking              D  Allocate: alloc buffer_fd:-1 success
2025-09-01 13:05:03.915 13518-15348 VivoJsonResourceManager com.example.eyetracking              E  getJsonByFullName: failed to mmap DMA buffer: Bad file descriptor
2025-09-01 13:05:03.915 13518-15348 VivoJsonResourceManager com.example.eyetracking              W  Cannot open file product/camera/jsons/StaticProjectConfig.json!
2025-09-01 13:05:03.915 13518-15348 VivoJsonResourceManager com.example.eyetracking              E  getJsonByName 69:Json File product/camera/jsons/StaticProjectConfig.json Parsed Failed!!!!!
2025-09-01 13:05:03.915 13518-15348 VivoJsonResourceManager com.example.eyetracking              E  Fail to open StaticProjectConfig.json,root is null
2025-09-01 13:05:03.915 13518-15348 VivoJsonResourceManager com.example.eyetracking              D  Using Path:product/camera/jsons to parse Json Files!
2025-09-01 13:05:03.915 13518-15348 VivoJsonResourceManager com.example.eyetracking              D  GetJsonConfigInfoSize 0
2025-09-01 13:05:03.915 13518-15348 DMABUFHEAPS             com.example.eyetracking              I  Using DMA-BUF heap named: system
2025-09-01 13:05:03.915 13518-15348 DMABUFHEAPS             com.example.eyetracking              E  Unable to allocate from DMA-BUF heap: system: Invalid argument
2025-09-01 13:05:03.915 13518-15348 VivoJsonResourceManager com.example.eyetracking              E  Allocate: DmabufHeapAlloc failed with error - Invalid argument
2025-09-01 13:05:03.915 13518-15348 VivoJsonResourceManager com.example.eyetracking              W  Allocate: failed ioctl(DMA_BUF_SET_NAME): Bad file descriptor
2025-09-01 13:05:03.915 13518-15348 VivoJsonResourceManager com.example.eyetracking              D  Allocate: alloc buffer_fd:-1 success
2025-09-01 13:05:03.915 13518-15348 VivoJsonResourceManager com.example.eyetracking              E  getJsonByFullName: failed to mmap DMA buffer: Bad file descriptor
2025-09-01 13:05:03.915 13518-15348 VivoJsonResourceManager com.example.eyetracking              W  Cannot open file product/camera/jsons/StaticProjectConfig.json!
2025-09-01 13:05:03.915 13518-15348 VivoJsonResourceManager com.example.eyetracking              E  getJsonByName 69:Json File product/camera/jsons/StaticProjectConfig.json Parsed Failed!!!!!
2025-09-01 13:05:03.915 13518-15348 VivoJsonResourceManager com.example.eyetracking              E  Fail to open StaticProjectConfig.json,root is null
2025-09-01 13:05:03.915 13518-15348 VivoJsonResourceManager com.example.eyetracking              D  Using Path:product/camera/jsons to parse Json Files!
2025-09-01 13:05:03.915 13518-15348 VivoJsonResourceManager com.example.eyetracking              D  GetJsonConfigInfoSize 0
2025-09-01 13:05:03.915 13518-15348 DMABUFHEAPS             com.example.eyetracking              I  Using DMA-BUF heap named: system
2025-09-01 13:05:03.915 13518-15348 DMABUFHEAPS             com.example.eyetracking              E  Unable to allocate from DMA-BUF heap: system: Invalid argument
2025-09-01 13:05:03.915 13518-15348 VivoJsonResourceManager com.example.eyetracking              E  Allocate: DmabufHeapAlloc failed with error - Invalid argument
2025-09-01 13:05:03.915 13518-15348 VivoJsonResourceManager com.example.eyetracking              W  Allocate: failed ioctl(DMA_BUF_SET_NAME): Bad file descriptor
2025-09-01 13:05:03.915 13518-15348 VivoJsonResourceManager com.example.eyetracking              D  Allocate: alloc buffer_fd:-1 success
2025-09-01 13:05:03.915 13518-15348 VivoJsonResourceManager com.example.eyetracking              E  getJsonByFullName: failed to mmap DMA buffer: Bad file descriptor
2025-09-01 13:05:03.915 13518-15348 VivoJsonResourceManager com.example.eyetracking              W  Cannot open file product/camera/jsons/StaticProjectConfig.json!
2025-09-01 13:05:03.915 13518-15348 VivoJsonResourceManager com.example.eyetracking              E  getJsonByName 69:Json File product/camera/jsons/StaticProjectConfig.json Parsed Failed!!!!!
2025-09-01 13:05:03.915 13518-15348 VivoJsonResourceManager com.example.eyetracking              E  Fail to open StaticProjectConfig.json,root is null
2025-09-01 13:05:03.915 13518-15348 VivoJsonResourceManager com.example.eyetracking              D  Using Path:product/camera/jsons to parse Json Files!
2025-09-01 13:05:03.915 13518-15348 VivoJsonResourceManager com.example.eyetracking              D  GetJsonConfigInfoSize 0
2025-09-01 13:05:03.915 13518-15348 DMABUFHEAPS             com.example.eyetracking              I  Using DMA-BUF heap named: system
2025-09-01 13:05:03.915 13518-15348 DMABUFHEAPS             com.example.eyetracking              E  Unable to allocate from DMA-BUF heap: system: Invalid argument
2025-09-01 13:05:03.915 13518-15348 VivoJsonResourceManager com.example.eyetracking              E  Allocate: DmabufHeapAlloc failed with error - Invalid argument
2025-09-01 13:05:03.915 13518-15348 VivoJsonResourceManager com.example.eyetracking              W  Allocate: failed ioctl(DMA_BUF_SET_NAME): Bad file descriptor
2025-09-01 13:05:03.915 13518-15348 VivoJsonResourceManager com.example.eyetracking              D  Allocate: alloc buffer_fd:-1 success
2025-09-01 13:05:03.915 13518-15348 VivoJsonResourceManager com.example.eyetracking              E  getJsonByFullName: failed to mmap DMA buffer: Bad file descriptor
2025-09-01 13:05:03.915 13518-15348 VivoJsonResourceManager com.example.eyetracking              W  Cannot open file product/camera/jsons/StaticProjectConfig.json!
2025-09-01 13:05:03.915 13518-15348 VivoJsonResourceManager com.example.eyetracking              E  getJsonByName 69:Json File product/camera/jsons/StaticProjectConfig.json Parsed Failed!!!!!
2025-09-01 13:05:03.915 13518-15348 VivoJsonResourceManager com.example.eyetracking              E  Fail to open StaticProjectConfig.json,root is null
2025-09-01 13:05:03.916 13518-15348 VivoJsonResourceManager com.example.eyetracking              D  Using Path:product/camera/jsons to parse Json Files!
2025-09-01 13:05:03.916 13518-15348 VivoJsonResourceManager com.example.eyetracking              D  GetJsonConfigInfoSize 0
2025-09-01 13:05:03.916 13518-15348 DMABUFHEAPS             com.example.eyetracking              I  Using DMA-BUF heap named: system
2025-09-01 13:05:03.916 13518-15348 DMABUFHEAPS             com.example.eyetracking              E  Unable to allocate from DMA-BUF heap: system: Invalid argument
2025-09-01 13:05:03.916 13518-15348 VivoJsonResourceManager com.example.eyetracking              E  Allocate: DmabufHeapAlloc failed with error - Invalid argument
2025-09-01 13:05:03.916 13518-15348 VivoJsonResourceManager com.example.eyetracking              W  Allocate: failed ioctl(DMA_BUF_SET_NAME): Bad file descriptor
2025-09-01 13:05:03.916 13518-15348 VivoJsonResourceManager com.example.eyetracking              D  Allocate: alloc buffer_fd:-1 success
2025-09-01 13:05:03.916 13518-15348 VivoJsonResourceManager com.example.eyetracking              E  getJsonByFullName: failed to mmap DMA buffer: Bad file descriptor
2025-09-01 13:05:03.916 13518-15348 VivoJsonResourceManager com.example.eyetracking              W  Cannot open file product/camera/jsons/StaticProjectConfig.json!
2025-09-01 13:05:03.916 13518-15348 VivoJsonResourceManager com.example.eyetracking              E  getJsonByName 69:Json File product/camera/jsons/StaticProjectConfig.json Parsed Failed!!!!!
2025-09-01 13:05:03.916 13518-15348 VivoJsonResourceManager com.example.eyetracking              E  Fail to open StaticProjectConfig.json,root is null
2025-09-01 13:05:03.917 13518-15348 VivoJsonResourceManager com.example.eyetracking              D  Using Path:product/camera/jsons to parse Json Files!
2025-09-01 13:05:03.918 13518-15348 VivoJsonResourceManager com.example.eyetracking              D  GetJsonConfigInfoSize 0
2025-09-01 13:05:03.918 13518-15348 DMABUFHEAPS             com.example.eyetracking              I  Using DMA-BUF heap named: system
2025-09-01 13:05:03.918 13518-15348 DMABUFHEAPS             com.example.eyetracking              E  Unable to allocate from DMA-BUF heap: system: Invalid argument
2025-09-01 13:05:03.918 13518-15348 VivoJsonResourceManager com.example.eyetracking              E  Allocate: DmabufHeapAlloc failed with error - Invalid argument
2025-09-01 13:05:03.918 13518-15348 VivoJsonResourceManager com.example.eyetracking              W  Allocate: failed ioctl(DMA_BUF_SET_NAME): Bad file descriptor
2025-09-01 13:05:03.918 13518-15348 VivoJsonResourceManager com.example.eyetracking              D  Allocate: alloc buffer_fd:-1 success
2025-09-01 13:05:03.918 13518-15348 VivoJsonResourceManager com.example.eyetracking              E  getJsonByFullName: failed to mmap DMA buffer: Bad file descriptor
2025-09-01 13:05:03.918 13518-15348 VivoJsonResourceManager com.example.eyetracking              W  Cannot open file product/camera/jsons/StaticProjectConfig.json!
2025-09-01 13:05:03.918 13518-15348 VivoJsonResourceManager com.example.eyetracking              E  getJsonByName 69:Json File product/camera/jsons/StaticProjectConfig.json Parsed Failed!!!!!
2025-09-01 13:05:03.918 13518-15348 VivoJsonResourceManager com.example.eyetracking              E  Fail to open StaticProjectConfig.json,root is null
2025-09-01 13:05:03.918 13518-15348 VivoJsonResourceManager com.example.eyetracking              D  Using Path:product/camera/jsons to parse Json Files!
2025-09-01 13:05:03.918 13518-15348 VivoJsonResourceManager com.example.eyetracking              D  GetJsonConfigInfoSize 0
2025-09-01 13:05:03.918 13518-15348 DMABUFHEAPS             com.example.eyetracking              I  Using DMA-BUF heap named: system
2025-09-01 13:05:03.918 13518-15348 DMABUFHEAPS             com.example.eyetracking              E  Unable to allocate from DMA-BUF heap: system: Invalid argument
2025-09-01 13:05:03.918 13518-15348 VivoJsonResourceManager com.example.eyetracking              E  Allocate: DmabufHeapAlloc failed with error - Invalid argument
2025-09-01 13:05:03.918 13518-15348 VivoJsonResourceManager com.example.eyetracking              W  Allocate: failed ioctl(DMA_BUF_SET_NAME): Bad file descriptor
2025-09-01 13:05:03.918 13518-15348 VivoJsonResourceManager com.example.eyetracking              D  Allocate: alloc buffer_fd:-1 success
2025-09-01 13:05:03.918 13518-15348 VivoJsonResourceManager com.example.eyetracking              E  getJsonByFullName: failed to mmap DMA buffer: Bad file descriptor
2025-09-01 13:05:03.918 13518-15348 VivoJsonResourceManager com.example.eyetracking              W  Cannot open file product/camera/jsons/StaticProjectConfig.json!
2025-09-01 13:05:03.918 13518-15348 VivoJsonResourceManager com.example.eyetracking              E  getJsonByName 69:Json File product/camera/jsons/StaticProjectConfig.json Parsed Failed!!!!!
2025-09-01 13:05:03.918 13518-15348 VivoJsonResourceManager com.example.eyetracking              E  Fail to open StaticProjectConfig.json,root is null
2025-09-01 13:05:03.918 13518-15348 VivoJsonResourceManager com.example.eyetracking              D  Using Path:product/camera/jsons to parse Json Files!
2025-09-01 13:05:03.918 13518-15348 VivoJsonResourceManager com.example.eyetracking              D  GetJsonConfigInfoSize 0
2025-09-01 13:05:03.918 13518-15348 DMABUFHEAPS             com.example.eyetracking              I  Using DMA-BUF heap named: system
2025-09-01 13:05:03.918 13518-15348 DMABUFHEAPS             com.example.eyetracking              E  Unable to allocate from DMA-BUF heap: system: Invalid argument
2025-09-01 13:05:03.918 13518-15348 VivoJsonResourceManager com.example.eyetracking              E  Allocate: DmabufHeapAlloc failed with error - Invalid argument
2025-09-01 13:05:03.918 13518-15348 VivoJsonResourceManager com.example.eyetracking              W  Allocate: failed ioctl(DMA_BUF_SET_NAME): Bad file descriptor
2025-09-01 13:05:03.918 13518-15348 VivoJsonResourceManager com.example.eyetracking              D  Allocate: alloc buffer_fd:-1 success
2025-09-01 13:05:03.918 13518-15348 VivoJsonResourceManager com.example.eyetracking              E  getJsonByFullName: failed to mmap DMA buffer: Bad file descriptor
2025-09-01 13:05:03.918 13518-15348 VivoJsonResourceManager com.example.eyetracking              W  Cannot open file product/camera/jsons/StaticProjectConfig.json!
2025-09-01 13:05:03.918 13518-15348 VivoJsonResourceManager com.example.eyetracking              E  getJsonByName 69:Json File product/camera/jsons/StaticProjectConfig.json Parsed Failed!!!!!
