2025-09-02 17:38:04.533 14005-20710 CalibrationActivity     com.example.eyetracking              V  onFaceLandmarkerResult - faces: 1, calibrating: true
2025-09-02 17:38:04.533 14005-20710 EyeFeatureExtractor     com.example.eyetracking              D  extractFeatures called - imageSize: 640x480, startSize: 1080.0x2392.0
2025-09-02 17:38:04.534 14005-20710 EyeFeatureExtractor     com.example.eyetracking              V  Features extracted - size: 62, scaleX: 0.23584508895874023, scaleY: 0.08759119837579121
2025-09-02 17:38:04.534 14005-20710 Calibrator              com.example.eyetracking              V  predict() - result: (872.9426, 134.1254)
2025-09-02 17:38:04.534 14005-20710 CalibrationActivity     com.example.eyetracking              D  Gaze: (505333.5, 1013515.25), Target: (270.0, 1794.0), Predicted: (872.9426, 134.1254)
2025-09-02 17:38:04.534 14005-20710 CalibrationActivity     com.example.eyetracking              D  Distance: 1130782.4842708753, Threshold: 108.0, ProximityCounter: 0
2025-09-02 17:38:04.534 14005-20710 CalibrationActivity     com.example.eyetracking              V  Outside threshold - distance: 1130782.4842708753
2025-09-02 17:38:04.534 14005-20710 MediaPipeEyeTracker     com.example.eyetracking              V  Successfully passed result to callback
2025-09-02 17:38:04.534 14005-14005 CalibrationOverlay      com.example.eyetracking              D  updateCalibrationPoint called - x: 270.0, y: 1794.0
2025-09-02 17:38:04.544 14005-14005 CalibrationOverlay      com.example.eyetracking              V  onDraw called - point at (270.0, 1794.0)
2025-09-02 17:38:04.544 14005-14005 CalibrationOverlay      com.example.eyetracking              V  Drew red circle at (270.0, 1794.0)
2025-09-02 17:38:04.551 14005-20806 CalibrationActivity     com.example.eyetracking              V  CameraX frame received - 640x480
2025-09-02 17:38:04.551 14005-20806 MediaPipeEyeTracker     com.example.eyetracking              V  processFrame called - initialized: true, processing: false
2025-09-02 17:38:04.595 14005-20711 MediaPipeEyeTracker     com.example.eyetracking              V  processFaceLandmarkerResult - faces detected: 1
2025-09-02 17:38:04.595 14005-20711 MediaPipeEyeTracker     com.example.eyetracking              D  Face detected with 478 landmarks
2025-09-02 17:38:04.595 14005-20711 CalibrationActivity     com.example.eyetracking              V  MediaPipe callback triggered
2025-09-02 17:38:04.595 14005-20711 CalibrationActivity     com.example.eyetracking              V  onFaceLandmarkerResult - faces: 1, calibrating: true
2025-09-02 17:38:04.595 14005-20711 EyeFeatureExtractor     com.example.eyetracking              D  extractFeatures called - imageSize: 640x480, startSize: 1080.0x2392.0
2025-09-02 17:38:04.596 14005-20711 EyeFeatureExtractor     com.example.eyetracking              V  Features extracted - size: 62, scaleX: 0.2359794157522696, scaleY: 0.08753107144282414
2025-09-02 17:38:04.596 14005-20711 Calibrator              com.example.eyetracking              V  predict() - result: (740.6001, 1140.1442)
2025-09-02 17:38:04.596 14005-20711 CalibrationActivity     com.example.eyetracking              D  Gaze: (640918.2, 1120932.4), Target: (270.0, 1794.0), Predicted: (740.6001, 1140.1442)
2025-09-02 17:38:04.596 14005-20711 CalibrationActivity     com.example.eyetracking              D  Distance: 1289535.1110166314, Threshold: 108.0, ProximityCounter: 0
2025-09-02 17:38:04.596 14005-20711 CalibrationActivity     com.example.eyetracking              V  Outside threshold - distance: 1289535.1110166314
2025-09-02 17:38:04.596 14005-20711 MediaPipeEyeTracker     com.example.eyetracking              V  Successfully passed result to callback
2025-09-02 17:38:04.596 14005-14005 CalibrationOverlay      com.example.eyetracking              D  updateCalibrationPoint called - x: 270.0, y: 1794.0
2025-09-02 17:38:04.606 14005-20806 CalibrationActivity     com.example.eyetracking              V  CameraX frame received - 640x480
2025-09-02 17:38:04.606 14005-20806 MediaPipeEyeTracker     com.example.eyetracking              V  processFrame called - initialized: true, processing: false
2025-09-02 17:38:04.611 14005-14005 CalibrationOverlay      com.example.eyetracking              V  onDraw called - point at (270.0, 1794.0)
2025-09-02 17:38:04.611 14005-14005 CalibrationOverlay      com.example.eyetracking              V  Drew red circle at (270.0, 1794.0)
2025-09-02 17:38:04.641 14005-20709 MediaPipeEyeTracker     com.example.eyetracking              V  processFaceLandmarkerResult - faces detected: 1
2025-09-02 17:38:04.642 14005-20709 MediaPipeEyeTracker     com.example.eyetracking              D  Face detected with 478 landmarks
2025-09-02 17:38:04.642 14005-20709 CalibrationActivity     com.example.eyetracking              V  MediaPipe callback triggered
2025-09-02 17:38:04.642 14005-20709 CalibrationActivity     com.example.eyetracking              V  onFaceLandmarkerResult - faces: 1, calibrating: true
2025-09-02 17:38:04.642 14005-20709 EyeFeatureExtractor     com.example.eyetracking              D  extractFeatures called - imageSize: 640x480, startSize: 1080.0x2392.0
2025-09-02 17:38:04.642 14005-20709 EyeFeatureExtractor     com.example.eyetracking              V  Features extracted - size: 62, scaleX: 0.23608990068788882, scaleY: 0.08756534511030319
2025-09-02 17:38:04.642 14005-20709 Calibrator              com.example.eyetracking              V  predict() - result: (739.29205, 994.49493)
2025-09-02 17:38:04.642 14005-20709 CalibrationActivity     com.example.eyetracking              D  Gaze: (748039.0, 1338996.2), Target: (270.0, 1794.0), Predicted: (739.29205, 994.49493)
2025-09-02 17:38:04.642 14005-20709 CalibrationActivity     com.example.eyetracking              D  Distance: 1532079.7416473017, Threshold: 108.0, ProximityCounter: 0
2025-09-02 17:38:04.643 14005-20709 CalibrationActivity     com.example.eyetracking              V  Outside threshold - distance: 1532079.7416473017
2025-09-02 17:38:04.643 14005-14005 CalibrationOverlay      com.example.eyetracking              D  updateCalibrationPoint called - x: 270.0, y: 1794.0
2025-09-02 17:38:04.643 14005-20709 MediaPipeEyeTracker     com.example.eyetracking              V  Successfully passed result to callback
2025-09-02 17:38:04.644 14005-14005 CalibrationOverlay      com.example.eyetracking              V  onDraw called - point at (270.0, 1794.0)
2025-09-02 17:38:04.644 14005-14005 CalibrationOverlay      com.example.eyetracking              V  Drew red circle at (270.0, 1794.0)
2025-09-02 17:38:04.653 14005-20806 CalibrationActivity     com.example.eyetracking              V  CameraX frame received - 640x480
2025-09-02 17:38:04.653 14005-20806 MediaPipeEyeTracker     com.example.eyetracking              V  processFrame called - initialized: true, processing: false
2025-09-02 17:38:04.688 14005-20713 MediaPipeEyeTracker     com.example.eyetracking              V  processFaceLandmarkerResult - faces detected: 1
2025-09-02 17:38:04.688 14005-20713 MediaPipeEyeTracker     com.example.eyetracking              D  Face detected with 478 landmarks
2025-09-02 17:38:04.688 14005-20713 CalibrationActivity     com.example.eyetracking              V  MediaPipe callback triggered
2025-09-02 17:38:04.688 14005-20713 CalibrationActivity     com.example.eyetracking              V  onFaceLandmarkerResult - faces: 1, calibrating: true
2025-09-02 17:38:04.688 14005-20713 EyeFeatureExtractor     com.example.eyetracking              D  extractFeatures called - imageSize: 640x480, startSize: 1080.0x2392.0
2025-09-02 17:38:04.688 14005-20713 EyeFeatureExtractor     com.example.eyetracking              V  Features extracted - size: 62, scaleX: 0.23587126202053493, scaleY: 0.08747609961391692
2025-09-02 17:38:04.689 14005-20713 Calibrator              com.example.eyetracking              V  predict() - result: (735.7423, 992.97797)
2025-09-02 17:38:04.689 14005-20713 CalibrationActivity     com.example.eyetracking              D  Gaze: (772977.44, 1744531.9), Target: (270.0, 1794.0), Predicted: (735.7423, 992.97797)
2025-09-02 17:38:04.689 14005-20713 CalibrationActivity     com.example.eyetracking              D  Distance: 1906360.953473222, Threshold: 108.0, ProximityCounter: 0
2025-09-02 17:38:04.689 14005-20713 CalibrationActivity     com.example.eyetracking              V  Outside threshold - distance: 1906360.953473222
2025-09-02 17:38:04.689 14005-20713 MediaPipeEyeTracker     com.example.eyetracking              V  Successfully passed result to callback
2025-09-02 17:38:04.689 14005-14005 CalibrationOverlay      com.example.eyetracking              D  updateCalibrationPoint called - x: 270.0, y: 1794.0
2025-09-02 17:38:04.694 14005-14005 CalibrationOverlay      com.example.eyetracking              V  onDraw called - point at (270.0, 1794.0)
2025-09-02 17:38:04.694 14005-14005 CalibrationOverlay      com.example.eyetracking              V  Drew red circle at (270.0, 1794.0)
2025-09-02 17:38:04.705 14005-20806 CalibrationActivity     com.example.eyetracking              V  CameraX frame received - 640x480
2025-09-02 17:38:04.705 14005-20806 MediaPipeEyeTracker     com.example.eyetracking              V  processFrame called - initialized: true, processing: false
2025-09-02 17:38:04.731 14005-20715 MediaPipeEyeTracker     com.example.eyetracking              V  processFaceLandmarkerResult - faces detected: 1
2025-09-02 17:38:04.731 14005-20715 MediaPipeEyeTracker     com.example.eyetracking              D  Face detected with 478 landmarks
2025-09-02 17:38:04.731 14005-20715 CalibrationActivity     com.example.eyetracking              V  MediaPipe callback triggered
2025-09-02 17:38:04.731 14005-20715 CalibrationActivity     com.example.eyetracking              V  onFaceLandmarkerResult - faces: 1, calibrating: true
2025-09-02 17:38:04.731 14005-20715 EyeFeatureExtractor     com.example.eyetracking              D  extractFeatures called - imageSize: 640x480, startSize: 1080.0x2392.0
2025-09-02 17:38:04.731 14005-20715 EyeFeatureExtractor     com.example.eyetracking              V  Features extracted - size: 62, scaleX: 0.2359389199150933, scaleY: 0.08747020294036355
2025-09-02 17:38:04.731 14005-20715 Calibrator              com.example.eyetracking              V  predict() - result: (739.1822, 843.83887)
2025-09-02 17:38:04.731 14005-20715 CalibrationActivity     com.example.eyetracking              D  Gaze: (826796.0, 1964110.1), Target: (270.0, 1794.0), Predicted: (739.1822, 843.83887)
2025-09-02 17:38:04.732 14005-20715 CalibrationActivity     com.example.eyetracking              D  Distance: 2129279.1745356023, Threshold: 108.0, ProximityCounter: 0
2025-09-02 17:38:04.732 14005-20715 CalibrationActivity     com.example.eyetracking              V  Outside threshold - distance: 2129279.1745356023
2025-09-02 17:38:04.732 14005-20715 MediaPipeEyeTracker     com.example.eyetracking              V  Successfully passed result to callback
2025-09-02 17:38:04.732 14005-14005 CalibrationOverlay      com.example.eyetracking              D  updateCalibrationPoint called - x: 270.0, y: 1794.0
2025-09-02 17:38:04.744 14005-14005 CalibrationOverlay      com.example.eyetracking              V  onDraw called - point at (270.0, 1794.0)
2025-09-02 17:38:04.744 14005-14005 CalibrationOverlay      com.example.eyetracking              V  Drew red circle at (270.0, 1794.0)
2025-09-02 17:38:04.755 14005-20806 CalibrationActivity     com.example.eyetracking              V  CameraX frame received - 640x480
2025-09-02 17:38:04.755 14005-20806 MediaPipeEyeTracker     com.example.eyetracking              V  processFrame called - initialized: true, processing: false
2025-09-02 17:38:04.800 14005-20715 MediaPipeEyeTracker     com.example.eyetracking              V  processFaceLandmarkerResult - faces detected: 1
2025-09-02 17:38:04.800 14005-20715 MediaPipeEyeTracker     com.example.eyetracking              D  Face detected with 478 landmarks
2025-09-02 17:38:04.800 14005-20715 CalibrationActivity     com.example.eyetracking              V  MediaPipe callback triggered
2025-09-02 17:38:04.800 14005-20715 CalibrationActivity     com.example.eyetracking              V  onFaceLandmarkerResult - faces: 1, calibrating: true
2025-09-02 17:38:04.801 14005-20715 EyeFeatureExtractor     com.example.eyetracking              D  extractFeatures called - imageSize: 640x480, startSize: 1080.0x2392.0
2025-09-02 17:38:04.801 14005-20715 EyeFeatureExtractor     com.example.eyetracking              V  Features extracted - size: 62, scaleX: 0.23599940759164315, scaleY: 0.08749039874826386
2025-09-02 17:38:04.801 14005-20715 Calibrator              com.example.eyetracking              V  predict() - result: (611.0818, 838.3565)
2025-09-02 17:38:04.801 14005-20715 CalibrationActivity     com.example.eyetracking              D  Gaze: (770234.06, 2301014.2), Target: (270.0, 1794.0), Predicted: (611.0818, 838.3565)
2025-09-02 17:38:04.802 14005-14005 CalibrationOverlay      com.example.eyetracking              D  updateCalibrationPoint called - x: 270.0, y: 1794.0
2025-09-02 17:38:04.802 14005-20715 CalibrationActivity     com.example.eyetracking              D  Distance: 2424718.2136387657, Threshold: 108.0, ProximityCounter: 0
2025-09-02 17:38:04.802 14005-20715 CalibrationActivity     com.example.eyetracking              V  Outside threshold - distance: 2424718.2136387657
2025-09-02 17:38:04.802 14005-20715 MediaPipeEyeTracker     com.example.eyetracking              V  Successfully passed result to callback
2025-09-02 17:38:04.803 14005-20806 CalibrationActivity     com.example.eyetracking              V  CameraX frame received - 640x480
2025-09-02 17:38:04.803 14005-20806 MediaPipeEyeTracker     com.example.eyetracking              V  processFrame called - initialized: true, processing: false
2025-09-02 17:38:04.811 14005-14005 CalibrationOverlay      com.example.eyetracking              V  onDraw called - point at (270.0, 1794.0)
2025-09-02 17:38:04.811 14005-14005 CalibrationOverlay      com.example.eyetracking              V  Drew red circle at (270.0, 1794.0)
2025-09-02 17:38:04.832 14005-20712 MediaPipeEyeTracker     com.example.eyetracking              V  processFaceLandmarkerResult - faces detected: 1
2025-09-02 17:38:04.832 14005-20712 MediaPipeEyeTracker     com.example.eyetracking              D  Face detected with 478 landmarks
2025-09-02 17:38:04.832 14005-20712 CalibrationActivity     com.example.eyetracking              V  MediaPipe callback triggered
2025-09-02 17:38:04.832 14005-20712 CalibrationActivity     com.example.eyetracking              V  onFaceLandmarkerResult - faces: 1, calibrating: true
2025-09-02 17:38:04.832 14005-20712 EyeFeatureExtractor     com.example.eyetracking              D  extractFeatures called - imageSize: 640x480, startSize: 1080.0x2392.0
2025-09-02 17:38:04.833 14005-20712 EyeFeatureExtractor     com.example.eyetracking              V  Features extracted - size: 62, scaleX: 0.23608103504887334, scaleY: 0.08750692857149053
2025-09-02 17:38:04.833 14005-20712 Calibrator              com.example.eyetracking              V  predict() - result: (610.80853, 816.0396)
2025-09-02 17:38:04.833 14005-20712 CalibrationActivity     com.example.eyetracking              D  Gaze: (742199.06, 2145962.8), Target: (270.0, 1794.0), Predicted: (610.80853, 816.0396)
2025-09-02 17:38:04.833 14005-20712 CalibrationActivity     com.example.eyetracking              D  Distance: 2268902.4576342395, Threshold: 108.0, ProximityCounter: 0
2025-09-02 17:38:04.833 14005-20712 CalibrationActivity     com.example.eyetracking              V  Outside threshold - distance: 2268902.4576342395
2025-09-02 17:38:04.833 14005-20712 MediaPipeEyeTracker     com.example.eyetracking              V  Successfully passed result to callback
2025-09-02 17:38:04.833 14005-14005 CalibrationOverlay      com.example.eyetracking              D  updateCalibrationPoint called - x: 270.0, y: 1794.0
2025-09-02 17:38:04.844 14005-14005 CalibrationOverlay      com.example.eyetracking              V  onDraw called - point at (270.0, 1794.0)
2025-09-02 17:38:04.845 14005-14005 CalibrationOverlay      com.example.eyetracking              V  Drew red circle at (270.0, 1794.0)
2025-09-02 17:38:04.855 14005-20806 CalibrationActivity     com.example.eyetracking              V  CameraX frame received - 640x480
2025-09-02 17:38:04.855 14005-20806 MediaPipeEyeTracker     com.example.eyetracking              V  processFrame called - initialized: true, processing: false
2025-09-02 17:38:04.903 14005-20714 MediaPipeEyeTracker     com.example.eyetracking              V  processFaceLandmarkerResult - faces detected: 1
2025-09-02 17:38:04.903 14005-20714 MediaPipeEyeTracker     com.example.eyetracking              D  Face detected with 478 landmarks
2025-09-02 17:38:04.903 14005-20714 CalibrationActivity     com.example.eyetracking              V  MediaPipe callback triggered
2025-09-02 17:38:04.903 14005-20714 CalibrationActivity     com.example.eyetracking              V  onFaceLandmarkerResult - faces: 1, calibrating: true
2025-09-02 17:38:04.903 14005-20714 EyeFeatureExtractor     com.example.eyetracking              D  extractFeatures called - imageSize: 640x480, startSize: 1080.0x2392.0
2025-09-02 17:38:04.903 14005-20806 CalibrationActivity     com.example.eyetracking              V  CameraX frame received - 640x480
2025-09-02 17:38:04.903 14005-20806 MediaPipeEyeTracker     com.example.eyetracking              V  processFrame called - initialized: true, processing: false
2025-09-02 17:38:04.903 14005-20714 EyeFeatureExtractor     com.example.eyetracking              V  Features extracted - size: 62, scaleX: 0.23591553723370587, scaleY: 0.0874888259032897
2025-09-02 17:38:04.903 14005-20714 Calibrator              com.example.eyetracking              V  predict() - result: (860.74567, 45.76638)
2025-09-02 17:38:04.904 14005-20714 CalibrationActivity     com.example.eyetracking              D  Gaze: (768433.06, 1692090.9), Target: (270.0, 1794.0), Predicted: (860.74567, 45.76638)
2025-09-02 17:38:04.904 14005-20714 CalibrationActivity     com.example.eyetracking              D  Distance: 1856657.7541981572, Threshold: 108.0, ProximityCounter: 0
2025-09-02 17:38:04.904 14005-20714 CalibrationActivity     com.example.eyetracking              V  Outside threshold - distance: 1856657.7541981572
2025-09-02 17:38:04.904 14005-20714 MediaPipeEyeTracker     com.example.eyetracking              V  Successfully passed result to callback
2025-09-02 17:38:04.904 14005-14005 CalibrationOverlay      com.example.eyetracking              D  updateCalibrationPoint called - x: 270.0, y: 1794.0
2025-09-02 17:38:04.912 14005-14005 CalibrationOverlay      com.example.eyetracking              V  onDraw called - point at (270.0, 1794.0)
2025-09-02 17:38:04.912 14005-14005 CalibrationOverlay      com.example.eyetracking              V  Drew red circle at (270.0, 1794.0)
2025-09-02 17:38:04.941 14005-20710 MediaPipeEyeTracker     com.example.eyetracking              V  processFaceLandmarkerResult - faces detected: 1
2025-09-02 17:38:04.941 14005-20710 MediaPipeEyeTracker     com.example.eyetracking              D  Face detected with 478 landmarks
2025-09-02 17:38:04.941 14005-20710 CalibrationActivity     com.example.eyetracking              V  MediaPipe callback triggered
2025-09-02 17:38:04.941 14005-20710 CalibrationActivity     com.example.eyetracking              V  onFaceLandmarkerResult - faces: 1, calibrating: true
2025-09-02 17:38:04.941 14005-20710 EyeFeatureExtractor     com.example.eyetracking              D  extractFeatures called - imageSize: 640x480, startSize: 1080.0x2392.0
2025-09-02 17:38:04.942 14005-20710 EyeFeatureExtractor     com.example.eyetracking              V  Features extracted - size: 62, scaleX: 0.23597434714988427, scaleY: 0.08741409483561946
2025-09-02 17:38:04.942 14005-20710 Calibrator              com.example.eyetracking              V  predict() - result: (732.9038, 155.47377)
2025-09-02 17:38:04.942 14005-20710 CalibrationActivity     com.example.eyetracking              D  Gaze: (767819.94, 1291428.9), Target: (270.0, 1794.0), Predicted: (732.9038, 155.47377)
2025-09-02 17:38:04.942 14005-20710 CalibrationActivity     com.example.eyetracking              D  Distance: 1500763.478157874, Threshold: 108.0, ProximityCounter: 0
2025-09-02 17:38:04.942 14005-20710 CalibrationActivity     com.example.eyetracking              V  Outside threshold - distance: 1500763.478157874
2025-09-02 17:38:04.942 14005-20710 MediaPipeEyeTracker     com.example.eyetracking              V  Successfully passed result to callback
2025-09-02 17:38:04.943 14005-14005 CalibrationOverlay      com.example.eyetracking              D  updateCalibrationPoint called - x: 270.0, y: 1794.0
2025-09-02 17:38:04.945 14005-14005 CalibrationOverlay      com.example.eyetracking              V  onDraw called - point at (270.0, 1794.0)
2025-09-02 17:38:04.946 14005-14005 CalibrationOverlay      com.example.eyetracking              V  Drew red circle at (270.0, 1794.0)
2025-09-02 17:38:04.953 14005-20806 CalibrationActivity     com.example.eyetracking              V  CameraX frame received - 640x480
2025-09-02 17:38:04.953 14005-20806 MediaPipeEyeTracker     com.example.eyetracking              V  processFrame called - initialized: true, processing: false
2025-09-02 17:38:04.976 14005-20714 MediaPipeEyeTracker     com.example.eyetracking              V  processFaceLandmarkerResult - faces detected: 1
2025-09-02 17:38:04.976 14005-20714 MediaPipeEyeTracker     com.example.eyetracking              D  Face detected with 478 landmarks
2025-09-02 17:38:04.976 14005-20714 CalibrationActivity     com.example.eyetracking              V  MediaPipe callback triggered
2025-09-02 17:38:04.976 14005-20714 CalibrationActivity     com.example.eyetracking              V  onFaceLandmarkerResult - faces: 1, calibrating: true
2025-09-02 17:38:04.976 14005-20714 EyeFeatureExtractor     com.example.eyetracking              D  extractFeatures called - imageSize: 640x480, startSize: 1080.0x2392.0
2025-09-02 17:38:04.976 14005-20714 EyeFeatureExtractor     com.example.eyetracking              V  Features extracted - size: 62, scaleX: 0.23595128235993562, scaleY: 0.08726082318602597
2025-09-02 17:38:04.976 14005-20714 Calibrator              com.example.eyetracking              V  predict() - result: (1117.8268, -498.001)
2025-09-02 17:38:04.976 14005-20714 CalibrationActivity     com.example.eyetracking              D  Gaze: (849607.2, 649492.7), Target: (270.0, 1794.0), Predicted: (1117.8268, -498.001)
2025-09-02 17:38:04.977 14005-20714 CalibrationActivity     com.example.eyetracking              D  Distance: 1068123.2362698757, Threshold: 108.0, ProximityCounter: 0
2025-09-02 17:38:04.977 14005-20714 CalibrationActivity     com.example.eyetracking              V  Outside threshold - distance: 1068123.2362698757
2025-09-02 17:38:04.977 14005-20714 MediaPipeEyeTracker     com.example.eyetracking              V  Successfully passed result to callback
2025-09-02 17:38:04.977 14005-14005 CalibrationOverlay      com.example.eyetracking              D  updateCalibrationPoint called - x: 270.0, y: 1794.0
2025-09-02 17:38:04.994 14005-14005 CalibrationOverlay      com.example.eyetracking              V  onDraw called - point at (270.0, 1794.0)
2025-09-02 17:38:04.994 14005-14005 CalibrationOverlay      com.example.eyetracking              V  Drew red circle at (270.0, 1794.0)
2025-09-02 17:38:05.003 14005-20806 CalibrationActivity     com.example.eyetracking              V  CameraX frame received - 640x480
2025-09-02 17:38:05.003 14005-20806 MediaPipeEyeTracker     com.example.eyetracking              V  processFrame called - initialized: true, processing: false
2025-09-02 17:38:05.032 14005-20716 MediaPipeEyeTracker     com.example.eyetracking              V  processFaceLandmarkerResult - faces detected: 1
2025-09-02 17:38:05.032 14005-20716 MediaPipeEyeTracker     com.example.eyetracking              D  Face detected with 478 landmarks
2025-09-02 17:38:05.032 14005-20716 CalibrationActivity     com.example.eyetracking              V  MediaPipe callback triggered
2025-09-02 17:38:05.034 14005-20716 CalibrationActivity     com.example.eyetracking              V  onFaceLandmarkerResult - faces: 1, calibrating: true
2025-09-02 17:38:05.034 14005-20716 EyeFeatureExtractor     com.example.eyetracking              D  extractFeatures called - imageSize: 640x480, startSize: 1080.0x2392.0
2025-09-02 17:38:05.034 14005-20716 EyeFeatureExtractor     com.example.eyetracking              V  Features extracted - size: 62, scaleX: 0.235527409447564, scaleY: 0.08727472761402959
2025-09-02 17:38:05.034 14005-20716 Calibrator              com.example.eyetracking              V  predict() - result: (597.96606, -114.582535)
2025-09-02 17:38:05.035 14005-20716 CalibrationActivity     com.example.eyetracking              D  Gaze: (846774.2, 193606.67), Target: (270.0, 1794.0), Predicted: (597.96606, -114.582535)
2025-09-02 17:38:05.035 14005-20716 CalibrationActivity     com.example.eyetracking              D  Distance: 867963.9627005614, Threshold: 108.0, ProximityCounter: 0
2025-09-02 17:38:05.035 14005-14005 CalibrationOverlay      com.example.eyetracking              D  updateCalibrationPoint called - x: 270.0, y: 1794.0
2025-09-02 17:38:05.035 14005-20716 CalibrationActivity     com.example.eyetracking              V  Outside threshold - distance: 867963.9627005614
2025-09-02 17:38:05.035 14005-20716 MediaPipeEyeTracker     com.example.eyetracking              V  Successfully passed result to callback
2025-09-02 17:38:05.044 14005-14005 CalibrationOverlay      com.example.eyetracking              V  onDraw called - point at (270.0, 1794.0)
2025-09-02 17:38:05.044 14005-14005 CalibrationOverlay      com.example.eyetracking              V  Drew red circle at (270.0, 1794.0)
2025-09-02 17:38:05.056 14005-20806 CalibrationActivity     com.example.eyetracking              V  CameraX frame received - 640x480
2025-09-02 17:38:05.056 14005-20806 MediaPipeEyeTracker     com.example.eyetracking              V  processFrame called - initialized: true, processing: false
2025-09-02 17:38:05.086 14005-20709 MediaPipeEyeTracker     com.example.eyetracking              V  processFaceLandmarkerResult - faces detected: 1
2025-09-02 17:38:05.086 14005-20709 MediaPipeEyeTracker     com.example.eyetracking              D  Face detected with 478 landmarks
2025-09-02 17:38:05.086 14005-20709 CalibrationActivity     com.example.eyetracking              V  MediaPipe callback triggered
2025-09-02 17:38:05.086 14005-20709 CalibrationActivity     com.example.eyetracking              V  onFaceLandmarkerResult - faces: 1, calibrating: true
2025-09-02 17:38:05.086 14005-20709 EyeFeatureExtractor     com.example.eyetracking              D  extractFeatures called - imageSize: 640x480, startSize: 1080.0x2392.0
2025-09-02 17:38:05.087 14005-20709 EyeFeatureExtractor     com.example.eyetracking              V  Features extracted - size: 62, scaleX: 0.23462343215942383, scaleY: 0.08722745255881727
2025-09-02 17:38:05.087 14005-20709 Calibrator              com.example.eyetracking              V  predict() - result: (850.1415, 286.13123)
2025-09-02 17:38:05.087 14005-20709 CalibrationActivity     com.example.eyetracking              D  Gaze: (898470.06, -59901.5), Target: (270.0, 1794.0), Predicted: (850.1415, 286.13123)
2025-09-02 17:38:05.087 14005-20709 CalibrationActivity     com.example.eyetracking              D  Distance: 900316.4371459925, Threshold: 108.0, ProximityCounter: 0
2025-09-02 17:38:05.087 14005-20709 CalibrationActivity     com.example.eyetracking              V  Outside threshold - distance: 900316.4371459925
2025-09-02 17:38:05.087 14005-20709 MediaPipeEyeTracker     com.example.eyetracking              V  Successfully passed result to callback
2025-09-02 17:38:05.087 14005-14005 CalibrationOverlay      com.example.eyetracking              D  updateCalibrationPoint called - x: 270.0, y: 1794.0
2025-09-02 17:38:05.094 14005-14005 CalibrationOverlay      com.example.eyetracking              V  onDraw called - point at (270.0, 1794.0)
2025-09-02 17:38:05.094 14005-14005 CalibrationOverlay      com.example.eyetracking              V  Drew red circle at (270.0, 1794.0)
2025-09-02 17:38:05.099 14005-20806 CalibrationActivity     com.example.eyetracking              V  CameraX frame received - 640x480
2025-09-02 17:38:05.099 14005-20806 MediaPipeEyeTracker     com.example.eyetracking              V  processFrame called - initialized: true, processing: false
2025-09-02 17:38:05.125 14005-20710 MediaPipeEyeTracker     com.example.eyetracking              V  processFaceLandmarkerResult - faces detected: 1
2025-09-02 17:38:05.125 14005-20710 MediaPipeEyeTracker     com.example.eyetracking              D  Face detected with 478 landmarks
2025-09-02 17:38:05.125 14005-20710 CalibrationActivity     com.example.eyetracking              V  MediaPipe callback triggered
2025-09-02 17:38:05.125 14005-20710 CalibrationActivity     com.example.eyetracking              V  onFaceLandmarkerResult - faces: 1, calibrating: true
2025-09-02 17:38:05.125 14005-20710 EyeFeatureExtractor     com.example.eyetracking              D  extractFeatures called - imageSize: 640x480, startSize: 1080.0x2392.0
2025-09-02 17:38:05.125 14005-20710 EyeFeatureExtractor     com.example.eyetracking              V  Features extracted - size: 62, scaleX: 0.2335199956540708, scaleY: 0.08722869050143953
2025-09-02 17:38:05.125 14005-20710 Calibrator              com.example.eyetracking              V  predict() - result: (463.63608, 668.0914)
2025-09-02 17:38:05.125 14005-20710 CalibrationActivity     com.example.eyetracking              D  Gaze: (812694.44, 237818.77), Target: (270.0, 1794.0), Predicted: (463.63608, 668.0914)
2025-09-02 17:38:05.125 14005-20710 CalibrationActivity     com.example.eyetracking              D  Distance: 846014.8678572543, Threshold: 108.0, ProximityCounter: 0
2025-09-02 17:38:05.125 14005-20710 CalibrationActivity     com.example.eyetracking              V  Outside threshold - distance: 846014.8678572543
2025-09-02 17:38:05.125 14005-20710 MediaPipeEyeTracker     com.example.eyetracking              V  Successfully passed result to callback
2025-09-02 17:38:05.126 14005-14005 CalibrationOverlay      com.example.eyetracking              D  updateCalibrationPoint called - x: 270.0, y: 1794.0
2025-09-02 17:38:05.127 14005-14005 CalibrationOverlay      com.example.eyetracking              V  onDraw called - point at (270.0, 1794.0)
2025-09-02 17:38:05.127 14005-14005 CalibrationOverlay      com.example.eyetracking              V  Drew red circle at (270.0, 1794.0)
2025-09-02 17:38:05.150 14005-20806 CalibrationActivity     com.example.eyetracking              V  CameraX frame received - 640x480
2025-09-02 17:38:05.150 14005-20806 MediaPipeEyeTracker     com.example.eyetracking              V  processFrame called - initialized: true, processing: false
2025-09-02 17:38:05.171 14005-20715 MediaPipeEyeTracker     com.example.eyetracking              V  processFaceLandmarkerResult - faces detected: 1
2025-09-02 17:38:05.171 14005-20715 MediaPipeEyeTracker     com.example.eyetracking              D  Face detected with 478 landmarks
2025-09-02 17:38:05.171 14005-20715 CalibrationActivity     com.example.eyetracking              V  MediaPipe callback triggered
2025-09-02 17:38:05.171 14005-20715 CalibrationActivity     com.example.eyetracking              V  onFaceLandmarkerResult - faces: 1, calibrating: true
2025-09-02 17:38:05.171 14005-20715 EyeFeatureExtractor     com.example.eyetracking              D  extractFeatures called - imageSize: 640x480, startSize: 1080.0x2392.0
2025-09-02 17:38:05.171 14005-20715 EyeFeatureExtractor     com.example.eyetracking              V  Features extracted - size: 62, scaleX: 0.2332712279425727, scaleY: 0.08717480112477688
2025-09-02 17:38:05.171 14005-20715 Calibrator              com.example.eyetracking              V  predict() - result: (719.8683, 922.9023)
2025-09-02 17:38:05.171 14005-20715 CalibrationActivity     com.example.eyetracking              D  Gaze: (809878.75, 604956.56), Target: (270.0, 1794.0), Predicted: (719.8683, 922.9023)
2025-09-02 17:38:05.171 14005-20715 CalibrationActivity     com.example.eyetracking              D  Distance: 1009589.7210640216, Threshold: 108.0, ProximityCounter: 0
2025-09-02 17:38:05.171 14005-20715 CalibrationActivity     com.example.eyetracking              V  Outside threshold - distance: 1009589.7210640216
2025-09-02 17:38:05.171 14005-20715 MediaPipeEyeTracker     com.example.eyetracking              V  Successfully passed result to callback
2025-09-02 17:38:05.172 14005-14005 CalibrationOverlay      com.example.eyetracking              D  updateCalibrationPoint called - x: 270.0, y: 1794.0
2025-09-02 17:38:05.177 14005-14005 CalibrationOverlay      com.example.eyetracking              V  onDraw called - point at (270.0, 1794.0)
2025-09-02 17:38:05.177 14005-14005 CalibrationOverlay      com.example.eyetracking              V  Drew red circle at (270.0, 1794.0)
2025-09-02 17:38:05.204 14005-20806 CalibrationActivity     com.example.eyetracking              V  CameraX frame received - 640x480
2025-09-02 17:38:05.204 14005-20806 MediaPipeEyeTracker     com.example.eyetracking              V  processFrame called - initialized: true, processing: false
2025-09-02 17:38:05.256 14005-20806 CalibrationActivity     com.example.eyetracking              V  CameraX frame received - 640x480
2025-09-02 17:38:05.256 14005-20806 MediaPipeEyeTracker     com.example.eyetracking              V  processFrame called - initialized: true, processing: true
2025-09-02 17:38:05.256 14005-20806 MediaPipeEyeTracker     com.example.eyetracking              V  Skipping frame - still processing previous
2025-09-02 17:38:05.265 14005-20709 MediaPipeEyeTracker     com.example.eyetracking              V  processFaceLandmarkerResult - faces detected: 1
2025-09-02 17:38:05.265 14005-20709 MediaPipeEyeTracker     com.example.eyetracking              D  Face detected with 478 landmarks
2025-09-02 17:38:05.265 14005-20709 CalibrationActivity     com.example.eyetracking              V  MediaPipe callback triggered
2025-09-02 17:38:05.265 14005-20709 CalibrationActivity     com.example.eyetracking              V  onFaceLandmarkerResult - faces: 1, calibrating: true
2025-09-02 17:38:05.265 14005-20709 EyeFeatureExtractor     com.example.eyetracking              D  extractFeatures called - imageSize: 640x480, startSize: 1080.0x2392.0
2025-09-02 17:38:05.266 14005-20709 EyeFeatureExtractor     com.example.eyetracking              V  Features extracted - size: 62, scaleX: 0.23333273993598092, scaleY: 0.08716155454067881
2025-09-02 17:38:05.266 14005-20709 Calibrator              com.example.eyetracking              V  predict() - result: (335.13354, 672.1356)
2025-09-02 17:38:05.267 14005-14005 CalibrationOverlay      com.example.eyetracking              D  updateCalibrationPoint called - x: 270.0, y: 1794.0
2025-09-02 17:38:05.267 14005-20709 CalibrationActivity     com.example.eyetracking              D  Gaze: (640817.06, 1164750.0), Target: (270.0, 1794.0), Predicted: (335.13354, 672.1356)
2025-09-02 17:38:05.267 14005-20709 CalibrationActivity     com.example.eyetracking              D  Distance: 1327692.4332138747, Threshold: 108.0, ProximityCounter: 0
2025-09-02 17:38:05.267 14005-20709 CalibrationActivity     com.example.eyetracking              V  Outside threshold - distance: 1327692.4332138747
2025-09-02 17:38:05.267 14005-20709 MediaPipeEyeTracker     com.example.eyetracking              V  Successfully passed result to callback
2025-09-02 17:38:05.278 14005-14005 CalibrationOverlay      com.example.eyetracking              V  onDraw called - point at (270.0, 1794.0)
2025-09-02 17:38:05.278 14005-14005 CalibrationOverlay      com.example.eyetracking              V  Drew red circle at (270.0, 1794.0)
2025-09-02 17:38:05.307 14005-20806 CalibrationActivity     com.example.eyetracking              V  CameraX frame received - 640x480
2025-09-02 17:38:05.307 14005-20806 MediaPipeEyeTracker     com.example.eyetracking              V  processFrame called - initialized: true, processing: false
2025-09-02 17:38:05.345 14005-20806 CalibrationActivity     com.example.eyetracking              V  CameraX frame received - 640x480
2025-09-02 17:38:05.346 14005-20806 MediaPipeEyeTracker     com.example.eyetracking              V  processFrame called - initialized: true, processing: true
2025-09-02 17:38:05.346 14005-20806 MediaPipeEyeTracker     com.example.eyetracking              V  Skipping frame - still processing previous
2025-09-02 17:38:05.350 14005-20709 MediaPipeEyeTracker     com.example.eyetracking              V  processFaceLandmarkerResult - faces detected: 1
2025-09-02 17:38:05.350 14005-20709 MediaPipeEyeTracker     com.example.eyetracking              D  Face detected with 478 landmarks
2025-09-02 17:38:05.351 14005-20709 CalibrationActivity     com.example.eyetracking              V  MediaPipe callback triggered
2025-09-02 17:38:05.352 14005-20709 CalibrationActivity     com.example.eyetracking              V  onFaceLandmarkerResult - faces: 1, calibrating: true
2025-09-02 17:38:05.352 14005-20709 EyeFeatureExtractor     com.example.eyetracking              D  extractFeatures called - imageSize: 640x480, startSize: 1080.0x2392.0
2025-09-02 17:38:05.352 14005-20709 EyeFeatureExtractor     com.example.eyetracking              V  Features extracted - size: 62, scaleX: 0.23294680206863969, scaleY: 0.08699395385474265
2025-09-02 17:38:05.352 14005-20709 Calibrator              com.example.eyetracking              V  predict() - result: (844.1224, -737.1441)
2025-09-02 17:38:05.353 14005-14005 CalibrationOverlay      com.example.eyetracking              D  updateCalibrationPoint called - x: 270.0, y: 1794.0
2025-09-02 17:38:05.354 14005-20709 CalibrationActivity     com.example.eyetracking              D  Gaze: (693986.75, 866916.5), Target: (270.0, 1794.0), Predicted: (844.1224, -737.1441)
2025-09-02 17:38:05.354 14005-20709 CalibrationActivity     com.example.eyetracking              D  Distance: 1108909.315154676, Threshold: 108.0, ProximityCounter: 0
2025-09-02 17:38:05.354 14005-20709 CalibrationActivity     com.example.eyetracking              D  Time-based fallback triggered - forcing move to next point after 7075ms
2025-09-02 17:38:05.354 14005-20709 Calibrator              com.example.eyetracking              V  add() called - features size: 62, target: (270.0, 1794.0)
2025-09-02 17:38:05.354 14005-20709 Calibrator              com.example.eyetracking              V  Buffer sizes - tmpX: 1, X: 188
2025-09-02 17:38:05.354 14005-20709 Calibrator              com.example.eyetracking              V  trainRealTime() - total samples: 189, features per sample: 62
2025-09-02 17:38:05.361 14005-14005 CalibrationOverlay      com.example.eyetracking              V  onDraw called - point at (270.0, 1794.0)
2025-09-02 17:38:05.361 14005-14005 CalibrationOverlay      com.example.eyetracking              V  Drew red circle at (270.0, 1794.0)
2025-09-02 17:38:05.363 14005-20709 Calibrator              com.example.eyetracking              D  Model trained successfully - fitted: true
2025-09-02 17:38:05.363 14005-20709 Calibrator              com.example.eyetracking              D  movePoint() - moving 1 samples to permanent storage
2025-09-02 17:38:05.363 14005-20709 Calibrator              com.example.eyetracking              D  movePoint() - calibration finished: true, total permanent samples: 189
2025-09-02 17:38:05.372 14005-20709 CalibrationActivity     com.example.eyetracking              D  Calibration stopped
2025-09-02 17:38:05.372 14005-20709 MediaPipeEyeTracker     com.example.eyetracking              V  Successfully passed result to callback
2025-09-02 17:38:05.421 14005-20806 CalibrationActivity     com.example.eyetracking              V  CameraX frame received - 640x480
2025-09-02 17:38:05.421 14005-20806 MediaPipeEyeTracker     com.example.eyetracking              V  processFrame called - initialized: true, processing: false
2025-09-02 17:38:05.461 14005-20712 MediaPipeEyeTracker     com.example.eyetracking              V  processFaceLandmarkerResult - faces detected: 1
2025-09-02 17:38:05.461 14005-20712 MediaPipeEyeTracker     com.example.eyetracking              D  Face detected with 478 landmarks
2025-09-02 17:38:05.461 14005-20712 CalibrationActivity     com.example.eyetracking              V  MediaPipe callback triggered
2025-09-02 17:38:05.461 14005-20712 CalibrationActivity     com.example.eyetracking              V  onFaceLandmarkerResult - faces: 1, calibrating: false
2025-09-02 17:38:05.461 14005-20712 CalibrationActivity     com.example.eyetracking              V  Not calibrating - skipping processing
2025-09-02 17:38:05.461 14005-20712 MediaPipeEyeTracker     com.example.eyetracking              V  Successfully passed result to callback
2025-09-02 17:38:05.509 14005-14005 TrackingActivity        com.example.eyetracking              D  Calibrator loaded successfully with head tracking data
2025-09-02 17:38:05.509 14005-14005 TrackingActivity        com.example.eyetracking              D  Start dimensions: 1080.0x2392.0, Head position: (423.25798988342285, 1311.9200429916382)
2025-09-02 17:38:05.511 14005-14005 TrackingActivity        com.example.eyetracking              D  Initialized all 6 metric displays
2025-09-02 17:38:05.511 14005-14005 MediaPipeEyeTracker     com.example.eyetracking              D  Model file found: face_landmarker.task
2025-09-02 17:38:05.557 14005-20945 tflite                  com.example.eyetracking              I  Replacing 164 out of 164 node(s) with delegate (TfLiteXNNPackDelegate) node, yielding 1 partitions for the whole graph.
2025-09-02 17:38:05.567 14005-20944 tflite                  com.example.eyetracking              I  Replacing 471 out of 471 node(s) with delegate (TfLiteXNNPackDelegate) node, yielding 1 partitions for the whole graph.
2025-09-02 17:38:05.586 14005-20941 tflite                  com.example.eyetracking              I  Replacing 177 out of 182 node(s) with delegate (TfLiteXNNPackDelegate) node, yielding 8 partitions for the whole graph.
2025-09-02 17:38:05.589 14005-14005 MediaPipeEyeTracker     com.example.eyetracking              D  Face Landmarker initialized successfully
2025-09-02 17:38:05.590 14005-20708 TransportR...EventStore com.example.eyetracking              D  Storing event with priority=DEFAULT, name=COREML_ON_DEVICE_SOLUTIONS for destination cct
2025-09-02 17:38:05.593 14005-20708 TransportR...oScheduler com.example.eyetracking              D  Upload for context TransportContext(cct, DEFAULT, MSRodHRwczovL2ZpcmViYXNlbG9nZ2luZy5nb29nbGVhcGlzLmNvbS92MGNjL2xvZy9iYXRjaD9mb3JtYXQ9anNvbl9wcm90bzNc) is already scheduled. Returning...
2025-09-02 17:38:05.604 14005-20806 CalibrationActivity     com.example.eyetracking              V  CameraX frame received - 640x480
2025-09-02 17:38:05.604 14005-20806 MediaPipeEyeTracker     com.example.eyetracking              V  processFrame called - initialized: true, processing: false
2025-09-02 17:38:05.606 14005-14005 DeferrableSurface       com.example.eyetracking              D  surface closed,  useCount=2 closed=true androidx.camera.core.SurfaceRequest$2@664ace9
2025-09-02 17:38:05.606 14005-14005 DeferrableSurface       com.example.eyetracking              D  surface closed,  useCount=0 closed=true androidx.camera.core.processing.SurfaceEdge$SettableSurface@a790eed
2025-09-02 17:38:05.606 14005-14005 DeferrableSurface       com.example.eyetracking              D  Surface terminated[total_surfaces=2, used_surfaces=2](androidx.camera.core.processing.SurfaceEdge$SettableSurface@a790eed}
2025-09-02 17:38:05.606 14005-14005 DeferrableSurface       com.example.eyetracking              D  use count-1,  useCount=1 closed=true androidx.camera.core.SurfaceRequest$2@664ace9
2025-09-02 17:38:05.607 14005-14005 DeferrableSurface       com.example.eyetracking              D  surface closed,  useCount=1 closed=true androidx.camera.core.impl.ImmediateSurface@5d2527a
2025-09-02 17:38:05.607 14005-20723 Camera2CameraImpl       com.example.eyetracking              D  {Camera@cbb860d[id=1]} Use cases [androidx.camera.core.Preview-e87373ba-5c2c-4c3b-87dd-2b76082e7e38115222636, androidx.camera.core.ImageAnalysis-d068519a-20f8-4e12-aa0c-7844608fc068208686645] now DETACHED for camera
2025-09-02 17:38:05.607 14005-20723 UseCaseAttachState      com.example.eyetracking              D  All use case: [] for camera: 1
2025-09-02 17:38:05.608 14005-20723 Camera2CameraImpl       com.example.eyetracking              D  {Camera@cbb860d[id=1]} Resetting Capture Session
2025-09-02 17:38:05.609 14005-20723 SyncCaptureSessionImpl  com.example.eyetracking              D  [androidx.camera.camera2.internal.SynchronizedCaptureSessionImpl@819be7] Session call close()
2025-09-02 17:38:05.609 14005-20723 Camera2CameraImpl       com.example.eyetracking              D  {Camera@cbb860d[id=1]} Releasing session in state OPENED
2025-09-02 17:38:05.609 14005-20723 Camera2CameraControlImp com.example.eyetracking              D  setActive: isActive = false
2025-09-02 17:38:05.609 14005-20723 UseCaseAttachState      com.example.eyetracking              D  Active and attached use case: [] for camera: 1
2025-09-02 17:38:05.617 14005-20723 UseCaseAttachState      com.example.eyetracking              D  Active and attached use case: [] for camera: 1
2025-09-02 17:38:05.620 14005-20723 VideoUsageControl       com.example.eyetracking              D  resetDirectly: mVideoUsage reset!
2025-09-02 17:38:05.620 14005-20723 Camera2CameraImpl       com.example.eyetracking              D  {Camera@cbb860d[id=1]} Closing camera.
2025-09-02 17:38:05.621 14005-20723 Camera2CameraImpl       com.example.eyetracking              D  {Camera@cbb860d[id=1]} Transitioning camera internal state: OPENED --> CLOSING
2025-09-02 17:38:05.621 14005-20723 CameraStateRegistry     com.example.eyetracking              D  Recalculating open cameras:
                                                                                                    Camera                                       State                 
                                                                                                    -------------------------------------------------------------------
                                                                                                    Camera@cbb860d[id=1]                         CLOSING               
                                                                                                    Camera@944276a[id=0]                         UNKNOWN               
                                                                                                    -------------------------------------------------------------------
                                                                                                    Open count: 1 (Max allowed: 1)
2025-09-02 17:38:05.621 14005-20723 CameraStateMachine      com.example.eyetracking              D  New public camera state CameraState{type=CLOSING, error=null} from CLOSING and null
2025-09-02 17:38:05.621 14005-20723 CameraStateMachine      com.example.eyetracking              D  Publishing new public camera state CameraState{type=CLOSING, error=null}
2025-09-02 17:38:05.621 14005-20723 Camera2CameraImpl       com.example.eyetracking              D  {Camera@cbb860d[id=1]} Resetting Capture Session
2025-09-02 17:38:05.621 14005-20723 Camera2CameraImpl       com.example.eyetracking              D  {Camera@cbb860d[id=1]} Skipping Capture Session state check due to current camera state: CLOSING and previous session status: false
2025-09-02 17:38:05.622 14005-20723 Camera2CameraImpl       com.example.eyetracking              D  {Camera@cbb860d[id=1]} Releasing session in state CLOSING
2025-09-02 17:38:05.622 14005-20723 SyncCaptureSessionImpl  com.example.eyetracking              D  [androidx.camera.camera2.internal.SynchronizedCaptureSessionImpl@819be7] Session call super.close()
2025-09-02 17:38:05.623 14005-20723 UseCaseAttachState      com.example.eyetracking              D  Active and attached use case: [] for camera: 1
2025-09-02 17:38:05.624 14005-20723 UseCaseAttachState      com.example.eyetracking              D  Active and attached use case: [] for camera: 1
2025-09-02 17:38:05.625 14005-20723 CaptureSession          com.example.eyetracking              D  onSessionFinished()
2025-09-02 17:38:05.625 14005-20723 Camera2CameraImpl       com.example.eyetracking              D  {Camera@cbb860d[id=1]} closing camera
2025-09-02 17:38:05.625 14005-20723 VivoJavaJsonManager     com.example.eyetracking              D  failed to find appName:com.example.eyetracking from config key:ForBlockBroadcast
2025-09-02 17:38:05.625 14005-20723 VivoJavaJsonManager     com.example.eyetracking              D  failed to find activity from config key:ForBlockBroadcastActivity
2025-09-02 17:38:05.625 14005-20723 VivoJavaJsonManager     com.example.eyetracking              D  failed to find activity from config key:ForBlockBroadcastActivity
2025-09-02 17:38:05.625 14005-20723 VivoJavaJsonManager     com.example.eyetracking              D  failed to find activity from config key:ForBlockBroadcastActivity
2025-09-02 17:38:05.625 14005-20723 VivoJavaJsonManager     com.example.eyetracking              D  failed to find activity from config key:ForBlockBroadcastActivity
2025-09-02 17:38:05.626 14005-20723 VivoCameraUtils         com.example.eyetracking              V  top app is: com.example.eyetracking, current app: com.example.eyetracking
