--------- beginning of crash
--------- beginning of system
--------- beginning of main
2025-09-02 12:00:13.570  1326-1326  ple.eyetracking         com.example.eyetracking              I  Late-enabling -Xcheck:jni
2025-09-02 12:00:13.732  1326-1326  ple.eyetracking         com.example.eyetracking              I  Using CollectorTypeCC GC.
2025-09-02 12:00:13.850  1326-1326  ple.eyetracking         com.example.eyetracking              E  BBinder_init Processname  <pre-initialized>  
2025-09-02 12:00:13.850  1326-1326  ple.eyetracking         com.example.eyetracking              E  BBinder_init hasGetProcessName  <pre-initialized>
2025-09-02 12:00:14.303  1326-1326  ActivityThread          com.example.eyetracking              W  Application com.example.eyetracking is suspending. Debugger needs to resume to continue.
2025-09-02 12:00:14.304  1326-1326  System.out              com.example.eyetracking              I  Sending WAIT chunk
2025-09-02 12:00:14.304  1326-1326  System.out              com.example.eyetracking              I  Waiting for debugger first packet
2025-09-02 12:00:14.705  1326-1326  System.out              com.example.eyetracking              I  Debug.suspendAllAndSentVmStart
2025-09-02 12:00:15.188  1326-1326  System.out              com.example.eyetracking              I  Debug.suspendAllAndSendVmStart, resumed
2025-09-02 12:00:15.239  1326-9409  AdrenoGLES-0            com.example.eyetracking              I  QUALCOMM build                   : 7867919300, Ibc171b9c87
                                                                                                    Build Date                       : 04/25/25
                                                                                                    OpenGL ES Shader Compiler Version: E031.41.03.62
                                                                                                    Local Branch                     : 
                                                                                                    Remote Branch                    : refs/tags/AU_LINUX_ANDROID_LA.VENDOR.13.2.0.11.00.00.856.062
                                                                                                    Remote Branch                    : NONE
                                                                                                    Reconstruct Branch               : NOTHING
2025-09-02 12:00:15.239  1326-9409  AdrenoGLES-0            com.example.eyetracking              I  Build Config                     : S P 14.1.4 AArch64
2025-09-02 12:00:15.239  1326-9409  AdrenoGLES-0            com.example.eyetracking              I  Driver Path                      : /vendor/lib64/egl/libGLESv2_adreno.so
2025-09-02 12:00:15.239  1326-9409  AdrenoGLES-0            com.example.eyetracking              I  Driver Version                   : 0676.72
2025-09-02 12:00:15.247  1326-9409  AdrenoGLES-0            com.example.eyetracking              I  PFP: 0x01200161, ME: 0x00000000
2025-09-02 12:00:15.267  1326-9409  AdrenoUtils             com.example.eyetracking              I  <ReadGpuID:407>: Reading chip ID through GSL
2025-09-02 12:00:15.345  1326-1326  ple.eyetracking         com.example.eyetracking              I  hiddenapi: Accessing hidden method Landroid/view/ViewGroup;->makeOptionalFitsSystemWindows()V (runtime_flags=0, domain=platform, api=unsupported) from Landroidx/appcompat/widget/ViewUtils; (domain=app) using reflection: allowed
2025-09-02 12:00:15.416  1326-1326  libc                    com.example.eyetracking              W  Access denied finding property "persist.vivo.ltw.enabled"
2025-09-02 12:00:15.489  1326-1326  libc                    com.example.eyetracking              W  Access denied finding property "vendor.display.enable_optimal_refresh_rate"
2025-09-02 12:00:15.873  1326-9377  ple.eyetracking         com.example.eyetracking              I  Compiler allocated 4343KB to compile void android.widget.TextView.<init>(android.content.Context, android.util.AttributeSet, int, int)
2025-09-02 12:00:16.077  1326-9377  ple.eyetracking         com.example.eyetracking              I  Compiler allocated 7517KB to compile void android.view.ViewRootImpl.performTraversals()
2025-09-02 12:00:16.626  1326-1326  libc                    com.example.eyetracking              W  Access denied finding property "vendor.display.enable_optimal_refresh_rate"
2025-09-02 12:00:17.913  1326-1326  ImeTracker              com.example.eyetracking              I  com.example.eyetracking:5dae8aec: onRequestShow at ORIGIN_CLIENT reason SHOW_SOFT_INPUT fromUser true
2025-09-02 12:00:17.927  1326-1326  AssistStructure         com.example.eyetracking              I  Flattened final assist data: 2316 bytes, containing 1 windows, 11 views
2025-09-02 12:00:18.114  1326-9474  InteractionJankMonitor  com.example.eyetracking              W  Initializing without READ_DEVICE_CONFIG permission. enabled=false, interval=1, missedFrameThreshold=3, frameTimeThreshold=64, package=com.example.eyetracking
2025-09-02 12:00:18.311  1326-1326  ImeTracker              com.example.eyetracking              I  com.example.eyetracking:5dae8aec: onShown
2025-09-02 12:00:20.317  1326-1326  ImeTracker              com.example.eyetracking              I  com.example.eyetracking:97e9954e: onRequestHide at ORIGIN_CLIENT reason HIDE_SOFT_INPUT_FROM_VIEW fromUser false
2025-09-02 12:00:20.550  1326-1326  ImeTracker              com.example.eyetracking              I  com.example.eyetracking:af84a0a6: onRequestHide at ORIGIN_CLIENT reason HIDE_SOFT_INPUT_ON_ANIMATION_STATE_CHANGED fromUser false
2025-09-02 12:00:20.552  1326-1326  ImeTracker              com.example.eyetracking              I  com.example.eyetracking:97e9954e: onHidden
2025-09-02 12:00:21.249  1326-9520  tflite                  com.example.eyetracking              I  Initialized TensorFlow Lite runtime.
2025-09-02 12:00:21.250  1326-9520  libc                    com.example.eyetracking              W  Access denied finding property "ro.hardware.chipname"
2025-09-02 12:00:21.252  1326-9520  tflite                  com.example.eyetracking              I  Created TensorFlow Lite XNNPACK delegate for CPU.
2025-09-02 12:00:21.253  1326-9520  tflite                  com.example.eyetracking              I  Replacing 164 out of 164 node(s) with delegate (TfLiteXNNPackDelegate) node, yielding 1 partitions for the whole graph.
2025-09-02 12:00:21.265  1326-9521  tflite                  com.example.eyetracking              I  Replacing 471 out of 471 node(s) with delegate (TfLiteXNNPackDelegate) node, yielding 1 partitions for the whole graph.
2025-09-02 12:00:21.283  1326-9518  tflite                  com.example.eyetracking              I  Replacing 177 out of 182 node(s) with delegate (TfLiteXNNPackDelegate) node, yielding 8 partitions for the whole graph.
2025-09-02 12:00:21.321  1326-9532  CameraManagerGlobal     com.example.eyetracking              I  Connecting to camera service
2025-09-02 12:00:21.332  1326-1326  libc                    com.example.eyetracking              W  Access denied finding property "vendor.display.enable_optimal_refresh_rate"
2025-09-02 12:00:21.356  1326-9532  DMABUFHEAPS             com.example.eyetracking              I  Using DMA-BUF heap named: system
2025-09-02 12:00:21.356  1326-9532  DMABUFHEAPS             com.example.eyetracking              E  Unable to allocate from DMA-BUF heap: system: Invalid argument
2025-09-02 12:00:21.356  1326-9532  VivoJsonResourceManager com.example.eyetracking              E  Allocate: DmabufHeapAlloc failed with error - Invalid argument
2025-09-02 12:00:21.357  1326-9532  VivoJsonResourceManager com.example.eyetracking              W  Allocate: failed ioctl(DMA_BUF_SET_NAME): Bad file descriptor
2025-09-02 12:00:21.357  1326-9532  VivoJsonResourceManager com.example.eyetracking              E  getJsonByFullName: failed to mmap DMA buffer: Bad file descriptor
2025-09-02 12:00:21.357  1326-9532  VivoJsonResourceManager com.example.eyetracking              W  Cannot open file product/camera/jsons/StaticProjectConfig.json!
2025-09-02 12:00:21.357  1326-9532  VivoJsonResourceManager com.example.eyetracking              E  getJsonByName 69:Json File product/camera/jsons/StaticProjectConfig.json Parsed Failed!!!!!
2025-09-02 12:00:21.357  1326-9532  VivoJsonResourceManager com.example.eyetracking              E  Fail to open StaticProjectConfig.json,root is null
2025-09-02 12:00:21.357  1326-9532  DMABUFHEAPS             com.example.eyetracking              I  Using DMA-BUF heap named: system
2025-09-02 12:00:21.357  1326-9532  DMABUFHEAPS             com.example.eyetracking              E  Unable to allocate from DMA-BUF heap: system: Invalid argument
2025-09-02 12:00:21.357  1326-9532  VivoJsonResourceManager com.example.eyetracking              E  Allocate: DmabufHeapAlloc failed with error - Invalid argument
2025-09-02 12:00:21.357  1326-9532  VivoJsonResourceManager com.example.eyetracking              W  Allocate: failed ioctl(DMA_BUF_SET_NAME): Bad file descriptor
2025-09-02 12:00:21.357  1326-9532  VivoJsonResourceManager com.example.eyetracking              E  getJsonByFullName: failed to mmap DMA buffer: Bad file descriptor
2025-09-02 12:00:21.357  1326-9532  VivoJsonResourceManager com.example.eyetracking              W  Cannot open file product/camera/jsons/StaticProjectConfig.json!
2025-09-02 12:00:21.357  1326-9532  VivoJsonResourceManager com.example.eyetracking              E  getJsonByName 69:Json File product/camera/jsons/StaticProjectConfig.json Parsed Failed!!!!!
2025-09-02 12:00:21.357  1326-9532  VivoJsonResourceManager com.example.eyetracking              E  Fail to open StaticProjectConfig.json,root is null
2025-09-02 12:00:21.357  1326-9532  DMABUFHEAPS             com.example.eyetracking              I  Using DMA-BUF heap named: system
2025-09-02 12:00:21.357  1326-9532  DMABUFHEAPS             com.example.eyetracking              E  Unable to allocate from DMA-BUF heap: system: Invalid argument
2025-09-02 12:00:21.357  1326-9532  VivoJsonResourceManager com.example.eyetracking              E  Allocate: DmabufHeapAlloc failed with error - Invalid argument
2025-09-02 12:00:21.357  1326-9532  VivoJsonResourceManager com.example.eyetracking              W  Allocate: failed ioctl(DMA_BUF_SET_NAME): Bad file descriptor
2025-09-02 12:00:21.357  1326-9532  VivoJsonResourceManager com.example.eyetracking              E  getJsonByFullName: failed to mmap DMA buffer: Bad file descriptor
2025-09-02 12:00:21.357  1326-9532  VivoJsonResourceManager com.example.eyetracking              W  Cannot open file product/camera/jsons/StaticProjectConfig.json!
2025-09-02 12:00:21.357  1326-9532  VivoJsonResourceManager com.example.eyetracking              E  getJsonByName 69:Json File product/camera/jsons/StaticProjectConfig.json Parsed Failed!!!!!
2025-09-02 12:00:21.357  1326-9532  VivoJsonResourceManager com.example.eyetracking              E  Fail to open StaticProjectConfig.json,root is null
2025-09-02 12:00:21.357  1326-9532  DMABUFHEAPS             com.example.eyetracking              I  Using DMA-BUF heap named: system
2025-09-02 12:00:21.357  1326-9532  DMABUFHEAPS             com.example.eyetracking              E  Unable to allocate from DMA-BUF heap: system: Invalid argument
2025-09-02 12:00:21.357  1326-9532  VivoJsonResourceManager com.example.eyetracking              E  Allocate: DmabufHeapAlloc failed with error - Invalid argument
2025-09-02 12:00:21.357  1326-9532  VivoJsonResourceManager com.example.eyetracking              W  Allocate: failed ioctl(DMA_BUF_SET_NAME): Bad file descriptor
2025-09-02 12:00:21.357  1326-9532  VivoJsonResourceManager com.example.eyetracking              E  getJsonByFullName: failed to mmap DMA buffer: Bad file descriptor
2025-09-02 12:00:21.357  1326-9532  VivoJsonResourceManager com.example.eyetracking              W  Cannot open file product/camera/jsons/StaticProjectConfig.json!
2025-09-02 12:00:21.357  1326-9532  VivoJsonResourceManager com.example.eyetracking              E  getJsonByName 69:Json File product/camera/jsons/StaticProjectConfig.json Parsed Failed!!!!!
2025-09-02 12:00:21.357  1326-9532  VivoJsonResourceManager com.example.eyetracking              E  Fail to open StaticProjectConfig.json,root is null
2025-09-02 12:00:21.358  1326-9532  DMABUFHEAPS             com.example.eyetracking              I  Using DMA-BUF heap named: system
2025-09-02 12:00:21.358  1326-9532  DMABUFHEAPS             com.example.eyetracking              E  Unable to allocate from DMA-BUF heap: system: Invalid argument
2025-09-02 12:00:21.358  1326-9532  VivoJsonResourceManager com.example.eyetracking              E  Allocate: DmabufHeapAlloc failed with error - Invalid argument
2025-09-02 12:00:21.358  1326-9532  VivoJsonResourceManager com.example.eyetracking              W  Allocate: failed ioctl(DMA_BUF_SET_NAME): Bad file descriptor
2025-09-02 12:00:21.358  1326-9532  VivoJsonResourceManager com.example.eyetracking              E  getJsonByFullName: failed to mmap DMA buffer: Bad file descriptor
2025-09-02 12:00:21.358  1326-9532  VivoJsonResourceManager com.example.eyetracking              W  Cannot open file product/camera/jsons/StaticProjectConfig.json!
2025-09-02 12:00:21.358  1326-9532  VivoJsonResourceManager com.example.eyetracking              E  getJsonByName 69:Json File product/camera/jsons/StaticProjectConfig.json Parsed Failed!!!!!
2025-09-02 12:00:21.358  1326-9532  VivoJsonResourceManager com.example.eyetracking              E  Fail to open StaticProjectConfig.json,root is null
2025-09-02 12:00:21.358  1326-9532  DMABUFHEAPS             com.example.eyetracking              I  Using DMA-BUF heap named: system
2025-09-02 12:00:21.358  1326-9532  DMABUFHEAPS             com.example.eyetracking              E  Unable to allocate from DMA-BUF heap: system: Invalid argument
2025-09-02 12:00:21.358  1326-9532  VivoJsonResourceManager com.example.eyetracking              E  Allocate: DmabufHeapAlloc failed with error - Invalid argument
2025-09-02 12:00:21.358  1326-9532  VivoJsonResourceManager com.example.eyetracking              W  Allocate: failed ioctl(DMA_BUF_SET_NAME): Bad file descriptor
2025-09-02 12:00:21.358  1326-9532  VivoJsonResourceManager com.example.eyetracking              E  getJsonByFullName: failed to mmap DMA buffer: Bad file descriptor
2025-09-02 12:00:21.358  1326-9532  VivoJsonResourceManager com.example.eyetracking              W  Cannot open file product/camera/jsons/StaticProjectConfig.json!
2025-09-02 12:00:21.358  1326-9532  VivoJsonResourceManager com.example.eyetracking              E  getJsonByName 69:Json File product/camera/jsons/StaticProjectConfig.json Parsed Failed!!!!!
2025-09-02 12:00:21.358  1326-9532  VivoJsonResourceManager com.example.eyetracking              E  Fail to open StaticProjectConfig.json,root is null
2025-09-02 12:00:21.358  1326-9532  DMABUFHEAPS             com.example.eyetracking              I  Using DMA-BUF heap named: system
2025-09-02 12:00:21.358  1326-9532  DMABUFHEAPS             com.example.eyetracking              E  Unable to allocate from DMA-BUF heap: system: Invalid argument
2025-09-02 12:00:21.358  1326-9532  VivoJsonResourceManager com.example.eyetracking              E  Allocate: DmabufHeapAlloc failed with error - Invalid argument
2025-09-02 12:00:21.358  1326-9532  VivoJsonResourceManager com.example.eyetracking              W  Allocate: failed ioctl(DMA_BUF_SET_NAME): Bad file descriptor
2025-09-02 12:00:21.358  1326-9532  VivoJsonResourceManager com.example.eyetracking              E  getJsonByFullName: failed to mmap DMA buffer: Bad file descriptor
2025-09-02 12:00:21.358  1326-9532  VivoJsonResourceManager com.example.eyetracking              W  Cannot open file product/camera/jsons/StaticProjectConfig.json!
2025-09-02 12:00:21.358  1326-9532  VivoJsonResourceManager com.example.eyetracking              E  getJsonByName 69:Json File product/camera/jsons/StaticProjectConfig.json Parsed Failed!!!!!
2025-09-02 12:00:21.358  1326-9532  VivoJsonResourceManager com.example.eyetracking              E  Fail to open StaticProjectConfig.json,root is null
2025-09-02 12:00:21.358  1326-9532  DMABUFHEAPS             com.example.eyetracking              I  Using DMA-BUF heap named: system
2025-09-02 12:00:21.358  1326-9532  DMABUFHEAPS             com.example.eyetracking              E  Unable to allocate from DMA-BUF heap: system: Invalid argument
2025-09-02 12:00:21.358  1326-9532  VivoJsonResourceManager com.example.eyetracking              E  Allocate: DmabufHeapAlloc failed with error - Invalid argument
2025-09-02 12:00:21.358  1326-9532  VivoJsonResourceManager com.example.eyetracking              W  Allocate: failed ioctl(DMA_BUF_SET_NAME): Bad file descriptor
2025-09-02 12:00:21.358  1326-9532  VivoJsonResourceManager com.example.eyetracking              E  getJsonByFullName: failed to mmap DMA buffer: Bad file descriptor
2025-09-02 12:00:21.358  1326-9532  VivoJsonResourceManager com.example.eyetracking              W  Cannot open file product/camera/jsons/StaticProjectConfig.json!
2025-09-02 12:00:21.358  1326-9532  VivoJsonResourceManager com.example.eyetracking              E  getJsonByName 69:Json File product/camera/jsons/StaticProjectConfig.json Parsed Failed!!!!!
2025-09-02 12:00:21.358  1326-9532  VivoJsonResourceManager com.example.eyetracking              E  Fail to open StaticProjectConfig.json,root is null
2025-09-02 12:00:21.358  1326-9532  DMABUFHEAPS             com.example.eyetracking              I  Using DMA-BUF heap named: system
2025-09-02 12:00:21.358  1326-9532  DMABUFHEAPS             com.example.eyetracking              E  Unable to allocate from DMA-BUF heap: system: Invalid argument
2025-09-02 12:00:21.358  1326-9532  VivoJsonResourceManager com.example.eyetracking              E  Allocate: DmabufHeapAlloc failed with error - Invalid argument
2025-09-02 12:00:21.358  1326-9532  VivoJsonResourceManager com.example.eyetracking              W  Allocate: failed ioctl(DMA_BUF_SET_NAME): Bad file descriptor
2025-09-02 12:00:21.358  1326-9532  VivoJsonResourceManager com.example.eyetracking              E  getJsonByFullName: failed to mmap DMA buffer: Bad file descriptor
2025-09-02 12:00:21.358  1326-9532  VivoJsonResourceManager com.example.eyetracking              W  Cannot open file product/camera/jsons/StaticProjectConfig.json!
2025-09-02 12:00:21.358  1326-9532  VivoJsonResourceManager com.example.eyetracking              E  getJsonByName 69:Json File product/camera/jsons/StaticProjectConfig.json Parsed Failed!!!!!
2025-09-02 12:00:21.358  1326-9532  VivoJsonResourceManager com.example.eyetracking              E  Fail to open StaticProjectConfig.json,root is null
2025-09-02 12:00:21.359  1326-9532  DMABUFHEAPS             com.example.eyetracking              I  Using DMA-BUF heap named: system
2025-09-02 12:00:21.359  1326-9532  DMABUFHEAPS             com.example.eyetracking              E  Unable to allocate from DMA-BUF heap: system: Invalid argument
2025-09-02 12:00:21.359  1326-9532  VivoJsonResourceManager com.example.eyetracking              E  Allocate: DmabufHeapAlloc failed with error - Invalid argument
2025-09-02 12:00:21.359  1326-9532  VivoJsonResourceManager com.example.eyetracking              W  Allocate: failed ioctl(DMA_BUF_SET_NAME): Bad file descriptor
2025-09-02 12:00:21.359  1326-9532  VivoJsonResourceManager com.example.eyetracking              E  getJsonByFullName: failed to mmap DMA buffer: Bad file descriptor
2025-09-02 12:00:21.359  1326-9532  VivoJsonResourceManager com.example.eyetracking              W  Cannot open file product/camera/jsons/StaticProjectConfig.json!
2025-09-02 12:00:21.359  1326-9532  VivoJsonResourceManager com.example.eyetracking              E  getJsonByName 69:Json File product/camera/jsons/StaticProjectConfig.json Parsed Failed!!!!!
2025-09-02 12:00:21.359  1326-9532  VivoJsonResourceManager com.example.eyetracking              E  Fail to open StaticProjectConfig.json,root is null
2025-09-02 12:00:21.359  1326-9532  DMABUFHEAPS             com.example.eyetracking              I  Using DMA-BUF heap named: system
2025-09-02 12:00:21.359  1326-9532  DMABUFHEAPS             com.example.eyetracking              E  Unable to allocate from DMA-BUF heap: system: Invalid argument
2025-09-02 12:00:21.359  1326-9532  VivoJsonResourceManager com.example.eyetracking              E  Allocate: DmabufHeapAlloc failed with error - Invalid argument
2025-09-02 12:00:21.359  1326-9532  VivoJsonResourceManager com.example.eyetracking              W  Allocate: failed ioctl(DMA_BUF_SET_NAME): Bad file descriptor
2025-09-02 12:00:21.359  1326-9532  VivoJsonResourceManager com.example.eyetracking              E  getJsonByFullName: failed to mmap DMA buffer: Bad file descriptor
2025-09-02 12:00:21.359  1326-9532  VivoJsonResourceManager com.example.eyetracking              W  Cannot open file product/camera/jsons/StaticProjectConfig.json!
2025-09-02 12:00:21.359  1326-9532  VivoJsonResourceManager com.example.eyetracking              E  getJsonByName 69:Json File product/camera/jsons/StaticProjectConfig.json Parsed Failed!!!!!
2025-09-02 12:00:21.359  1326-9532  VivoJsonResourceManager com.example.eyetracking              E  Fail to open StaticProjectConfig.json,root is null
2025-09-02 12:00:21.359  1326-9532  DMABUFHEAPS             com.example.eyetracking              I  Using DMA-BUF heap named: system
2025-09-02 12:00:21.359  1326-9532  DMABUFHEAPS             com.example.eyetracking              E  Unable to allocate from DMA-BUF heap: system: Invalid argument
2025-09-02 12:00:21.359  1326-9532  VivoJsonResourceManager com.example.eyetracking              E  Allocate: DmabufHeapAlloc failed with error - Invalid argument
2025-09-02 12:00:21.359  1326-9532  VivoJsonResourceManager com.example.eyetracking              W  Allocate: failed ioctl(DMA_BUF_SET_NAME): Bad file descriptor
2025-09-02 12:00:21.359  1326-9532  VivoJsonResourceManager com.example.eyetracking              E  getJsonByFullName: failed to mmap DMA buffer: Bad file descriptor
2025-09-02 12:00:21.359  1326-9532  VivoJsonResourceManager com.example.eyetracking              W  Cannot open file product/camera/jsons/StaticProjectConfig.json!
2025-09-02 12:00:21.359  1326-9532  VivoJsonResourceManager com.example.eyetracking              E  getJsonByName 69:Json File product/camera/jsons/StaticProjectConfig.json Parsed Failed!!!!!
2025-09-02 12:00:21.359  1326-9532  VivoJsonResourceManager com.example.eyetracking              E  Fail to open StaticProjectConfig.json,root is null
2025-09-02 12:00:21.359  1326-9532  DMABUFHEAPS             com.example.eyetracking              I  Using DMA-BUF heap named: system
2025-09-02 12:00:21.359  1326-9532  VivoJsonResourceManager com.example.eyetracking              E  mmap ok
2025-09-02 12:00:21.360  1326-9532  DMABUFHEAPS             com.example.eyetracking              I  Using DMA-BUF heap named: system
2025-09-02 12:00:21.360  1326-9532  DMABUFHEAPS             com.example.eyetracking              E  Unable to allocate from DMA-BUF heap: system: Invalid argument
2025-09-02 12:00:21.360  1326-9532  VivoJsonResourceManager com.example.eyetracking              E  Allocate: DmabufHeapAlloc failed with error - Invalid argument
2025-09-02 12:00:21.360  1326-9532  VivoJsonResourceManager com.example.eyetracking              W  Allocate: failed ioctl(DMA_BUF_SET_NAME): Bad file descriptor
2025-09-02 12:00:21.360  1326-9532  VivoJsonResourceManager com.example.eyetracking              E  getJsonByFullName: failed to mmap DMA buffer: Bad file descriptor
2025-09-02 12:00:21.360  1326-9532  VivoJsonResourceManager com.example.eyetracking              W  Cannot open file product/camera/jsons/StaticProjectConfig.json!
2025-09-02 12:00:21.360  1326-9532  VivoJsonResourceManager com.example.eyetracking              E  getJsonByName 69:Json File product/camera/jsons/StaticProjectConfig.json Parsed Failed!!!!!
2025-09-02 12:00:21.360  1326-9532  VivoJsonResourceManager com.example.eyetracking              E  Fail to open StaticProjectConfig.json,root is null
2025-09-02 12:00:21.360  1326-9532  DMABUFHEAPS             com.example.eyetracking              I  Using DMA-BUF heap named: system
2025-09-02 12:00:21.360  1326-9532  DMABUFHEAPS             com.example.eyetracking              E  Unable to allocate from DMA-BUF heap: system: Invalid argument
2025-09-02 12:00:21.360  1326-9532  VivoJsonResourceManager com.example.eyetracking              E  Allocate: DmabufHeapAlloc failed with error - Invalid argument
2025-09-02 12:00:21.360  1326-9532  VivoJsonResourceManager com.example.eyetracking              W  Allocate: failed ioctl(DMA_BUF_SET_NAME): Bad file descriptor
2025-09-02 12:00:21.360  1326-9532  VivoJsonResourceManager com.example.eyetracking              E  getJsonByFullName: failed to mmap DMA buffer: Bad file descriptor
2025-09-02 12:00:21.360  1326-9532  VivoJsonResourceManager com.example.eyetracking              W  Cannot open file product/camera/jsons/StaticProjectConfig.json!
2025-09-02 12:00:21.360  1326-9532  VivoJsonResourceManager com.example.eyetracking              E  getJsonByName 69:Json File product/camera/jsons/StaticProjectConfig.json Parsed Failed!!!!!
2025-09-02 12:00:21.360  1326-9532  VivoJsonResourceManager com.example.eyetracking              E  Fail to open StaticProjectConfig.json,root is null
2025-09-02 12:00:21.360  1326-9532  DMABUFHEAPS             com.example.eyetracking              I  Using DMA-BUF heap named: system
2025-09-02 12:00:21.360  1326-9532  DMABUFHEAPS             com.example.eyetracking              E  Unable to allocate from DMA-BUF heap: system: Invalid argument
2025-09-02 12:00:21.360  1326-9532  VivoJsonResourceManager com.example.eyetracking              E  Allocate: DmabufHeapAlloc failed with error - Invalid argument
2025-09-02 12:00:21.360  1326-9532  VivoJsonResourceManager com.example.eyetracking              W  Allocate: failed ioctl(DMA_BUF_SET_NAME): Bad file descriptor
2025-09-02 12:00:21.360  1326-9532  VivoJsonResourceManager com.example.eyetracking              E  getJsonByFullName: failed to mmap DMA buffer: Bad file descriptor
2025-09-02 12:00:21.360  1326-9532  VivoJsonResourceManager com.example.eyetracking              W  Cannot open file product/camera/jsons/StaticProjectConfig.json!
2025-09-02 12:00:21.360  1326-9532  VivoJsonResourceManager com.example.eyetracking              E  getJsonByName 69:Json File product/camera/jsons/StaticProjectConfig.json Parsed Failed!!!!!
2025-09-02 12:00:21.360  1326-9532  VivoJsonResourceManager com.example.eyetracking              E  Fail to open StaticProjectConfig.json,root is null
2025-09-02 12:00:21.360  1326-9532  DMABUFHEAPS             com.example.eyetracking              I  Using DMA-BUF heap named: system
2025-09-02 12:00:21.360  1326-9532  DMABUFHEAPS             com.example.eyetracking              E  Unable to allocate from DMA-BUF heap: system: Invalid argument
2025-09-02 12:00:21.360  1326-9532  VivoJsonResourceManager com.example.eyetracking              E  Allocate: DmabufHeapAlloc failed with error - Invalid argument
2025-09-02 12:00:21.360  1326-9532  VivoJsonResourceManager com.example.eyetracking              W  Allocate: failed ioctl(DMA_BUF_SET_NAME): Bad file descriptor
2025-09-02 12:00:21.360  1326-9532  VivoJsonResourceManager com.example.eyetracking              E  getJsonByFullName: failed to mmap DMA buffer: Bad file descriptor
2025-09-02 12:00:21.360  1326-9532  VivoJsonResourceManager com.example.eyetracking              W  Cannot open file product/camera/jsons/StaticProjectConfig.json!
2025-09-02 12:00:21.360  1326-9532  VivoJsonResourceManager com.example.eyetracking              E  getJsonByName 69:Json File product/camera/jsons/StaticProjectConfig.json Parsed Failed!!!!!
2025-09-02 12:00:21.360  1326-9532  VivoJsonResourceManager com.example.eyetracking              E  Fail to open StaticProjectConfig.json,root is null
2025-09-02 12:00:21.361  1326-9532  DMABUFHEAPS             com.example.eyetracking              I  Using DMA-BUF heap named: system
2025-09-02 12:00:21.361  1326-9532  DMABUFHEAPS             com.example.eyetracking              E  Unable to allocate from DMA-BUF heap: system: Invalid argument
2025-09-02 12:00:21.361  1326-9532  VivoJsonResourceManager com.example.eyetracking              E  Allocate: DmabufHeapAlloc failed with error - Invalid argument
2025-09-02 12:00:21.361  1326-9532  VivoJsonResourceManager com.example.eyetracking              W  Allocate: failed ioctl(DMA_BUF_SET_NAME): Bad file descriptor
2025-09-02 12:00:21.361  1326-9532  VivoJsonResourceManager com.example.eyetracking              E  getJsonByFullName: failed to mmap DMA buffer: Bad file descriptor
2025-09-02 12:00:21.361  1326-9532  VivoJsonResourceManager com.example.eyetracking              W  Cannot open file product/camera/jsons/StaticProjectConfig.json!
2025-09-02 12:00:21.361  1326-9532  VivoJsonResourceManager com.example.eyetracking              E  getJsonByName 69:Json File product/camera/jsons/StaticProjectConfig.json Parsed Failed!!!!!
2025-09-02 12:00:21.361  1326-9532  VivoJsonResourceManager com.example.eyetracking              E  Fail to open StaticProjectConfig.json,root is null
2025-09-02 12:00:21.361  1326-9532  DMABUFHEAPS             com.example.eyetracking              I  Using DMA-BUF heap named: system
2025-09-02 12:00:21.361  1326-9532  DMABUFHEAPS             com.example.eyetracking              E  Unable to allocate from DMA-BUF heap: system: Invalid argument
2025-09-02 12:00:21.361  1326-9532  VivoJsonResourceManager com.example.eyetracking              E  Allocate: DmabufHeapAlloc failed with error - Invalid argument
2025-09-02 12:00:21.361  1326-9532  VivoJsonResourceManager com.example.eyetracking              W  Allocate: failed ioctl(DMA_BUF_SET_NAME): Bad file descriptor
2025-09-02 12:00:21.361  1326-9532  VivoJsonResourceManager com.example.eyetracking              E  getJsonByFullName: failed to mmap DMA buffer: Bad file descriptor
2025-09-02 12:00:21.361  1326-9532  VivoJsonResourceManager com.example.eyetracking              W  Cannot open file product/camera/jsons/StaticProjectConfig.json!
2025-09-02 12:00:21.361  1326-9532  VivoJsonResourceManager com.example.eyetracking              E  getJsonByName 69:Json File product/camera/jsons/StaticProjectConfig.json Parsed Failed!!!!!
2025-09-02 12:00:21.361  1326-9532  VivoJsonResourceManager com.example.eyetracking              E  Fail to open StaticProjectConfig.json,root is null
2025-09-02 12:00:21.361  1326-9532  DMABUFHEAPS             com.example.eyetracking              I  Using DMA-BUF heap named: system
2025-09-02 12:00:21.361  1326-9532  DMABUFHEAPS             com.example.eyetracking              E  Unable to allocate from DMA-BUF heap: system: Invalid argument
2025-09-02 12:00:21.361  1326-9532  VivoJsonResourceManager com.example.eyetracking              E  Allocate: DmabufHeapAlloc failed with error - Invalid argument
2025-09-02 12:00:21.361  1326-9532  VivoJsonResourceManager com.example.eyetracking              W  Allocate: failed ioctl(DMA_BUF_SET_NAME): Bad file descriptor
2025-09-02 12:00:21.361  1326-9532  VivoJsonResourceManager com.example.eyetracking              E  getJsonByFullName: failed to mmap DMA buffer: Bad file descriptor
2025-09-02 12:00:21.361  1326-9532  VivoJsonResourceManager com.example.eyetracking              W  Cannot open file product/camera/jsons/StaticProjectConfig.json!
2025-09-02 12:00:21.361  1326-9532  VivoJsonResourceManager com.example.eyetracking              E  getJsonByName 69:Json File product/camera/jsons/StaticProjectConfig.json Parsed Failed!!!!!
2025-09-02 12:00:21.361  1326-9532  VivoJsonResourceManager com.example.eyetracking              E  Fail to open StaticProjectConfig.json,root is null
2025-09-02 12:00:21.361  1326-9532  DMABUFHEAPS             com.example.eyetracking              I  Using DMA-BUF heap named: system
2025-09-02 12:00:21.362  1326-9532  DMABUFHEAPS             com.example.eyetracking              E  Unable to allocate from DMA-BUF heap: system: Invalid argument
2025-09-02 12:00:21.362  1326-9532  VivoJsonResourceManager com.example.eyetracking              E  Allocate: DmabufHeapAlloc failed with error - Invalid argument
2025-09-02 12:00:21.362  1326-9532  VivoJsonResourceManager com.example.eyetracking              W  Allocate: failed ioctl(DMA_BUF_SET_NAME): Bad file descriptor
2025-09-02 12:00:21.362  1326-9532  VivoJsonResourceManager com.example.eyetracking              E  getJsonByFullName: failed to mmap DMA buffer: Bad file descriptor
2025-09-02 12:00:21.362  1326-9532  VivoJsonResourceManager com.example.eyetracking              W  Cannot open file product/camera/jsons/StaticProjectConfig.json!
2025-09-02 12:00:21.362  1326-9532  VivoJsonResourceManager com.example.eyetracking              E  getJsonByName 69:Json File product/camera/jsons/StaticProjectConfig.json Parsed Failed!!!!!
2025-09-02 12:00:21.362  1326-9532  VivoJsonResourceManager com.example.eyetracking              E  Fail to open StaticProjectConfig.json,root is null
2025-09-02 12:00:21.362  1326-9532  DMABUFHEAPS             com.example.eyetracking              I  Using DMA-BUF heap named: system
2025-09-02 12:00:21.362  1326-9532  DMABUFHEAPS             com.example.eyetracking              E  Unable to allocate from DMA-BUF heap: system: Invalid argument
2025-09-02 12:00:21.362  1326-9532  VivoJsonResourceManager com.example.eyetracking              E  Allocate: DmabufHeapAlloc failed with error - Invalid argument
2025-09-02 12:00:21.362  1326-9532  VivoJsonResourceManager com.example.eyetracking              W  Allocate: failed ioctl(DMA_BUF_SET_NAME): Bad file descriptor
2025-09-02 12:00:21.362  1326-9532  VivoJsonResourceManager com.example.eyetracking              E  getJsonByFullName: failed to mmap DMA buffer: Bad file descriptor
2025-09-02 12:00:21.362  1326-9532  VivoJsonResourceManager com.example.eyetracking              W  Cannot open file product/camera/jsons/StaticProjectConfig.json!
2025-09-02 12:00:21.362  1326-9532  VivoJsonResourceManager com.example.eyetracking              E  getJsonByName 69:Json File product/camera/jsons/StaticProjectConfig.json Parsed Failed!!!!!
2025-09-02 12:00:21.362  1326-9532  VivoJsonResourceManager com.example.eyetracking              E  Fail to open StaticProjectConfig.json,root is null
2025-09-02 12:00:21.362  1326-9532  DMABUFHEAPS             com.example.eyetracking              I  Using DMA-BUF heap named: system
2025-09-02 12:00:21.362  1326-9532  DMABUFHEAPS             com.example.eyetracking              E  Unable to allocate from DMA-BUF heap: system: Invalid argument
2025-09-02 12:00:21.362  1326-9532  VivoJsonResourceManager com.example.eyetracking              E  Allocate: DmabufHeapAlloc failed with error - Invalid argument
2025-09-02 12:00:21.362  1326-9532  VivoJsonResourceManager com.example.eyetracking              W  Allocate: failed ioctl(DMA_BUF_SET_NAME): Bad file descriptor
2025-09-02 12:00:21.362  1326-9532  VivoJsonResourceManager com.example.eyetracking              E  getJsonByFullName: failed to mmap DMA buffer: Bad file descriptor
2025-09-02 12:00:21.362  1326-9532  VivoJsonResourceManager com.example.eyetracking              W  Cannot open file product/camera/jsons/StaticProjectConfig.json!
2025-09-02 12:00:21.362  1326-9532  VivoJsonResourceManager com.example.eyetracking              E  getJsonByName 69:Json File product/camera/jsons/StaticProjectConfig.json Parsed Failed!!!!!
2025-09-02 12:00:21.362  1326-9532  VivoJsonResourceManager com.example.eyetracking              E  Fail to open StaticProjectConfig.json,root is null
2025-09-02 12:00:21.362  1326-9532  DMABUFHEAPS             com.example.eyetracking              I  Using DMA-BUF heap named: system
2025-09-02 12:00:21.362  1326-9532  DMABUFHEAPS             com.example.eyetracking              E  Unable to allocate from DMA-BUF heap: system: Invalid argument
2025-09-02 12:00:21.362  1326-9532  VivoJsonResourceManager com.example.eyetracking              E  Allocate: DmabufHeapAlloc failed with error - Invalid argument
2025-09-02 12:00:21.362  1326-9532  VivoJsonResourceManager com.example.eyetracking              W  Allocate: failed ioctl(DMA_BUF_SET_NAME): Bad file descriptor
2025-09-02 12:00:21.362  1326-9532  VivoJsonResourceManager com.example.eyetracking              E  getJsonByFullName: failed to mmap DMA buffer: Bad file descriptor
2025-09-02 12:00:21.362  1326-9532  VivoJsonResourceManager com.example.eyetracking              W  Cannot open file product/camera/jsons/StaticProjectConfig.json!
2025-09-02 12:00:21.362  1326-9532  VivoJsonResourceManager com.example.eyetracking              E  getJsonByName 69:Json File product/camera/jsons/StaticProjectConfig.json Parsed Failed!!!!!
2025-09-02 12:00:21.362  1326-9532  VivoJsonResourceManager com.example.eyetracking              E  Fail to open StaticProjectConfig.json,root is null
2025-09-02 12:00:21.363  1326-9532  DMABUFHEAPS             com.example.eyetracking              I  Using DMA-BUF heap named: system
2025-09-02 12:00:21.363  1326-9532  DMABUFHEAPS             com.example.eyetracking              E  Unable to allocate from DMA-BUF heap: system: Invalid argument
2025-09-02 12:00:21.363  1326-9532  VivoJsonResourceManager com.example.eyetracking              E  Allocate: DmabufHeapAlloc failed with error - Invalid argument
2025-09-02 12:00:21.363  1326-9532  VivoJsonResourceManager com.example.eyetracking              W  Allocate: failed ioctl(DMA_BUF_SET_NAME): Bad file descriptor
2025-09-02 12:00:21.363  1326-9532  VivoJsonResourceManager com.example.eyetracking              E  getJsonByFullName: failed to mmap DMA buffer: Bad file descriptor
2025-09-02 12:00:21.363  1326-9532  VivoJsonResourceManager com.example.eyetracking              W  Cannot open file product/camera/jsons/StaticProjectConfig.json!
2025-09-02 12:00:21.363  1326-9532  VivoJsonResourceManager com.example.eyetracking              E  getJsonByName 69:Json File product/camera/jsons/StaticProjectConfig.json Parsed Failed!!!!!
2025-09-02 12:00:21.363  1326-9532  VivoJsonResourceManager com.example.eyetracking              E  Fail to open StaticProjectConfig.json,root is null
2025-09-02 12:00:21.363  1326-9532  DMABUFHEAPS             com.example.eyetracking              I  Using DMA-BUF heap named: system
2025-09-02 12:00:21.363  1326-9532  DMABUFHEAPS             com.example.eyetracking              E  Unable to allocate from DMA-BUF heap: system: Invalid argument
2025-09-02 12:00:21.363  1326-9532  VivoJsonResourceManager com.example.eyetracking              E  Allocate: DmabufHeapAlloc failed with error - Invalid argument
2025-09-02 12:00:21.363  1326-9532  VivoJsonResourceManager com.example.eyetracking              W  Allocate: failed ioctl(DMA_BUF_SET_NAME): Bad file descriptor
2025-09-02 12:00:21.363  1326-9532  VivoJsonResourceManager com.example.eyetracking              E  getJsonByFullName: failed to mmap DMA buffer: Bad file descriptor
2025-09-02 12:00:21.363  1326-9532  VivoJsonResourceManager com.example.eyetracking              W  Cannot open file product/camera/jsons/StaticProjectConfig.json!
2025-09-02 12:00:21.363  1326-9532  VivoJsonResourceManager com.example.eyetracking              E  getJsonByName 69:Json File product/camera/jsons/StaticProjectConfig.json Parsed Failed!!!!!
2025-09-02 12:00:21.363  1326-9532  VivoJsonResourceManager com.example.eyetracking              E  Fail to open StaticProjectConfig.json,root is null
2025-09-02 12:00:21.363  1326-9532  DMABUFHEAPS             com.example.eyetracking              I  Using DMA-BUF heap named: system
2025-09-02 12:00:21.363  1326-9532  DMABUFHEAPS             com.example.eyetracking              E  Unable to allocate from DMA-BUF heap: system: Invalid argument
2025-09-02 12:00:21.363  1326-9532  VivoJsonResourceManager com.example.eyetracking              E  Allocate: DmabufHeapAlloc failed with error - Invalid argument
2025-09-02 12:00:21.363  1326-9532  VivoJsonResourceManager com.example.eyetracking              W  Allocate: failed ioctl(DMA_BUF_SET_NAME): Bad file descriptor
2025-09-02 12:00:21.363  1326-9532  VivoJsonResourceManager com.example.eyetracking              E  getJsonByFullName: failed to mmap DMA buffer: Bad file descriptor
2025-09-02 12:00:21.363  1326-9532  VivoJsonResourceManager com.example.eyetracking              W  Cannot open file product/camera/jsons/StaticProjectConfig.json!
2025-09-02 12:00:21.363  1326-9532  VivoJsonResourceManager com.example.eyetracking              E  getJsonByName 69:Json File product/camera/jsons/StaticProjectConfig.json Parsed Failed!!!!!
2025-09-02 12:00:21.363  1326-9532  VivoJsonResourceManager com.example.eyetracking              E  Fail to open StaticProjectConfig.json,root is null
2025-09-02 12:00:21.364  1326-9532  DMABUFHEAPS             com.example.eyetracking              I  Using DMA-BUF heap named: system
2025-09-02 12:00:21.364  1326-9532  DMABUFHEAPS             com.example.eyetracking              E  Unable to allocate from DMA-BUF heap: system: Invalid argument
2025-09-02 12:00:21.364  1326-9532  VivoJsonResourceManager com.example.eyetracking              E  Allocate: DmabufHeapAlloc failed with error - Invalid argument
2025-09-02 12:00:21.364  1326-9532  VivoJsonResourceManager com.example.eyetracking              W  Allocate: failed ioctl(DMA_BUF_SET_NAME): Bad file descriptor
2025-09-02 12:00:21.364  1326-9532  VivoJsonResourceManager com.example.eyetracking              E  getJsonByFullName: failed to mmap DMA buffer: Bad file descriptor
2025-09-02 12:00:21.364  1326-9532  VivoJsonResourceManager com.example.eyetracking              W  Cannot open file product/camera/jsons/StaticProjectConfig.json!
2025-09-02 12:00:21.364  1326-9532  VivoJsonResourceManager com.example.eyetracking              E  getJsonByName 69:Json File product/camera/jsons/StaticProjectConfig.json Parsed Failed!!!!!
2025-09-02 12:00:21.364  1326-9532  VivoJsonResourceManager com.example.eyetracking              E  Fail to open StaticProjectConfig.json,root is null
2025-09-02 12:00:21.364  1326-9532  DMABUFHEAPS             com.example.eyetracking              I  Using DMA-BUF heap named: system
2025-09-02 12:00:21.364  1326-9532  DMABUFHEAPS             com.example.eyetracking              E  Unable to allocate from DMA-BUF heap: system: Invalid argument
2025-09-02 12:00:21.364  1326-9532  VivoJsonResourceManager com.example.eyetracking              E  Allocate: DmabufHeapAlloc failed with error - Invalid argument
2025-09-02 12:00:21.364  1326-9532  VivoJsonResourceManager com.example.eyetracking              W  Allocate: failed ioctl(DMA_BUF_SET_NAME): Bad file descriptor
2025-09-02 12:00:21.364  1326-9532  VivoJsonResourceManager com.example.eyetracking              E  getJsonByFullName: failed to mmap DMA buffer: Bad file descriptor
2025-09-02 12:00:21.364  1326-9532  VivoJsonResourceManager com.example.eyetracking              W  Cannot open file product/camera/jsons/StaticProjectConfig.json!
2025-09-02 12:00:21.364  1326-9532  VivoJsonResourceManager com.example.eyetracking              E  getJsonByName 69:Json File product/camera/jsons/StaticProjectConfig.json Parsed Failed!!!!!
2025-09-02 12:00:21.364  1326-9532  VivoJsonResourceManager com.example.eyetracking              E  Fail to open StaticProjectConfig.json,root is null
2025-09-02 12:00:21.364  1326-9532  DMABUFHEAPS             com.example.eyetracking              I  Using DMA-BUF heap named: system
2025-09-02 12:00:21.364  1326-9532  DMABUFHEAPS             com.example.eyetracking              E  Unable to allocate from DMA-BUF heap: system: Invalid argument
2025-09-02 12:00:21.364  1326-9532  VivoJsonResourceManager com.example.eyetracking              E  Allocate: DmabufHeapAlloc failed with error - Invalid argument
2025-09-02 12:00:21.364  1326-9532  VivoJsonResourceManager com.example.eyetracking              W  Allocate: failed ioctl(DMA_BUF_SET_NAME): Bad file descriptor
2025-09-02 12:00:21.364  1326-9532  VivoJsonResourceManager com.example.eyetracking              E  getJsonByFullName: failed to mmap DMA buffer: Bad file descriptor
2025-09-02 12:00:21.364  1326-9532  VivoJsonResourceManager com.example.eyetracking              W  Cannot open file product/camera/jsons/StaticProjectConfig.json!
2025-09-02 12:00:21.364  1326-9532  VivoJsonResourceManager com.example.eyetracking              E  getJsonByName 69:Json File product/camera/jsons/StaticProjectConfig.json Parsed Failed!!!!!
2025-09-02 12:00:21.364  1326-9532  VivoJsonResourceManager com.example.eyetracking              E  Fail to open StaticProjectConfig.json,root is null
2025-09-02 12:00:21.364  1326-9532  DMABUFHEAPS             com.example.eyetracking              I  Using DMA-BUF heap named: system
2025-09-02 12:00:21.364  1326-9532  DMABUFHEAPS             com.example.eyetracking              E  Unable to allocate from DMA-BUF heap: system: Invalid argument
2025-09-02 12:00:21.364  1326-9532  VivoJsonResourceManager com.example.eyetracking              E  Allocate: DmabufHeapAlloc failed with error - Invalid argument
2025-09-02 12:00:21.364  1326-9532  VivoJsonResourceManager com.example.eyetracking              W  Allocate: failed ioctl(DMA_BUF_SET_NAME): Bad file descriptor
2025-09-02 12:00:21.364  1326-9532  VivoJsonResourceManager com.example.eyetracking              E  getJsonByFullName: failed to mmap DMA buffer: Bad file descriptor
2025-09-02 12:00:21.364  1326-9532  VivoJsonResourceManager com.example.eyetracking              W  Cannot open file product/camera/jsons/StaticProjectConfig.json!
2025-09-02 12:00:21.364  1326-9532  VivoJsonResourceManager com.example.eyetracking              E  getJsonByName 69:Json File product/camera/jsons/StaticProjectConfig.json Parsed Failed!!!!!
2025-09-02 12:00:21.364  1326-9532  VivoJsonResourceManager com.example.eyetracking              E  Fail to open StaticProjectConfig.json,root is null
2025-09-02 12:00:21.433  1326-9532  Camera2CameraInfo       com.example.eyetracking              I  Device Level: INFO_SUPPORTED_HARDWARE_LEVEL_3
2025-09-02 12:00:21.437  1326-9532  Camera2CameraInfo       com.example.eyetracking              I  Device Level: INFO_SUPPORTED_HARDWARE_LEVEL_3
2025-09-02 12:00:21.500  1326-1326  libc                    com.example.eyetracking              W  Access denied finding property "vendor.display.enable_optimal_refresh_rate"
2025-09-02 12:00:21.501  1326-1326  libc                    com.example.eyetracking              W  Access denied finding property "vendor.display.enable_optimal_refresh_rate"
2025-09-02 12:00:21.529  1326-1326  libc                    com.example.eyetracking              W  Access denied finding property "vendor.display.enable_optimal_refresh_rate"
2025-09-02 12:00:40.704  1326-9619  CalibrationActivity     com.example.eyetracking              V  CameraX frame received - 640x480
2025-09-02 12:00:40.704  1326-9619  MediaPipeEyeTracker     com.example.eyetracking              V  processFrame called - initialized: true, processing: false
2025-09-02 12:00:40.730  1326-9520  MediaPipeEyeTracker     com.example.eyetracking              V  processFaceLandmarkerResult - faces detected: 1
2025-09-02 12:00:40.730  1326-9520  MediaPipeEyeTracker     com.example.eyetracking              D  Face detected with 478 landmarks
2025-09-02 12:00:40.730  1326-9520  CalibrationActivity     com.example.eyetracking              V  MediaPipe callback triggered
2025-09-02 12:00:40.730  1326-9520  CalibrationActivity     com.example.eyetracking              V  onFaceLandmarkerResult - faces: 1, calibrating: false
2025-09-02 12:00:40.730  1326-9520  CalibrationActivity     com.example.eyetracking              V  Not calibrating - skipping processing
2025-09-02 12:00:40.730  1326-9520  MediaPipeEyeTracker     com.example.eyetracking              V  Successfully passed result to callback
2025-09-02 12:00:40.735  1326-9619  CalibrationActivity     com.example.eyetracking              V  CameraX frame received - 640x480
2025-09-02 12:00:40.735  1326-9619  MediaPipeEyeTracker     com.example.eyetracking              V  processFrame called - initialized: true, processing: false
2025-09-02 12:00:40.759  1326-9521  MediaPipeEyeTracker     com.example.eyetracking              V  processFaceLandmarkerResult - faces detected: 1
2025-09-02 12:00:40.759  1326-9521  MediaPipeEyeTracker     com.example.eyetracking              D  Face detected with 478 landmarks
2025-09-02 12:00:40.759  1326-9521  CalibrationActivity     com.example.eyetracking              V  MediaPipe callback triggered
2025-09-02 12:00:40.759  1326-9521  CalibrationActivity     com.example.eyetracking              V  onFaceLandmarkerResult - faces: 1, calibrating: false
2025-09-02 12:00:40.759  1326-9521  CalibrationActivity     com.example.eyetracking              V  Not calibrating - skipping processing
2025-09-02 12:00:40.759  1326-9521  MediaPipeEyeTracker     com.example.eyetracking              V  Successfully passed result to callback
2025-09-02 12:00:40.768  1326-9619  CalibrationActivity     com.example.eyetracking              V  CameraX frame received - 640x480
2025-09-02 12:00:40.768  1326-9619  MediaPipeEyeTracker     com.example.eyetracking              V  processFrame called - initialized: true, processing: false
2025-09-02 12:00:40.795  1326-9522  MediaPipeEyeTracker     com.example.eyetracking              V  processFaceLandmarkerResult - faces detected: 1
2025-09-02 12:00:40.795  1326-9522  MediaPipeEyeTracker     com.example.eyetracking              D  Face detected with 478 landmarks
