2025-09-02 17:38:05.629 14005-20711 MediaPipeEyeTracker     com.example.eyetracking              V  processFaceLandmarkerResult - faces detected: 1
2025-09-02 17:38:05.629 14005-20711 MediaPipeEyeTracker     com.example.eyetracking              D  Face detected with 478 landmarks
2025-09-02 17:38:05.629 14005-20711 CalibrationActivity     com.example.eyetracking              V  MediaPipe callback triggered
2025-09-02 17:38:05.629 14005-20711 CalibrationActivity     com.example.eyetracking              V  onFaceLandmarkerResult - faces: 1, calibrating: false
2025-09-02 17:38:05.629 14005-20711 CalibrationActivity     com.example.eyetracking              V  Not calibrating - skipping processing
2025-09-02 17:38:05.629 14005-20711 MediaPipeEyeTracker     com.example.eyetracking              V  Successfully passed result to callback
2025-09-02 17:38:05.631 14005-14005 DynamicRangeResolver    com.example.eyetracking              D  Resolved dynamic range for use case androidx.camera.core.Preview-510691ad-150d-4848-8879-40b7eb970d9c to no compatible HDR dynamic ranges.
                                                                                                    DynamicRange@be498b1{encoding=UNSPECIFIED, bitDepth=0}
                                                                                                    ->
                                                                                                    DynamicRange@bbb5f58{encoding=SDR, bitDepth=8}
2025-09-02 17:38:05.634 14005-14005 CameraQuirks            com.example.eyetracking              D  camera2 CameraQuirks = 
2025-09-02 17:38:05.634 14005-14005 CameraQuirks            com.example.eyetracking              D  camera2 CameraQuirks = 
2025-09-02 17:38:05.635 14005-14005 CameraQuirks            com.example.eyetracking              D  camera2 CameraQuirks = 
2025-09-02 17:38:05.639 14005-14005 DeferrableSurface       com.example.eyetracking              D  Surface created[total_surfaces=3, used_surfaces=2](androidx.camera.core.processing.SurfaceEdge$SettableSurface@234a828}
2025-09-02 17:38:05.640 14005-14005 DeferrableSurface       com.example.eyetracking              D  Surface created[total_surfaces=4, used_surfaces=2](androidx.camera.core.SurfaceRequest$2@c401ed4}
2025-09-02 17:38:05.640 14005-14005 DeferrableSurface       com.example.eyetracking              D  New surface in use[total_surfaces=4, used_surfaces=3](androidx.camera.core.SurfaceRequest$2@c401ed4}
2025-09-02 17:38:05.640 14005-14005 DeferrableSurface       com.example.eyetracking              D  use count+1, useCount=1 androidx.camera.core.SurfaceRequest$2@c401ed4
2025-09-02 17:38:05.643 14005-14005 ImageCapture            com.example.eyetracking              D  createPipeline(cameraId: 1, streamSpec: StreamSpec{resolution=2304x1728, dynamicRange=DynamicRange@bbb5f58{encoding=SDR, bitDepth=8}, expectedFrameRateRange=[0, 0], implementationOptions=androidx.camera.camera2.impl.Camera2ImplConfig@f18f79, zslDisabled=false})
2025-09-02 17:38:05.654 14005-14005 ImageReader_JNI         com.example.eyetracking              D  ImageReader_init: ctx[0xb400007aa0078ba0], 2304x1728, HalFormat[33], maxImages[4], ndkUsage[3], consumerUsage[3]
2025-09-02 17:38:05.654 14005-14005 libc                    com.example.eyetracking              W  Access denied finding property "vendor.display.enable_optimal_refresh_rate"
2025-09-02 17:38:05.650 14005-14005 ple.eyetracking         com.example.eyetracking              W  type=1400 audit(0.0:1237035): avc:  denied  { read } for  name="u:object_r:vendor_display_prop:s0" dev="tmpfs" ino=462 scontext=u:r:untrusted_app:s0:c45,c257,c512,c768 tcontext=u:object_r:vendor_display_prop:s0 tclass=file permissive=0 app=com.example.eyetracking
2025-09-02 17:38:05.655 14005-14005 DeferrableSurface       com.example.eyetracking              D  Surface created[total_surfaces=5, used_surfaces=3](androidx.camera.core.impl.ImmediateSurface@12724be}
2025-09-02 17:38:05.659 14005-14005 ImageReader_JNI         com.example.eyetracking              D  ImageReader_init: ctx[0xb400007aa0073f10], 640x480, HalFormat[35], maxImages[4], ndkUsage[3], consumerUsage[3]
2025-09-02 17:38:05.660 14005-14005 libc                    com.example.eyetracking              W  Access denied finding property "vendor.display.enable_optimal_refresh_rate"
2025-09-02 17:38:05.658 14005-14005 ple.eyetracking         com.example.eyetracking              W  type=1400 audit(0.0:1237037): avc:  denied  { read } for  name="u:object_r:vendor_display_prop:s0" dev="tmpfs" ino=462 scontext=u:r:untrusted_app:s0:c45,c257,c512,c768 tcontext=u:object_r:vendor_display_prop:s0 tclass=file permissive=0 app=com.example.eyetracking
2025-09-02 17:38:05.660 14005-14005 ImageReader_JNI         com.example.eyetracking              D  ImageReader_init: ctx[0xb400007aa0075d40], 640x480, HalFormat[35], maxImages[4], ndkUsage[3], consumerUsage[3]
2025-09-02 17:38:05.660 14005-14005 libc                    com.example.eyetracking              W  Access denied finding property "vendor.display.enable_optimal_refresh_rate"
2025-09-02 17:38:05.661 14005-14005 DeferrableSurface       com.example.eyetracking              D  Surface created[total_surfaces=6, used_surfaces=3](androidx.camera.core.impl.ImmediateSurface@540746c}
2025-09-02 17:38:05.662 14005-14005 ImageCapture            com.example.eyetracking              D  onCameraControlReady
2025-09-02 17:38:05.663 14005-14005 Camera2CameraControlImp com.example.eyetracking              D  setFlashMode: mFlashMode = 2
2025-09-02 17:38:05.693 14005-14005 ViewRootImpl            com.example.eyetracking              D  AppSizeAfterRelayout, size: Point(1080, 2392), rotation: ROTATION_0
2025-09-02 17:38:05.693 14005-14005 libc                    com.example.eyetracking              W  Access denied finding property "vendor.display.enable_optimal_refresh_rate"
2025-09-02 17:38:05.741 14005-14005 PreviewView             com.example.eyetracking              D  Surface requested by Preview.
2025-09-02 17:38:05.762 14005-14005 libc                    com.example.eyetracking              W  Access denied finding property "vendor.display.enable_optimal_refresh_rate"
2025-09-02 17:38:05.762 14005-14005 SurfaceViewImpl         com.example.eyetracking              D  Surface created.
2025-09-02 17:38:05.763 14005-14005 SurfaceViewImpl         com.example.eyetracking              D  Surface changed. Size: 1632x1224
2025-09-02 17:38:05.772 14005-14005 StreamStateObserver     com.example.eyetracking              D  Update Preview stream state to IDLE
2025-09-02 17:38:05.772 14005-14005 PreviewView             com.example.eyetracking              D  Preview transformation info updated. TransformationInfo{getCropRect=Rect(0, 0 - 1632, 1224), getRotationDegrees=270, getTargetRotation=-1, hasCameraTransform=true, getSensorToBufferTransform=Matrix{[0.7083333, 0.0, -0.0][0.0, 0.7083333, -0.0][0.0, 0.0, 1.0]}, isMirroring=true}
2025-09-02 17:38:05.772 14005-14005 PreviewTransform        com.example.eyetracking              D  Transformation info set: TransformationInfo{getCropRect=Rect(0, 0 - 1632, 1224), getRotationDegrees=270, getTargetRotation=-1, hasCameraTransform=true, getSensorToBufferTransform=Matrix{[0.7083333, 0.0, -0.0][0.0, 0.7083333, -0.0][0.0, 0.0, 1.0]}, isMirroring=true} 1632x1224 true
2025-09-02 17:38:05.772 14005-14005 SurfaceViewImpl         com.example.eyetracking              D  Surface set on Preview.
2025-09-02 17:38:05.781 14005-14005 ImeFocusController      com.example.eyetracking              V  onWindowFocus: com.android.internal.policy.DecorView{9f277e3 V.E...... R......D 0,0-1080,2392}[TrackingActivity] softInputMode=STATE_UNSPECIFIED|ADJUST_PAN|IS_FORWARD_NAVIGATION
2025-09-02 17:38:05.789 14005-20812 VivoJavaJsonManager     com.example.eyetracking              D  failed to find appName:com.example.eyetracking from config key:mProtakePackages
2025-09-02 17:38:05.789 14005-20723 Camera2CameraImpl       com.example.eyetracking              D  {Camera@cbb860d[id=1]} Use case androidx.camera.core.ImageCapture-50ac0f0f-0155-4427-b88b-7b2a7695588029968183 ACTIVE
2025-09-02 17:38:05.789 14005-20723 UseCaseAttachState      com.example.eyetracking              D  Active and attached use case: [] for camera: 1
2025-09-02 17:38:05.790 14005-20723 Camera2CameraImpl       com.example.eyetracking              D  {Camera@cbb860d[id=1]} Use case androidx.camera.core.Preview-510691ad-150d-4848-8879-40b7eb970d9c234830902 ACTIVE
2025-09-02 17:38:05.790 14005-20723 UseCaseAttachState      com.example.eyetracking              D  Active and attached use case: [] for camera: 1
2025-09-02 17:38:05.791 14005-20723 Camera2CameraImpl       com.example.eyetracking              D  {Camera@cbb860d[id=1]} Use case androidx.camera.core.ImageCapture-50ac0f0f-0155-4427-b88b-7b2a7695588029968183 ACTIVE
2025-09-02 17:38:05.791 14005-20723 UseCaseAttachState      com.example.eyetracking              D  Active and attached use case: [] for camera: 1
2025-09-02 17:38:05.791 14005-20723 Camera2CameraImpl       com.example.eyetracking              D  {Camera@cbb860d[id=1]} Use case androidx.camera.core.ImageAnalysis-62e58a09-b7f8-4582-9118-086b903d2f0432523428 ACTIVE
2025-09-02 17:38:05.791 14005-20723 UseCaseAttachState      com.example.eyetracking              D  Active and attached use case: [] for camera: 1
2025-09-02 17:38:05.792 14005-20723 UseCaseAttachState      com.example.eyetracking              D  Active and attached use case: [] for camera: 1
2025-09-02 17:38:05.792 14005-20723 Camera2CameraImpl       com.example.eyetracking              D  {Camera@cbb860d[id=1]} Use cases [androidx.camera.core.Preview-510691ad-150d-4848-8879-40b7eb970d9c234830902, androidx.camera.core.ImageCapture-50ac0f0f-0155-4427-b88b-7b2a7695588029968183, androidx.camera.core.ImageAnalysis-62e58a09-b7f8-4582-9118-086b903d2f0432523428] now ATTACHED
2025-09-02 17:38:05.792 14005-20723 Camera2CameraControlImp com.example.eyetracking              D  setActive: isActive = true
2025-09-02 17:38:05.793 14005-20723 UseCaseAttachState      com.example.eyetracking              D  All use case: [androidx.camera.core.ImageCapture-50ac0f0f-0155-4427-b88b-7b2a7695588029968183, androidx.camera.core.Preview-510691ad-150d-4848-8879-40b7eb970d9c234830902, androidx.camera.core.ImageAnalysis-62e58a09-b7f8-4582-9118-086b903d2f0432523428] for camera: 1
2025-09-02 17:38:05.794 14005-20723 UseCaseAttachState      com.example.eyetracking              D  Active and attached use case: [androidx.camera.core.ImageCapture-50ac0f0f-0155-4427-b88b-7b2a7695588029968183, androidx.camera.core.Preview-510691ad-150d-4848-8879-40b7eb970d9c234830902, androidx.camera.core.ImageAnalysis-62e58a09-b7f8-4582-9118-086b903d2f0432523428] for camera: 1
2025-09-02 17:38:05.798 14005-20723 Camera2CameraImpl       com.example.eyetracking              D  {Camera@cbb860d[id=1]} Resetting Capture Session
2025-09-02 17:38:05.798 14005-20723 Camera2CameraImpl       com.example.eyetracking              D  {Camera@cbb860d[id=1]} Skipping Capture Session state check due to current camera state: CLOSING and previous session status: false
2025-09-02 17:38:05.798 14005-20723 Camera2CameraImpl       com.example.eyetracking              D  {Camera@cbb860d[id=1]} Releasing session in state CLOSING
2025-09-02 17:38:05.798 14005-20723 Camera2CameraImpl       com.example.eyetracking              D  {Camera@cbb860d[id=1]} Transitioning camera internal state: CLOSING --> REOPENING
2025-09-02 17:38:05.798 14005-20723 CameraStateRegistry     com.example.eyetracking              D  Recalculating open cameras:
                                                                                                    Camera                                       State                 
                                                                                                    -------------------------------------------------------------------
                                                                                                    Camera@cbb860d[id=1]                         OPENING               
                                                                                                    Camera@944276a[id=0]                         UNKNOWN               
                                                                                                    -------------------------------------------------------------------
                                                                                                    Open count: 1 (Max allowed: 1)
2025-09-02 17:38:05.799 14005-20723 CameraStateMachine      com.example.eyetracking              D  New public camera state CameraState{type=OPENING, error=null} from OPENING and null
2025-09-02 17:38:05.799 14005-20723 CameraStateMachine      com.example.eyetracking              D  Publishing new public camera state CameraState{type=OPENING, error=null}
2025-09-02 17:38:05.799 14005-20723 Camera2CameraImpl       com.example.eyetracking              D  {Camera@cbb860d[id=1]} Use case androidx.camera.core.Preview-510691ad-150d-4848-8879-40b7eb970d9c234830902 ACTIVE
2025-09-02 17:38:05.799 14005-20723 UseCaseAttachState      com.example.eyetracking              D  Active and attached use case: [androidx.camera.core.ImageCapture-50ac0f0f-0155-4427-b88b-7b2a7695588029968183, androidx.camera.core.Preview-510691ad-150d-4848-8879-40b7eb970d9c234830902, androidx.camera.core.ImageAnalysis-62e58a09-b7f8-4582-9118-086b903d2f0432523428] for camera: 1
2025-09-02 17:38:05.801 14005-20723 Camera2CameraImpl       com.example.eyetracking              D  {Camera@cbb860d[id=1]} Use case androidx.camera.core.ImageCapture-50ac0f0f-0155-4427-b88b-7b2a7695588029968183 ACTIVE
2025-09-02 17:38:05.801 14005-20723 UseCaseAttachState      com.example.eyetracking              D  Active and attached use case: [androidx.camera.core.ImageCapture-50ac0f0f-0155-4427-b88b-7b2a7695588029968183, androidx.camera.core.Preview-510691ad-150d-4848-8879-40b7eb970d9c234830902, androidx.camera.core.ImageAnalysis-62e58a09-b7f8-4582-9118-086b903d2f0432523428] for camera: 1
2025-09-02 17:38:05.803 14005-20723 Camera2CameraImpl       com.example.eyetracking              D  {Camera@cbb860d[id=1]} Use case androidx.camera.core.ImageAnalysis-62e58a09-b7f8-4582-9118-086b903d2f0432523428 ACTIVE
2025-09-02 17:38:05.803 14005-20723 UseCaseAttachState      com.example.eyetracking              D  Active and attached use case: [androidx.camera.core.ImageCapture-50ac0f0f-0155-4427-b88b-7b2a7695588029968183, androidx.camera.core.Preview-510691ad-150d-4848-8879-40b7eb970d9c234830902, androidx.camera.core.ImageAnalysis-62e58a09-b7f8-4582-9118-086b903d2f0432523428] for camera: 1
2025-09-02 17:38:05.805 14005-20723 DeferrableSurface       com.example.eyetracking              D  use count-1,  useCount=0 closed=true androidx.camera.core.SurfaceRequest$2@664ace9
2025-09-02 17:38:05.805 14005-20723 DeferrableSurface       com.example.eyetracking              D  Surface no longer in use[total_surfaces=6, used_surfaces=2](androidx.camera.core.SurfaceRequest$2@664ace9}
2025-09-02 17:38:05.805 14005-20723 DeferrableSurface       com.example.eyetracking              D  Surface terminated[total_surfaces=5, used_surfaces=2](androidx.camera.core.SurfaceRequest$2@664ace9}
2025-09-02 17:38:05.805 14005-20723 DeferrableSurface       com.example.eyetracking              D  use count-1,  useCount=0 closed=true androidx.camera.core.impl.ImmediateSurface@5d2527a
2025-09-02 17:38:05.805 14005-20723 DeferrableSurface       com.example.eyetracking              D  Surface no longer in use[total_surfaces=5, used_surfaces=1](androidx.camera.core.impl.ImmediateSurface@5d2527a}
2025-09-02 17:38:05.805 14005-20723 DeferrableSurface       com.example.eyetracking              D  Surface terminated[total_surfaces=4, used_surfaces=1](androidx.camera.core.impl.ImmediateSurface@5d2527a}
2025-09-02 17:38:05.805 14005-20723 Camera2CameraImpl       com.example.eyetracking              D  {Camera@cbb860d[id=1]} CameraDevice.onClosed()
2025-09-02 17:38:05.805 14005-20723 Camera2CameraImpl       com.example.eyetracking              D  {Camera@cbb860d[id=1]} Attempting to open the camera.
2025-09-02 17:38:05.806 14005-20723 CameraStateRegistry     com.example.eyetracking              D  tryOpenCamera(Camera@cbb860d[id=1]) [Available Cameras: 0, Already Open: true (Previous state: OPENING)] --> SUCCESS
2025-09-02 17:38:05.806 14005-20723 CameraStateRegistry     com.example.eyetracking              D  Recalculating open cameras:
                                                                                                    Camera                                       State                 
                                                                                                    -------------------------------------------------------------------
                                                                                                    Camera@cbb860d[id=1]                         OPENING               
                                                                                                    Camera@944276a[id=0]                         UNKNOWN               
                                                                                                    -------------------------------------------------------------------
                                                                                                    Open count: 1 (Max allowed: 1)
2025-09-02 17:38:05.806 14005-20723 Camera2CameraImpl       com.example.eyetracking              D  {Camera@cbb860d[id=1]} Opening camera.
2025-09-02 17:38:05.806 14005-20723 Camera2CameraImpl       com.example.eyetracking              D  {Camera@cbb860d[id=1]} Transitioning camera internal state: REOPENING --> OPENING
2025-09-02 17:38:05.806 14005-20723 CameraStateMachine      com.example.eyetracking              D  New public camera state CameraState{type=OPENING, error=null} from OPENING and null
2025-09-02 17:38:05.807 14005-20723 UseCaseAttachState      com.example.eyetracking              D  All use case: [androidx.camera.core.ImageCapture-50ac0f0f-0155-4427-b88b-7b2a7695588029968183, androidx.camera.core.Preview-510691ad-150d-4848-8879-40b7eb970d9c234830902, androidx.camera.core.ImageAnalysis-62e58a09-b7f8-4582-9118-086b903d2f0432523428] for camera: 1
2025-09-02 17:38:05.812 14005-20723 VivoJavaJsonManager     com.example.eyetracking              D  failed to find appName:com.example.eyetracking from config key:mProtakePackages
2025-09-02 17:38:05.813 14005-20723 VivoJavaJsonManager     com.example.eyetracking              D  failed to find appName:com.example.eyetracking from config key:mProtakePackages
2025-09-02 17:38:05.813 14005-20723 VivoJavaJsonManager     com.example.eyetracking              D  failed to find appName:com.example.eyetracking from config key:mProtakePackages
2025-09-02 17:38:05.813 14005-20723 VivoJavaJsonManager     com.example.eyetracking              D  failed to find appName:com.example.eyetracking from config key:mProtakePackages
2025-09-02 17:38:05.813 14005-20723 VivoJavaJsonManager     com.example.eyetracking              D  failed to find key:itsMultiCameraAlignmentCfg_productFlag
2025-09-02 17:38:05.821 14005-14005 SurfaceViewImpl         com.example.eyetracking              D  Safe to release surface.
2025-09-02 17:38:05.826 14005-14005 ImageReader_JNI         com.example.eyetracking              D  ImageReader_close: ctx[0xb400007aa00565b0], 640x480, HalFormat[35]
2025-09-02 17:38:05.826 14005-14005 ImageReader_JNI         com.example.eyetracking              D  ImageReader_close: ctx[0xb400007aa0072a80], 640x480, HalFormat[35]
2025-09-02 17:38:05.836 14005-20812 VivoJavaJsonManager     com.example.eyetracking              D  failed to find appName:com.example.eyetracking from config key:mProtakePackages
2025-09-02 17:38:05.851 14005-20723 VivoJavaJsonManager     com.example.eyetracking              D  failed to find appName:com.example.eyetracking from config key:ForBlockBroadcast
2025-09-02 17:38:05.851 14005-20723 VivoJavaJsonManager     com.example.eyetracking              D  failed to find activity from config key:ForBlockBroadcastActivity
2025-09-02 17:38:05.851 14005-20723 VivoJavaJsonManager     com.example.eyetracking              D  failed to find activity from config key:ForBlockBroadcastActivity
2025-09-02 17:38:05.851 14005-20723 VivoJavaJsonManager     com.example.eyetracking              D  failed to find activity from config key:ForBlockBroadcastActivity
2025-09-02 17:38:05.851 14005-20723 VivoJavaJsonManager     com.example.eyetracking              D  failed to find activity from config key:ForBlockBroadcastActivity
2025-09-02 17:38:05.852 14005-20723 VivoCameraUtils         com.example.eyetracking              V  top app is: com.example.eyetracking, current app: com.example.eyetracking
2025-09-02 17:38:05.856 14005-20723 VivoJavaJsonManager     com.example.eyetracking              D  failed to find appName:com.example.eyetracking from config key:ForBlockBroadcast
2025-09-02 17:38:05.856 14005-20723 VivoJavaJsonManager     com.example.eyetracking              D  failed to find activity from config key:ForBlockBroadcastActivity
2025-09-02 17:38:05.856 14005-20723 VivoJavaJsonManager     com.example.eyetracking              D  failed to find activity from config key:ForBlockBroadcastActivity
2025-09-02 17:38:05.856 14005-20723 VivoJavaJsonManager     com.example.eyetracking              D  failed to find activity from config key:ForBlockBroadcastActivity
2025-09-02 17:38:05.856 14005-20723 VivoJavaJsonManager     com.example.eyetracking              D  failed to find activity from config key:ForBlockBroadcastActivity
2025-09-02 17:38:05.861 14005-20723 SyncCaptureSessionImpl  com.example.eyetracking              D  [androidx.camera.camera2.internal.SynchronizedCaptureSessionImpl@819be7] onClosed()
2025-09-02 17:38:05.862 14005-20723 UseCaseAttachState      com.example.eyetracking              D  Active and attached use case: [androidx.camera.core.ImageCapture-50ac0f0f-0155-4427-b88b-7b2a7695588029968183, androidx.camera.core.Preview-510691ad-150d-4848-8879-40b7eb970d9c234830902, androidx.camera.core.ImageAnalysis-62e58a09-b7f8-4582-9118-086b903d2f0432523428] for camera: 1
2025-09-02 17:38:05.865 14005-20731 Camera2CameraImpl       com.example.eyetracking              D  {Camera@cbb860d[id=1]} CameraDevice.onOpened()
2025-09-02 17:38:05.865 14005-20731 Camera2CameraImpl       com.example.eyetracking              D  {Camera@cbb860d[id=1]} Transitioning camera internal state: OPENING --> OPENED
2025-09-02 17:38:05.865 14005-20731 CameraStateRegistry     com.example.eyetracking              D  Recalculating open cameras:
                                                                                                    Camera                                       State                 
                                                                                                    -------------------------------------------------------------------
                                                                                                    Camera@cbb860d[id=1]                         OPEN                  
                                                                                                    Camera@944276a[id=0]                         UNKNOWN               
                                                                                                    -------------------------------------------------------------------
                                                                                                    Open count: 1 (Max allowed: 1)
2025-09-02 17:38:05.865 14005-20731 CameraStateMachine      com.example.eyetracking              D  New public camera state CameraState{type=OPEN, error=null} from OPEN and null
2025-09-02 17:38:05.865 14005-20731 CameraStateMachine      com.example.eyetracking              D  Publishing new public camera state CameraState{type=OPEN, error=null}
2025-09-02 17:38:05.866 14005-20731 UseCaseAttachState      com.example.eyetracking              D  All use case: [androidx.camera.core.ImageCapture-50ac0f0f-0155-4427-b88b-7b2a7695588029968183, androidx.camera.core.Preview-510691ad-150d-4848-8879-40b7eb970d9c234830902, androidx.camera.core.ImageAnalysis-62e58a09-b7f8-4582-9118-086b903d2f0432523428] for camera: 1
2025-09-02 17:38:05.869 14005-20731 SyncCaptureSessionBase  com.example.eyetracking              D  [androidx.camera.camera2.internal.SynchronizedCaptureSessionImpl@2f41cdf] getSurface done with results: [Surface(name=null mNativeObject=-5476376622358903536)/@0x76132ff, Surface(name=null mNativeObject=-5476376622359112816)/@0x3ffdd39, Surface(name=null mNativeObject=-5476376622359557536)/@0xc6ebf7e]
2025-09-02 17:38:05.869 14005-20731 CaptureSession          com.example.eyetracking              D  Opening capture session.
2025-09-02 17:38:05.870 14005-20731 Camera2Cap...estBuilder com.example.eyetracking              D  template type = 1
2025-09-02 17:38:05.871 14005-20731 SyncCaptureSessionImpl  com.example.eyetracking              D  [androidx.camera.camera2.internal.SynchronizedCaptureSessionImpl@2f41cdf] start openCaptureSession
2025-09-02 17:38:05.871 14005-20731 DeferrableSurface       com.example.eyetracking              D  use count+1, useCount=2 androidx.camera.core.SurfaceRequest$2@c401ed4
2025-09-02 17:38:05.871 14005-20731 DeferrableSurface       com.example.eyetracking              D  New surface in use[total_surfaces=4, used_surfaces=2](androidx.camera.core.impl.ImmediateSurface@12724be}
2025-09-02 17:38:05.871 14005-20731 DeferrableSurface       com.example.eyetracking              D  use count+1, useCount=1 androidx.camera.core.impl.ImmediateSurface@12724be
2025-09-02 17:38:05.872 14005-20731 DeferrableSurface       com.example.eyetracking              D  New surface in use[total_surfaces=4, used_surfaces=3](androidx.camera.core.impl.ImmediateSurface@540746c}
2025-09-02 17:38:05.872 14005-20731 DeferrableSurface       com.example.eyetracking              D  use count+1, useCount=1 androidx.camera.core.impl.ImmediateSurface@540746c
2025-09-02 17:38:05.872 14005-20731 VivoJavaJsonManager     com.example.eyetracking              D  failed to find appName:com.example.eyetracking from config key:mOEMPackages
2025-09-02 17:38:05.991 14005-20731 VivoJavaJsonManager     com.example.eyetracking              D  failed to find appName:com.example.eyetracking from config key:VivoCameraConfig
2025-09-02 17:38:05.991 14005-20731 SyncCaptureSessionImpl  com.example.eyetracking              D  [androidx.camera.camera2.internal.SynchronizedCaptureSessionImpl@2f41cdf] Session onConfigured()
2025-09-02 17:38:05.992 14005-20731 CaptureSession          com.example.eyetracking              D  Attempting to send capture request onConfigured
2025-09-02 17:38:05.992 14005-20731 CaptureSession          com.example.eyetracking              D  Issuing request for session.
2025-09-02 17:38:05.992 14005-20731 Camera2Cap...estBuilder com.example.eyetracking              D  createCaptureRequest
2025-09-02 17:38:05.994 14005-20731 CaptureSession          com.example.eyetracking              D  CameraCaptureSession.onConfigured() mState=OPENED
2025-09-02 17:38:05.995 14005-20731 CaptureSession          com.example.eyetracking              D  CameraCaptureSession.onReady() OPENED
2025-09-02 17:38:06.120 14005-14005 VRI[Calibr...nActivity] com.example.eyetracking              D  visibilityChanged oldVisibility=true newVisibility=false
2025-09-02 17:38:06.127 14005-14005 SurfaceViewImpl         com.example.eyetracking              D  Surface destroyed.
2025-09-02 17:38:06.127 14005-14005 SurfaceViewImpl         com.example.eyetracking              D  Surface closed androidx.camera.core.SurfaceRequest@f4ac170
2025-09-02 17:38:06.135 14005-14005 ViewRootImpl            com.example.eyetracking              D  AppSizeAfterRelayout, size: Point(1080, 2392), rotation: ROTATION_0
2025-09-02 17:38:06.161 14005-14005 MediaPipeEyeTracker     com.example.eyetracking              D  MediaPipe resources released
2025-09-02 17:38:06.161 14005-14005 WindowOnBackDispatcher  com.example.eyetracking              W  sendCancelIfRunning: isInProgress=false callback=android.view.ViewRootImpl$$ExternalSyntheticLambda11@aea12f1
2025-09-02 17:38:06.175 14005-20723 StreamStateObserver     com.example.eyetracking              D  Update Preview stream state to STREAMING
2025-09-02 17:38:06.177 14005-20708 TransportR...EventStore com.example.eyetracking              D  Storing event with priority=DEFAULT, name=COREML_ON_DEVICE_SOLUTIONS for destination cct
2025-09-02 17:38:06.181 14005-20708 TransportR...oScheduler com.example.eyetracking              D  Upload for context TransportContext(cct, DEFAULT, MSRodHRwczovL2ZpcmViYXNlbG9nZ2luZy5nb29nbGVhcGlzLmNvbS92MGNjL2xvZy9iYXRjaD9mb3JtYXQ9anNvbl9wcm90bzNc) is already scheduled. Returning...
2025-09-02 17:38:06.184 14005-21061 MediaPipeEyeTracker     com.example.eyetracking              V  processFrame called - initialized: true, processing: false
2025-09-02 17:38:06.213 14005-20940 MediaPipeEyeTracker     com.example.eyetracking              V  processFaceLandmarkerResult - faces detected: 1
2025-09-02 17:38:06.213 14005-20940 MediaPipeEyeTracker     com.example.eyetracking              D  Face detected with 478 landmarks
2025-09-02 17:38:06.213 14005-20940 MediaPipeEyeTracker     com.example.eyetracking              V  Successfully passed result to callback
2025-09-02 17:38:06.251 14005-21061 MediaPipeEyeTracker     com.example.eyetracking              V  processFrame called - initialized: true, processing: false
2025-09-02 17:38:06.270 14005-20945 MediaPipeEyeTracker     com.example.eyetracking              V  processFaceLandmarkerResult - faces detected: 1
2025-09-02 17:38:06.270 14005-20945 MediaPipeEyeTracker     com.example.eyetracking              D  Face detected with 478 landmarks
2025-09-02 17:38:06.271 14005-20945 MediaPipeEyeTracker     com.example.eyetracking              V  Successfully passed result to callback
2025-09-02 17:38:06.307 14005-21061 MediaPipeEyeTracker     com.example.eyetracking              V  processFrame called - initialized: true, processing: false
2025-09-02 17:38:06.326 14005-20942 MediaPipeEyeTracker     com.example.eyetracking              V  processFaceLandmarkerResult - faces detected: 1
2025-09-02 17:38:06.326 14005-20942 MediaPipeEyeTracker     com.example.eyetracking              D  Face detected with 478 landmarks
2025-09-02 17:38:06.326 14005-20942 MediaPipeEyeTracker     com.example.eyetracking              V  Successfully passed result to callback
2025-09-02 17:38:06.350 14005-21061 MediaPipeEyeTracker     com.example.eyetracking              V  processFrame called - initialized: true, processing: false
2025-09-02 17:38:06.376 14005-20941 MediaPipeEyeTracker     com.example.eyetracking              V  processFaceLandmarkerResult - faces detected: 1
2025-09-02 17:38:06.376 14005-20941 MediaPipeEyeTracker     com.example.eyetracking              D  Face detected with 478 landmarks
2025-09-02 17:38:06.376 14005-20941 MediaPipeEyeTracker     com.example.eyetracking              V  Successfully passed result to callback
2025-09-02 17:38:06.410 14005-21061 MediaPipeEyeTracker     com.example.eyetracking              V  processFrame called - initialized: true, processing: false
2025-09-02 17:38:06.430 14005-20940 MediaPipeEyeTracker     com.example.eyetracking              V  processFaceLandmarkerResult - faces detected: 1
2025-09-02 17:38:06.430 14005-20940 MediaPipeEyeTracker     com.example.eyetracking              D  Face detected with 478 landmarks
2025-09-02 17:38:06.430 14005-20940 MediaPipeEyeTracker     com.example.eyetracking              V  Successfully passed result to callback
2025-09-02 17:38:06.452 14005-21061 MediaPipeEyeTracker     com.example.eyetracking              V  processFrame called - initialized: true, processing: false
2025-09-02 17:38:06.477 14005-20943 MediaPipeEyeTracker     com.example.eyetracking              V  processFaceLandmarkerResult - faces detected: 1
2025-09-02 17:38:06.477 14005-20943 MediaPipeEyeTracker     com.example.eyetracking              D  Face detected with 478 landmarks
2025-09-02 17:38:06.477 14005-20943 MediaPipeEyeTracker     com.example.eyetracking              V  Successfully passed result to callback
2025-09-02 17:38:06.506 14005-21061 MediaPipeEyeTracker     com.example.eyetracking              V  processFrame called - initialized: true, processing: false
2025-09-02 17:38:06.533 14005-20938 MediaPipeEyeTracker     com.example.eyetracking              V  processFaceLandmarkerResult - faces detected: 1
2025-09-02 17:38:06.533 14005-20938 MediaPipeEyeTracker     com.example.eyetracking              D  Face detected with 478 landmarks
2025-09-02 17:38:06.533 14005-20938 MediaPipeEyeTracker     com.example.eyetracking              V  Successfully passed result to callback
2025-09-02 17:38:06.552 14005-21061 MediaPipeEyeTracker     com.example.eyetracking              V  processFrame called - initialized: true, processing: false
2025-09-02 17:38:06.574 14005-20944 MediaPipeEyeTracker     com.example.eyetracking              V  processFaceLandmarkerResult - faces detected: 1
2025-09-02 17:38:06.574 14005-20944 MediaPipeEyeTracker     com.example.eyetracking              D  Face detected with 478 landmarks
2025-09-02 17:38:06.574 14005-20944 MediaPipeEyeTracker     com.example.eyetracking              V  Successfully passed result to callback
2025-09-02 17:38:06.601 14005-21061 MediaPipeEyeTracker     com.example.eyetracking              V  processFrame called - initialized: true, processing: false
2025-09-02 17:38:06.624 14005-20942 MediaPipeEyeTracker     com.example.eyetracking              V  processFaceLandmarkerResult - faces detected: 1
2025-09-02 17:38:06.624 14005-20942 MediaPipeEyeTracker     com.example.eyetracking              D  Face detected with 478 landmarks
2025-09-02 17:38:06.624 14005-20942 MediaPipeEyeTracker     com.example.eyetracking              V  Successfully passed result to callback
2025-09-02 17:38:06.655 14005-21061 MediaPipeEyeTracker     com.example.eyetracking              V  processFrame called - initialized: true, processing: false
2025-09-02 17:38:06.679 14005-20941 MediaPipeEyeTracker     com.example.eyetracking              V  processFaceLandmarkerResult - faces detected: 1
2025-09-02 17:38:06.679 14005-20941 MediaPipeEyeTracker     com.example.eyetracking              D  Face detected with 478 landmarks
2025-09-02 17:38:06.679 14005-20941 MediaPipeEyeTracker     com.example.eyetracking              V  Successfully passed result to callback
2025-09-02 17:38:06.711 14005-21061 MediaPipeEyeTracker     com.example.eyetracking              V  processFrame called - initialized: true, processing: false
2025-09-02 17:38:06.740 14005-20938 MediaPipeEyeTracker     com.example.eyetracking              V  processFaceLandmarkerResult - faces detected: 1
2025-09-02 17:38:06.740 14005-20938 MediaPipeEyeTracker     com.example.eyetracking              D  Face detected with 478 landmarks
2025-09-02 17:38:06.740 14005-20938 MediaPipeEyeTracker     com.example.eyetracking              V  Successfully passed result to callback
2025-09-02 17:38:06.758 14005-21061 MediaPipeEyeTracker     com.example.eyetracking              V  processFrame called - initialized: true, processing: false
2025-09-02 17:38:06.789 14005-20940 MediaPipeEyeTracker     com.example.eyetracking              V  processFaceLandmarkerResult - faces detected: 1
2025-09-02 17:38:06.789 14005-20940 MediaPipeEyeTracker     com.example.eyetracking              D  Face detected with 478 landmarks
2025-09-02 17:38:06.789 14005-20940 MediaPipeEyeTracker     com.example.eyetracking              V  Successfully passed result to callback
2025-09-02 17:38:06.808 14005-21061 MediaPipeEyeTracker     com.example.eyetracking              V  processFrame called - initialized: true, processing: false
2025-09-02 17:38:06.842 14005-20942 MediaPipeEyeTracker     com.example.eyetracking              V  processFaceLandmarkerResult - faces detected: 1
2025-09-02 17:38:06.842 14005-20942 MediaPipeEyeTracker     com.example.eyetracking              D  Face detected with 478 landmarks
2025-09-02 17:38:06.842 14005-20942 MediaPipeEyeTracker     com.example.eyetracking              V  Successfully passed result to callback
2025-09-02 17:38:06.858 14005-21061 MediaPipeEyeTracker     com.example.eyetracking              V  processFrame called - initialized: true, processing: false
2025-09-02 17:38:06.885 14005-20938 MediaPipeEyeTracker     com.example.eyetracking              V  processFaceLandmarkerResult - faces detected: 1
2025-09-02 17:38:06.885 14005-20938 MediaPipeEyeTracker     com.example.eyetracking              D  Face detected with 478 landmarks
2025-09-02 17:38:06.885 14005-20938 MediaPipeEyeTracker     com.example.eyetracking              V  Successfully passed result to callback
2025-09-02 17:38:06.909 14005-21061 MediaPipeEyeTracker     com.example.eyetracking              V  processFrame called - initialized: true, processing: false
2025-09-02 17:38:06.938 14005-20941 MediaPipeEyeTracker     com.example.eyetracking              V  processFaceLandmarkerResult - faces detected: 1
2025-09-02 17:38:06.938 14005-20941 MediaPipeEyeTracker     com.example.eyetracking              D  Face detected with 478 landmarks
2025-09-02 17:38:06.938 14005-20941 MediaPipeEyeTracker     com.example.eyetracking              V  Successfully passed result to callback
2025-09-02 17:38:06.960 14005-21061 MediaPipeEyeTracker     com.example.eyetracking              V  processFrame called - initialized: true, processing: false
2025-09-02 17:38:06.988 14005-20943 MediaPipeEyeTracker     com.example.eyetracking              V  processFaceLandmarkerResult - faces detected: 1
2025-09-02 17:38:06.988 14005-20943 MediaPipeEyeTracker     com.example.eyetracking              D  Face detected with 478 landmarks
2025-09-02 17:38:06.988 14005-20943 MediaPipeEyeTracker     com.example.eyetracking              V  Successfully passed result to callback
2025-09-02 17:38:07.012 14005-21061 MediaPipeEyeTracker     com.example.eyetracking              V  processFrame called - initialized: true, processing: false
2025-09-02 17:38:07.038 14005-20945 MediaPipeEyeTracker     com.example.eyetracking              V  processFaceLandmarkerResult - faces detected: 1
2025-09-02 17:38:07.038 14005-20945 MediaPipeEyeTracker     com.example.eyetracking              D  Face detected with 478 landmarks
2025-09-02 17:38:07.038 14005-20945 MediaPipeEyeTracker     com.example.eyetracking              V  Successfully passed result to callback
2025-09-02 17:38:07.066 14005-21061 MediaPipeEyeTracker     com.example.eyetracking              V  processFrame called - initialized: true, processing: false
2025-09-02 17:38:07.093 14005-20943 MediaPipeEyeTracker     com.example.eyetracking              V  processFaceLandmarkerResult - faces detected: 1
2025-09-02 17:38:07.093 14005-20943 MediaPipeEyeTracker     com.example.eyetracking              D  Face detected with 478 landmarks
2025-09-02 17:38:07.093 14005-20943 MediaPipeEyeTracker     com.example.eyetracking              V  Successfully passed result to callback
2025-09-02 17:38:07.106 14005-21061 MediaPipeEyeTracker     com.example.eyetracking              V  processFrame called - initialized: true, processing: false
2025-09-02 17:38:07.128 14005-20938 MediaPipeEyeTracker     com.example.eyetracking              V  processFaceLandmarkerResult - faces detected: 1
2025-09-02 17:38:07.128 14005-20938 MediaPipeEyeTracker     com.example.eyetracking              D  Face detected with 478 landmarks
2025-09-02 17:38:07.128 14005-20938 MediaPipeEyeTracker     com.example.eyetracking              V  Successfully passed result to callback
2025-09-02 17:38:07.156 14005-21061 MediaPipeEyeTracker     com.example.eyetracking              V  processFrame called - initialized: true, processing: false
2025-09-02 17:38:07.181 14005-20942 MediaPipeEyeTracker     com.example.eyetracking              V  processFaceLandmarkerResult - faces detected: 1
2025-09-02 17:38:07.181 14005-20942 MediaPipeEyeTracker     com.example.eyetracking              D  Face detected with 478 landmarks
2025-09-02 17:38:07.181 14005-20942 MediaPipeEyeTracker     com.example.eyetracking              V  Successfully passed result to callback
2025-09-02 17:38:07.208 14005-21061 MediaPipeEyeTracker     com.example.eyetracking              V  processFrame called - initialized: true, processing: false
2025-09-02 17:38:07.237 14005-20938 MediaPipeEyeTracker     com.example.eyetracking              V  processFaceLandmarkerResult - faces detected: 1
2025-09-02 17:38:07.237 14005-20938 MediaPipeEyeTracker     com.example.eyetracking              D  Face detected with 478 landmarks
2025-09-02 17:38:07.237 14005-20938 MediaPipeEyeTracker     com.example.eyetracking              V  Successfully passed result to callback
2025-09-02 17:38:07.260 14005-21061 MediaPipeEyeTracker     com.example.eyetracking              V  processFrame called - initialized: true, processing: false
2025-09-02 17:38:07.287 14005-20943 MediaPipeEyeTracker     com.example.eyetracking              V  processFaceLandmarkerResult - faces detected: 1
2025-09-02 17:38:07.287 14005-20943 MediaPipeEyeTracker     com.example.eyetracking              D  Face detected with 478 landmarks
2025-09-02 17:38:07.287 14005-20943 MediaPipeEyeTracker     com.example.eyetracking              V  Successfully passed result to callback
2025-09-02 17:38:07.301 14005-21061 MediaPipeEyeTracker     com.example.eyetracking              V  processFrame called - initialized: true, processing: false
2025-09-02 17:38:07.324 14005-20938 MediaPipeEyeTracker     com.example.eyetracking              V  processFaceLandmarkerResult - faces detected: 1
2025-09-02 17:38:07.324 14005-20938 MediaPipeEyeTracker     com.example.eyetracking              D  Face detected with 478 landmarks
2025-09-02 17:38:07.324 14005-20938 MediaPipeEyeTracker     com.example.eyetracking              V  Successfully passed result to callback
2025-09-02 17:38:07.353 14005-21061 MediaPipeEyeTracker     com.example.eyetracking              V  processFrame called - initialized: true, processing: false
2025-09-02 17:38:07.383 14005-20939 MediaPipeEyeTracker     com.example.eyetracking              V  processFaceLandmarkerResult - faces detected: 1
2025-09-02 17:38:07.383 14005-20939 MediaPipeEyeTracker     com.example.eyetracking              D  Face detected with 478 landmarks
2025-09-02 17:38:07.383 14005-20939 MediaPipeEyeTracker     com.example.eyetracking              V  Successfully passed result to callback
2025-09-02 17:38:07.413 14005-21061 MediaPipeEyeTracker     com.example.eyetracking              V  processFrame called - initialized: true, processing: false
2025-09-02 17:38:07.441 14005-20941 MediaPipeEyeTracker     com.example.eyetracking              V  processFaceLandmarkerResult - faces detected: 1
2025-09-02 17:38:07.441 14005-20941 MediaPipeEyeTracker     com.example.eyetracking              D  Face detected with 478 landmarks
2025-09-02 17:38:07.441 14005-20941 MediaPipeEyeTracker     com.example.eyetracking              V  Successfully passed result to callback
2025-09-02 17:38:07.462 14005-21061 MediaPipeEyeTracker     com.example.eyetracking              V  processFrame called - initialized: true, processing: false
2025-09-02 17:38:07.490 14005-20942 MediaPipeEyeTracker     com.example.eyetracking              V  processFaceLandmarkerResult - faces detected: 1
2025-09-02 17:38:07.490 14005-20942 MediaPipeEyeTracker     com.example.eyetracking              D  Face detected with 478 landmarks
2025-09-02 17:38:07.490 14005-20942 MediaPipeEyeTracker     com.example.eyetracking              V  Successfully passed result to callback
2025-09-02 17:38:07.505 14005-21061 MediaPipeEyeTracker     com.example.eyetracking              V  processFrame called - initialized: true, processing: false
2025-09-02 17:38:07.532 14005-20941 MediaPipeEyeTracker     com.example.eyetracking              V  processFaceLandmarkerResult - faces detected: 1
2025-09-02 17:38:07.532 14005-20941 MediaPipeEyeTracker     com.example.eyetracking              D  Face detected with 478 landmarks
2025-09-02 17:38:07.532 14005-20941 MediaPipeEyeTracker     com.example.eyetracking              V  Successfully passed result to callback
2025-09-02 17:38:07.559 14005-21061 MediaPipeEyeTracker     com.example.eyetracking              V  processFrame called - initialized: true, processing: false
2025-09-02 17:38:07.591 14005-20938 MediaPipeEyeTracker     com.example.eyetracking              V  processFaceLandmarkerResult - faces detected: 1
2025-09-02 17:38:07.592 14005-20938 MediaPipeEyeTracker     com.example.eyetracking              D  Face detected with 478 landmarks
2025-09-02 17:38:07.592 14005-20938 MediaPipeEyeTracker     com.example.eyetracking              V  Successfully passed result to callback
2025-09-02 17:38:07.605 14005-21061 MediaPipeEyeTracker     com.example.eyetracking              V  processFrame called - initialized: true, processing: false
2025-09-02 17:38:07.630 14005-20940 MediaPipeEyeTracker     com.example.eyetracking              V  processFaceLandmarkerResult - faces detected: 1
2025-09-02 17:38:07.630 14005-20940 MediaPipeEyeTracker     com.example.eyetracking              D  Face detected with 478 landmarks
2025-09-02 17:38:07.630 14005-20940 MediaPipeEyeTracker     com.example.eyetracking              V  Successfully passed result to callback
2025-09-02 17:38:07.662 14005-21061 MediaPipeEyeTracker     com.example.eyetracking              V  processFrame called - initialized: true, processing: false
2025-09-02 17:38:07.691 14005-20941 MediaPipeEyeTracker     com.example.eyetracking              V  processFaceLandmarkerResult - faces detected: 1
2025-09-02 17:38:07.691 14005-20941 MediaPipeEyeTracker     com.example.eyetracking              D  Face detected with 478 landmarks
2025-09-02 17:38:07.691 14005-20941 MediaPipeEyeTracker     com.example.eyetracking              V  Successfully passed result to callback
2025-09-02 17:38:07.709 14005-21061 MediaPipeEyeTracker     com.example.eyetracking              V  processFrame called - initialized: true, processing: false
2025-09-02 17:38:07.740 14005-20938 MediaPipeEyeTracker     com.example.eyetracking              V  processFaceLandmarkerResult - faces detected: 1
2025-09-02 17:38:07.740 14005-20938 MediaPipeEyeTracker     com.example.eyetracking              D  Face detected with 478 landmarks
2025-09-02 17:38:07.740 14005-20938 MediaPipeEyeTracker     com.example.eyetracking              V  Successfully passed result to callback
2025-09-02 17:38:07.762 14005-21061 MediaPipeEyeTracker     com.example.eyetracking              V  processFrame called - initialized: true, processing: false
2025-09-02 17:38:07.789 14005-20940 MediaPipeEyeTracker     com.example.eyetracking              V  processFaceLandmarkerResult - faces detected: 1
2025-09-02 17:38:07.789 14005-20940 MediaPipeEyeTracker     com.example.eyetracking              D  Face detected with 478 landmarks
2025-09-02 17:38:07.789 14005-20940 MediaPipeEyeTracker     com.example.eyetracking              V  Successfully passed result to callback
2025-09-02 17:38:07.812 14005-21061 MediaPipeEyeTracker     com.example.eyetracking              V  processFrame called - initialized: true, processing: false
2025-09-02 17:38:07.842 14005-20938 MediaPipeEyeTracker     com.example.eyetracking              V  processFaceLandmarkerResult - faces detected: 1
2025-09-02 17:38:07.842 14005-20938 MediaPipeEyeTracker     com.example.eyetracking              D  Face detected with 478 landmarks
2025-09-02 17:38:07.842 14005-20938 MediaPipeEyeTracker     com.example.eyetracking              V  Successfully passed result to callback
2025-09-02 17:38:07.863 14005-21061 MediaPipeEyeTracker     com.example.eyetracking              V  processFrame called - initialized: true, processing: false
2025-09-02 17:38:07.891 14005-20944 MediaPipeEyeTracker     com.example.eyetracking              V  processFaceLandmarkerResult - faces detected: 1
2025-09-02 17:38:07.891 14005-20944 MediaPipeEyeTracker     com.example.eyetracking              D  Face detected with 478 landmarks
2025-09-02 17:38:07.891 14005-20944 MediaPipeEyeTracker     com.example.eyetracking              V  Successfully passed result to callback
2025-09-02 17:38:07.918 14005-21061 MediaPipeEyeTracker     com.example.eyetracking              V  processFrame called - initialized: true, processing: false
2025-09-02 17:38:07.944 14005-20944 MediaPipeEyeTracker     com.example.eyetracking              V  processFaceLandmarkerResult - faces detected: 1
2025-09-02 17:38:07.944 14005-20944 MediaPipeEyeTracker     com.example.eyetracking              D  Face detected with 478 landmarks
2025-09-02 17:38:07.944 14005-20944 MediaPipeEyeTracker     com.example.eyetracking              V  Successfully passed result to callback
2025-09-02 17:38:07.959 14005-21061 MediaPipeEyeTracker     com.example.eyetracking              V  processFrame called - initialized: true, processing: false
2025-09-02 17:38:07.983 14005-20945 MediaPipeEyeTracker     com.example.eyetracking              V  processFaceLandmarkerResult - faces detected: 1
2025-09-02 17:38:07.983 14005-20945 MediaPipeEyeTracker     com.example.eyetracking              D  Face detected with 478 landmarks
2025-09-02 17:38:07.983 14005-20945 MediaPipeEyeTracker     com.example.eyetracking              V  Successfully passed result to callback
