2025-09-01 16:33:06.240  6052-10281 CalibrationActivity     com.example.eyetracking              D  CameraX frame received
2025-09-01 16:33:06.266  6052-10187 MediaPipeEyeTracker     com.example.eyetracking              D  Face landmarks detected: 478 landmarks
2025-09-01 16:33:06.293  6052-10281 CalibrationActivity     com.example.eyetracking              D  CameraX frame received
2025-09-01 16:33:06.326  6052-10187 MediaPipeEyeTracker     com.example.eyetracking              D  Face landmarks detected: 478 landmarks
2025-09-01 16:33:06.340  6052-10281 CalibrationActivity     com.example.eyetracking              D  CameraX frame received
2025-09-01 16:33:06.368  6052-10183 MediaPipeEyeTracker     com.example.eyetracking              D  Face landmarks detected: 478 landmarks
2025-09-01 16:33:06.394  6052-10281 CalibrationActivity     com.example.eyetracking              D  CameraX frame received
2025-09-01 16:33:06.428  6052-10180 MediaPipeEyeTracker     com.example.eyetracking              D  Face landmarks detected: 478 landmarks
2025-09-01 16:33:06.446  6052-10281 CalibrationActivity     com.example.eyetracking              D  CameraX frame received
2025-09-01 16:33:06.477  6052-10182 MediaPipeEyeTracker     com.example.eyetracking              D  Face landmarks detected: 478 landmarks
2025-09-01 16:33:06.508  6052-10281 CalibrationActivity     com.example.eyetracking              D  CameraX frame received
2025-09-01 16:33:06.546  6052-10281 CalibrationActivity     com.example.eyetracking              D  CameraX frame received
2025-09-01 16:33:06.556  6052-10187 MediaPipeEyeTracker     com.example.eyetracking              D  Face landmarks detected: 478 landmarks
2025-09-01 16:33:06.601  6052-10281 CalibrationActivity     com.example.eyetracking              D  CameraX frame received
2025-09-01 16:33:06.637  6052-10181 MediaPipeEyeTracker     com.example.eyetracking              D  Face landmarks detected: 478 landmarks
2025-09-01 16:33:06.647  6052-10281 CalibrationActivity     com.example.eyetracking              D  CameraX frame received
2025-09-01 16:33:06.678  6052-10182 MediaPipeEyeTracker     com.example.eyetracking              D  Face landmarks detected: 478 landmarks
2025-09-01 16:33:06.702  6052-10281 CalibrationActivity     com.example.eyetracking              D  CameraX frame received
2025-09-01 16:33:06.738  6052-10281 CalibrationActivity     com.example.eyetracking              D  CameraX frame received
2025-09-01 16:33:06.741  6052-10186 MediaPipeEyeTracker     com.example.eyetracking              D  Face landmarks detected: 478 landmarks
2025-09-01 16:33:06.789  6052-10281 CalibrationActivity     com.example.eyetracking              D  CameraX frame received
2025-09-01 16:33:06.817  6052-10181 MediaPipeEyeTracker     com.example.eyetracking              D  Face landmarks detected: 478 landmarks
2025-09-01 16:33:06.853  6052-10281 CalibrationActivity     com.example.eyetracking              D  CameraX frame received
2025-09-01 16:33:06.882  6052-10181 MediaPipeEyeTracker     com.example.eyetracking              D  Face landmarks detected: 478 landmarks
2025-09-01 16:33:06.891  6052-10281 CalibrationActivity     com.example.eyetracking              D  CameraX frame received
2025-09-01 16:33:06.915  6052-10184 MediaPipeEyeTracker     com.example.eyetracking              D  Face landmarks detected: 478 landmarks
2025-09-01 16:33:06.946  6052-10281 CalibrationActivity     com.example.eyetracking              D  CameraX frame received
2025-09-01 16:33:06.982  6052-10186 MediaPipeEyeTracker     com.example.eyetracking              D  Face landmarks detected: 478 landmarks
2025-09-01 16:33:06.992  6052-10281 CalibrationActivity     com.example.eyetracking              D  CameraX frame received
2025-09-01 16:33:07.018  6052-10187 MediaPipeEyeTracker     com.example.eyetracking              D  Face landmarks detected: 478 landmarks
2025-09-01 16:33:07.048  6052-10281 CalibrationActivity     com.example.eyetracking              D  CameraX frame received
2025-09-01 16:33:07.085  6052-10184 MediaPipeEyeTracker     com.example.eyetracking              D  Face landmarks detected: 478 landmarks
2025-09-01 16:33:07.105  6052-10281 CalibrationActivity     com.example.eyetracking              D  CameraX frame received
2025-09-01 16:33:07.143  6052-10182 MediaPipeEyeTracker     com.example.eyetracking              D  Face landmarks detected: 478 landmarks
2025-09-01 16:33:07.147  6052-10281 CalibrationActivity     com.example.eyetracking              D  CameraX frame received
2025-09-01 16:33:07.173  6052-10185 MediaPipeEyeTracker     com.example.eyetracking              D  Face landmarks detected: 478 landmarks
2025-09-01 16:33:07.203  6052-10281 CalibrationActivity     com.example.eyetracking              D  CameraX frame received
2025-09-01 16:33:07.238  6052-10182 MediaPipeEyeTracker     com.example.eyetracking              D  Face landmarks detected: 478 landmarks
2025-09-01 16:33:07.247  6052-10281 CalibrationActivity     com.example.eyetracking              D  CameraX frame received
2025-09-01 16:33:07.272  6052-10180 MediaPipeEyeTracker     com.example.eyetracking              D  Face landmarks detected: 478 landmarks
2025-09-01 16:33:07.300  6052-10281 CalibrationActivity     com.example.eyetracking              D  CameraX frame received
2025-09-01 16:33:07.336  6052-10187 MediaPipeEyeTracker     com.example.eyetracking              D  Face landmarks detected: 478 landmarks
2025-09-01 16:33:07.352  6052-10281 CalibrationActivity     com.example.eyetracking              D  CameraX frame received
2025-09-01 16:33:07.378  6052-10184 MediaPipeEyeTracker     com.example.eyetracking              D  Face landmarks detected: 478 landmarks
2025-09-01 16:33:07.400  6052-10281 CalibrationActivity     com.example.eyetracking              D  CameraX frame received
2025-09-01 16:33:07.429  6052-10187 MediaPipeEyeTracker     com.example.eyetracking              D  Face landmarks detected: 478 landmarks
2025-09-01 16:33:07.463  6052-10281 CalibrationActivity     com.example.eyetracking              D  CameraX frame received
2025-09-01 16:33:07.471  6052-6052  CalibrationActivity     com.example.eyetracking              D  Calibration started
2025-09-01 16:33:07.492  6052-10180 MediaPipeEyeTracker     com.example.eyetracking              D  Face landmarks detected: 478 landmarks
2025-09-01 16:33:07.503  6052-10281 CalibrationActivity     com.example.eyetracking              D  CameraX frame received
2025-09-01 16:33:07.535  6052-10185 MediaPipeEyeTracker     com.example.eyetracking              D  Face landmarks detected: 478 landmarks
2025-09-01 16:33:07.543  6052-10281 CalibrationActivity     com.example.eyetracking              D  CameraX frame received
2025-09-01 16:33:07.572  6052-10181 MediaPipeEyeTracker     com.example.eyetracking              D  Face landmarks detected: 478 landmarks
2025-09-01 16:33:07.592  6052-10281 CalibrationActivity     com.example.eyetracking              D  CameraX frame received
2025-09-01 16:33:07.624  6052-10183 MediaPipeEyeTracker     com.example.eyetracking              D  Face landmarks detected: 478 landmarks
2025-09-01 16:33:07.654  6052-10281 CalibrationActivity     com.example.eyetracking              D  CameraX frame received
2025-09-01 16:33:07.688  6052-10181 MediaPipeEyeTracker     com.example.eyetracking              D  Face landmarks detected: 478 landmarks
2025-09-01 16:33:07.700  6052-10281 CalibrationActivity     com.example.eyetracking              D  CameraX frame received
2025-09-01 16:33:07.739  6052-10180 MediaPipeEyeTracker     com.example.eyetracking              D  Face landmarks detected: 478 landmarks
2025-09-01 16:33:07.740  6052-10281 CalibrationActivity     com.example.eyetracking              D  CameraX frame received
2025-09-01 16:33:07.770  6052-10184 MediaPipeEyeTracker     com.example.eyetracking              D  Face landmarks detected: 478 landmarks
2025-09-01 16:33:07.798  6052-10281 CalibrationActivity     com.example.eyetracking              D  CameraX frame received
2025-09-01 16:33:07.835  6052-10184 MediaPipeEyeTracker     com.example.eyetracking              D  Face landmarks detected: 478 landmarks
2025-09-01 16:33:07.852  6052-10281 CalibrationActivity     com.example.eyetracking              D  CameraX frame received
2025-09-01 16:33:07.884  6052-10181 MediaPipeEyeTracker     com.example.eyetracking              D  Face landmarks detected: 478 landmarks
2025-09-01 16:33:07.906  6052-10281 CalibrationActivity     com.example.eyetracking              D  CameraX frame received
2025-09-01 16:33:07.940  6052-10180 MediaPipeEyeTracker     com.example.eyetracking              D  Face landmarks detected: 478 landmarks
2025-09-01 16:33:07.945  6052-10281 CalibrationActivity     com.example.eyetracking              D  CameraX frame received
2025-09-01 16:33:07.993  6052-10183 MediaPipeEyeTracker     com.example.eyetracking              D  Face landmarks detected: 478 landmarks
2025-09-01 16:33:08.002  6052-10281 CalibrationActivity     com.example.eyetracking              D  CameraX frame received
2025-09-01 16:33:08.035  6052-10186 MediaPipeEyeTracker     com.example.eyetracking              D  Face landmarks detected: 478 landmarks
2025-09-01 16:33:08.044  6052-10281 CalibrationActivity     com.example.eyetracking              D  CameraX frame received
2025-09-01 16:33:08.069  6052-10186 MediaPipeEyeTracker     com.example.eyetracking              D  Face landmarks detected: 478 landmarks
2025-09-01 16:33:08.096  6052-10281 CalibrationActivity     com.example.eyetracking              D  CameraX frame received
2025-09-01 16:33:08.131  6052-10182 MediaPipeEyeTracker     com.example.eyetracking              D  Face landmarks detected: 478 landmarks
2025-09-01 16:33:08.147  6052-10281 CalibrationActivity     com.example.eyetracking              D  CameraX frame received
2025-09-01 16:33:08.177  6052-10184 MediaPipeEyeTracker     com.example.eyetracking              D  Face landmarks detected: 478 landmarks
2025-09-01 16:33:08.187  6052-10281 CalibrationActivity     com.example.eyetracking              D  CameraX frame received
2025-09-01 16:33:08.215  6052-10181 MediaPipeEyeTracker     com.example.eyetracking              D  Face landmarks detected: 478 landmarks
2025-09-01 16:33:08.241  6052-10281 CalibrationActivity     com.example.eyetracking              D  CameraX frame received
2025-09-01 16:33:08.274  6052-10182 MediaPipeEyeTracker     com.example.eyetracking              D  Face landmarks detected: 478 landmarks
2025-09-01 16:33:08.292  6052-10281 CalibrationActivity     com.example.eyetracking              D  CameraX frame received
2025-09-01 16:33:08.319  6052-10181 MediaPipeEyeTracker     com.example.eyetracking              D  Face landmarks detected: 478 landmarks
2025-09-01 16:33:08.343  6052-10281 CalibrationActivity     com.example.eyetracking              D  CameraX frame received
2025-09-01 16:33:08.370  6052-10185 MediaPipeEyeTracker     com.example.eyetracking              D  Face landmarks detected: 478 landmarks
2025-09-01 16:33:08.398  6052-10281 CalibrationActivity     com.example.eyetracking              D  CameraX frame received
2025-09-01 16:33:08.427  6052-10180 MediaPipeEyeTracker     com.example.eyetracking              D  Face landmarks detected: 478 landmarks
2025-09-01 16:33:08.438  6052-10281 CalibrationActivity     com.example.eyetracking              D  CameraX frame received
2025-09-01 16:33:08.471  6052-10181 MediaPipeEyeTracker     com.example.eyetracking              D  Face landmarks detected: 478 landmarks
2025-09-01 16:33:08.503  6052-10281 CalibrationActivity     com.example.eyetracking              D  CameraX frame received
2025-09-01 16:33:08.535  6052-10181 MediaPipeEyeTracker     com.example.eyetracking              D  Face landmarks detected: 478 landmarks
2025-09-01 16:33:08.543  6052-10281 CalibrationActivity     com.example.eyetracking              D  CameraX frame received
2025-09-01 16:33:08.587  6052-10182 MediaPipeEyeTracker     com.example.eyetracking              D  Face landmarks detected: 478 landmarks
2025-09-01 16:33:08.593  6052-10281 CalibrationActivity     com.example.eyetracking              D  CameraX frame received
2025-09-01 16:33:08.617  6052-10185 MediaPipeEyeTracker     com.example.eyetracking              D  Face landmarks detected: 478 landmarks
2025-09-01 16:33:08.645  6052-10281 CalibrationActivity     com.example.eyetracking              D  CameraX frame received
2025-09-01 16:33:08.677  6052-10187 MediaPipeEyeTracker     com.example.eyetracking              D  Face landmarks detected: 478 landmarks
2025-09-01 16:33:08.696  6052-10281 CalibrationActivity     com.example.eyetracking              D  CameraX frame received
2025-09-01 16:33:08.722  6052-10185 MediaPipeEyeTracker     com.example.eyetracking              D  Face landmarks detected: 478 landmarks
2025-09-01 16:33:08.750  6052-10281 CalibrationActivity     com.example.eyetracking              D  CameraX frame received
2025-09-01 16:33:08.789  6052-10184 MediaPipeEyeTracker     com.example.eyetracking              D  Face landmarks detected: 478 landmarks
2025-09-01 16:33:08.798  6052-10281 CalibrationActivity     com.example.eyetracking              D  CameraX frame received
2025-09-01 16:33:08.828  6052-10180 MediaPipeEyeTracker     com.example.eyetracking              D  Face landmarks detected: 478 landmarks
2025-09-01 16:33:08.853  6052-10281 CalibrationActivity     com.example.eyetracking              D  CameraX frame received
2025-09-01 16:33:08.889  6052-10181 MediaPipeEyeTracker     com.example.eyetracking              D  Face landmarks detected: 478 landmarks
2025-09-01 16:33:08.897  6052-10281 CalibrationActivity     com.example.eyetracking              D  CameraX frame received
2025-09-01 16:33:08.944  6052-10187 MediaPipeEyeTracker     com.example.eyetracking              D  Face landmarks detected: 478 landmarks
2025-09-01 16:33:08.949  6052-10281 CalibrationActivity     com.example.eyetracking              D  CameraX frame received
2025-09-01 16:33:08.971  6052-10182 MediaPipeEyeTracker     com.example.eyetracking              D  Face landmarks detected: 478 landmarks
2025-09-01 16:33:09.004  6052-10281 CalibrationActivity     com.example.eyetracking              D  CameraX frame received
2025-09-01 16:33:09.041  6052-10181 MediaPipeEyeTracker     com.example.eyetracking              D  Face landmarks detected: 478 landmarks
2025-09-01 16:33:09.042  6052-10281 CalibrationActivity     com.example.eyetracking              D  CameraX frame received
2025-09-01 16:33:09.065  6052-10182 MediaPipeEyeTracker     com.example.eyetracking              D  Face landmarks detected: 478 landmarks
2025-09-01 16:33:09.092  6052-10281 CalibrationActivity     com.example.eyetracking              D  CameraX frame received
2025-09-01 16:33:09.121  6052-10182 MediaPipeEyeTracker     com.example.eyetracking              D  Face landmarks detected: 478 landmarks
2025-09-01 16:33:09.154  6052-10281 CalibrationActivity     com.example.eyetracking              D  CameraX frame received
2025-09-01 16:33:09.186  6052-10184 MediaPipeEyeTracker     com.example.eyetracking              D  Face landmarks detected: 478 landmarks
2025-09-01 16:33:09.202  6052-10281 CalibrationActivity     com.example.eyetracking              D  CameraX frame received
2025-09-01 16:33:09.238  6052-10184 MediaPipeEyeTracker     com.example.eyetracking              D  Face landmarks detected: 478 landmarks
2025-09-01 16:33:09.242  6052-10281 CalibrationActivity     com.example.eyetracking              D  CameraX frame received
2025-09-01 16:33:09.264  6052-10186 MediaPipeEyeTracker     com.example.eyetracking              D  Face landmarks detected: 478 landmarks
2025-09-01 16:33:09.296  6052-10281 CalibrationActivity     com.example.eyetracking              D  CameraX frame received
2025-09-01 16:33:09.330  6052-10187 MediaPipeEyeTracker     com.example.eyetracking              D  Face landmarks detected: 478 landmarks
2025-09-01 16:33:09.349  6052-10281 CalibrationActivity     com.example.eyetracking              D  CameraX frame received
2025-09-01 16:33:09.377  6052-10187 MediaPipeEyeTracker     com.example.eyetracking              D  Face landmarks detected: 478 landmarks
2025-09-01 16:33:09.399  6052-10281 CalibrationActivity     com.example.eyetracking              D  CameraX frame received
2025-09-01 16:33:09.435  6052-10180 MediaPipeEyeTracker     com.example.eyetracking              D  Face landmarks detected: 478 landmarks
2025-09-01 16:33:09.447  6052-10281 CalibrationActivity     com.example.eyetracking              D  CameraX frame received
2025-09-01 16:33:09.480  6052-10183 MediaPipeEyeTracker     com.example.eyetracking              D  Face landmarks detected: 478 landmarks
2025-09-01 16:33:09.502  6052-10281 CalibrationActivity     com.example.eyetracking              D  CameraX frame received
2025-09-01 16:33:09.536  6052-10184 MediaPipeEyeTracker     com.example.eyetracking              D  Face landmarks detected: 478 landmarks
2025-09-01 16:33:09.550  6052-10281 CalibrationActivity     com.example.eyetracking              D  CameraX frame received
2025-09-01 16:33:09.583  6052-10181 MediaPipeEyeTracker     com.example.eyetracking              D  Face landmarks detected: 478 landmarks
2025-09-01 16:33:09.601  6052-10281 CalibrationActivity     com.example.eyetracking              D  CameraX frame received
2025-09-01 16:33:09.631  6052-10185 MediaPipeEyeTracker     com.example.eyetracking              D  Face landmarks detected: 478 landmarks
2025-09-01 16:33:09.654  6052-10281 CalibrationActivity     com.example.eyetracking              D  CameraX frame received
2025-09-01 16:33:09.689  6052-10183 MediaPipeEyeTracker     com.example.eyetracking              D  Face landmarks detected: 478 landmarks
2025-09-01 16:33:09.694  6052-10281 CalibrationActivity     com.example.eyetracking              D  CameraX frame received
2025-09-01 16:33:09.717  6052-10182 MediaPipeEyeTracker     com.example.eyetracking              D  Face landmarks detected: 478 landmarks
2025-09-01 16:33:09.744  6052-10281 CalibrationActivity     com.example.eyetracking              D  CameraX frame received
2025-09-01 16:33:09.779  6052-10184 MediaPipeEyeTracker     com.example.eyetracking              D  Face landmarks detected: 478 landmarks
2025-09-01 16:33:09.795  6052-10281 CalibrationActivity     com.example.eyetracking              D  CameraX frame received
2025-09-01 16:33:09.820  6052-10181 MediaPipeEyeTracker     com.example.eyetracking              D  Face landmarks detected: 478 landmarks
2025-09-01 16:33:09.847  6052-10281 CalibrationActivity     com.example.eyetracking              D  CameraX frame received
2025-09-01 16:33:09.872  6052-10181 MediaPipeEyeTracker     com.example.eyetracking              D  Face landmarks detected: 478 landmarks
2025-09-01 16:33:09.898  6052-10281 CalibrationActivity     com.example.eyetracking              D  CameraX frame received
2025-09-01 16:33:09.930  6052-10184 MediaPipeEyeTracker     com.example.eyetracking              D  Face landmarks detected: 478 landmarks
2025-09-01 16:33:09.947  6052-10281 CalibrationActivity     com.example.eyetracking              D  CameraX frame received
2025-09-01 16:33:09.980  6052-10183 MediaPipeEyeTracker     com.example.eyetracking              D  Face landmarks detected: 478 landmarks
2025-09-01 16:33:09.999  6052-10281 CalibrationActivity     com.example.eyetracking              D  CameraX frame received
2025-09-01 16:33:10.026  6052-10186 MediaPipeEyeTracker     com.example.eyetracking              D  Face landmarks detected: 478 landmarks
2025-09-01 16:33:10.057  6052-10281 CalibrationActivity     com.example.eyetracking              D  CameraX frame received
2025-09-01 16:33:10.096  6052-10180 MediaPipeEyeTracker     com.example.eyetracking              D  Face landmarks detected: 478 landmarks
2025-09-01 16:33:10.103  6052-10281 CalibrationActivity     com.example.eyetracking              D  CameraX frame received
2025-09-01 16:33:10.124  6052-10181 MediaPipeEyeTracker     com.example.eyetracking              D  Face landmarks detected: 478 landmarks
2025-09-01 16:33:10.148  6052-10281 CalibrationActivity     com.example.eyetracking              D  CameraX frame received
2025-09-01 16:33:10.177  6052-10187 MediaPipeEyeTracker     com.example.eyetracking              D  Face landmarks detected: 478 landmarks
2025-09-01 16:33:10.196  6052-10281 CalibrationActivity     com.example.eyetracking              D  CameraX frame received
2025-09-01 16:33:10.223  6052-10186 MediaPipeEyeTracker     com.example.eyetracking              D  Face landmarks detected: 478 landmarks
2025-09-01 16:33:10.245  6052-10281 CalibrationActivity     com.example.eyetracking              D  CameraX frame received
2025-09-01 16:33:10.274  6052-10180 MediaPipeEyeTracker     com.example.eyetracking              D  Face landmarks detected: 478 landmarks
2025-09-01 16:33:10.303  6052-10281 CalibrationActivity     com.example.eyetracking              D  CameraX frame received
2025-09-01 16:33:10.335  6052-10180 MediaPipeEyeTracker     com.example.eyetracking              D  Face landmarks detected: 478 landmarks
2025-09-01 16:33:10.345  6052-10281 CalibrationActivity     com.example.eyetracking              D  CameraX frame received
2025-09-01 16:33:10.368  6052-10185 MediaPipeEyeTracker     com.example.eyetracking              D  Face landmarks detected: 478 landmarks
2025-09-01 16:33:10.401  6052-10281 CalibrationActivity     com.example.eyetracking              D  CameraX frame received
2025-09-01 16:33:10.430  6052-10182 MediaPipeEyeTracker     com.example.eyetracking              D  Face landmarks detected: 478 landmarks
2025-09-01 16:33:10.453  6052-10281 CalibrationActivity     com.example.eyetracking              D  CameraX frame received
2025-09-01 16:33:10.482  6052-10184 MediaPipeEyeTracker     com.example.eyetracking              D  Face landmarks detected: 478 landmarks
2025-09-01 16:33:10.496  6052-10281 CalibrationActivity     com.example.eyetracking              D  CameraX frame received
2025-09-01 16:33:10.523  6052-10185 MediaPipeEyeTracker     com.example.eyetracking              D  Face landmarks detected: 478 landmarks
2025-09-01 16:33:10.559  6052-10281 CalibrationActivity     com.example.eyetracking              D  CameraX frame received
2025-09-01 16:33:10.596  6052-10185 MediaPipeEyeTracker     com.example.eyetracking              D  Face landmarks detected: 478 landmarks
2025-09-01 16:33:10.600  6052-10281 CalibrationActivity     com.example.eyetracking              D  CameraX frame received
2025-09-01 16:33:10.621  6052-10184 MediaPipeEyeTracker     com.example.eyetracking              D  Face landmarks detected: 478 landmarks
2025-09-01 16:33:10.648  6052-10281 CalibrationActivity     com.example.eyetracking              D  CameraX frame received
2025-09-01 16:33:10.676  6052-10186 MediaPipeEyeTracker     com.example.eyetracking              D  Face landmarks detected: 478 landmarks
2025-09-01 16:33:10.697  6052-10281 CalibrationActivity     com.example.eyetracking              D  CameraX frame received
2025-09-01 16:33:10.720  6052-10187 MediaPipeEyeTracker     com.example.eyetracking              D  Face landmarks detected: 478 landmarks
2025-09-01 16:33:10.751  6052-10281 CalibrationActivity     com.example.eyetracking              D  CameraX frame received
2025-09-01 16:33:10.796  6052-10180 MediaPipeEyeTracker     com.example.eyetracking              D  Face landmarks detected: 478 landmarks
2025-09-01 16:33:10.800  6052-10281 CalibrationActivity     com.example.eyetracking              D  CameraX frame received
2025-09-01 16:33:10.824  6052-10184 MediaPipeEyeTracker     com.example.eyetracking              D  Face landmarks detected: 478 landmarks
2025-09-01 16:33:10.840  6052-10281 CalibrationActivity     com.example.eyetracking              D  CameraX frame received
2025-09-01 16:33:10.867  6052-10180 MediaPipeEyeTracker     com.example.eyetracking              D  Face landmarks detected: 478 landmarks
2025-09-01 16:33:10.895  6052-10281 CalibrationActivity     com.example.eyetracking              D  CameraX frame received
2025-09-01 16:33:10.933  6052-10185 MediaPipeEyeTracker     com.example.eyetracking              D  Face landmarks detected: 478 landmarks
2025-09-01 16:33:10.942  6052-10281 CalibrationActivity     com.example.eyetracking              D  CameraX frame received
2025-09-01 16:33:10.963  6052-10186 MediaPipeEyeTracker     com.example.eyetracking              D  Face landmarks detected: 478 landmarks
2025-09-01 16:33:11.009  6052-10281 CalibrationActivity     com.example.eyetracking              D  CameraX frame received
2025-09-01 16:33:11.042  6052-10185 MediaPipeEyeTracker     com.example.eyetracking              D  Face landmarks detected: 478 landmarks
2025-09-01 16:33:11.057  6052-10281 CalibrationActivity     com.example.eyetracking              D  CameraX frame received
2025-09-01 16:33:11.088  6052-10182 MediaPipeEyeTracker     com.example.eyetracking              D  Face landmarks detected: 478 landmarks
2025-09-01 16:33:11.110  6052-10281 CalibrationActivity     com.example.eyetracking              D  CameraX frame received
2025-09-01 16:33:11.150  6052-10281 CalibrationActivity     com.example.eyetracking              D  CameraX frame received
2025-09-01 16:33:11.154  6052-10180 MediaPipeEyeTracker     com.example.eyetracking              D  Face landmarks detected: 478 landmarks
2025-09-01 16:33:11.201  6052-10281 CalibrationActivity     com.example.eyetracking              D  CameraX frame received
2025-09-01 16:33:11.234  6052-10182 MediaPipeEyeTracker     com.example.eyetracking              D  Face landmarks detected: 478 landmarks
2025-09-01 16:33:11.254  6052-10281 CalibrationActivity     com.example.eyetracking              D  CameraX frame received
2025-09-01 16:33:11.282  6052-10181 MediaPipeEyeTracker     com.example.eyetracking              D  Face landmarks detected: 478 landmarks
2025-09-01 16:33:11.307  6052-10281 CalibrationActivity     com.example.eyetracking              D  CameraX frame received
2025-09-01 16:33:11.343  6052-10181 MediaPipeEyeTracker     com.example.eyetracking              D  Face landmarks detected: 478 landmarks
2025-09-01 16:33:11.362  6052-10281 CalibrationActivity     com.example.eyetracking              D  CameraX frame received
2025-09-01 16:33:11.392  6052-10181 MediaPipeEyeTracker     com.example.eyetracking              D  Face landmarks detected: 478 landmarks
2025-09-01 16:33:11.402  6052-10281 CalibrationActivity     com.example.eyetracking              D  CameraX frame received
2025-09-01 16:33:11.423  6052-10181 MediaPipeEyeTracker     com.example.eyetracking              D  Face landmarks detected: 478 landmarks
2025-09-01 16:33:11.453  6052-10281 CalibrationActivity     com.example.eyetracking              D  CameraX frame received
2025-09-01 16:33:11.483  6052-10186 MediaPipeEyeTracker     com.example.eyetracking              D  Face landmarks detected: 478 landmarks
2025-09-01 16:33:11.502  6052-10281 CalibrationActivity     com.example.eyetracking              D  CameraX frame received
2025-09-01 16:33:11.528  6052-10186 MediaPipeEyeTracker     com.example.eyetracking              D  Face landmarks detected: 478 landmarks
2025-09-01 16:33:11.553  6052-10281 CalibrationActivity     com.example.eyetracking              D  CameraX frame received
2025-09-01 16:33:11.583  6052-10186 MediaPipeEyeTracker     com.example.eyetracking              D  Face landmarks detected: 478 landmarks
2025-09-01 16:33:11.604  6052-10281 CalibrationActivity     com.example.eyetracking              D  CameraX frame received
2025-09-01 16:33:11.635  6052-10185 MediaPipeEyeTracker     com.example.eyetracking              D  Face landmarks detected: 478 landmarks
2025-09-01 16:33:11.642  6052-10281 CalibrationActivity     com.example.eyetracking              D  CameraX frame received
2025-09-01 16:33:11.666  6052-10187 MediaPipeEyeTracker     com.example.eyetracking              D  Face landmarks detected: 478 landmarks
2025-09-01 16:33:11.697  6052-10281 CalibrationActivity     com.example.eyetracking              D  CameraX frame received
2025-09-01 16:33:11.719  6052-10181 MediaPipeEyeTracker     com.example.eyetracking              D  Face landmarks detected: 478 landmarks
2025-09-01 16:33:11.746  6052-10281 CalibrationActivity     com.example.eyetracking              D  CameraX frame received
2025-09-01 16:33:11.771  6052-10186 MediaPipeEyeTracker     com.example.eyetracking              D  Face landmarks detected: 478 landmarks
2025-09-01 16:33:11.813  6052-10281 CalibrationActivity     com.example.eyetracking              D  CameraX frame received
2025-09-01 16:33:11.843  6052-10181 MediaPipeEyeTracker     com.example.eyetracking              D  Face landmarks detected: 478 landmarks
2025-09-01 16:33:11.850  6052-10281 CalibrationActivity     com.example.eyetracking              D  CameraX frame received
2025-09-01 16:33:11.874  6052-10184 MediaPipeEyeTracker     com.example.eyetracking              D  Face landmarks detected: 478 landmarks
2025-09-01 16:33:11.904  6052-10281 CalibrationActivity     com.example.eyetracking              D  CameraX frame received
2025-09-01 16:33:11.920  6052-6052  CalibrationActivity     com.example.eyetracking              D  Calibration stopped
2025-09-01 16:33:11.933  6052-10184 MediaPipeEyeTracker     com.example.eyetracking              D  Face landmarks detected: 478 landmarks
2025-09-01 16:33:11.949  6052-10281 CalibrationActivity     com.example.eyetracking              D  CameraX frame received
2025-09-01 16:33:11.975  6052-10181 MediaPipeEyeTracker     com.example.eyetracking              D  Face landmarks detected: 478 landmarks
2025-09-01 16:33:12.001  6052-10281 CalibrationActivity     com.example.eyetracking              D  CameraX frame received
2025-09-01 16:33:12.027  6052-10185 MediaPipeEyeTracker     com.example.eyetracking              D  Face landmarks detected: 478 landmarks
2025-09-01 16:33:12.058  6052-10281 CalibrationActivity     com.example.eyetracking              D  CameraX frame received
2025-09-01 16:33:12.088  6052-10183 MediaPipeEyeTracker     com.example.eyetracking              D  Face landmarks detected: 478 landmarks
2025-09-01 16:33:12.097  6052-10281 CalibrationActivity     com.example.eyetracking              D  CameraX frame received
2025-09-01 16:33:12.123  6052-10185 MediaPipeEyeTracker     com.example.eyetracking              D  Face landmarks detected: 478 landmarks
2025-09-01 16:33:12.151  6052-10281 CalibrationActivity     com.example.eyetracking              D  CameraX frame received
2025-09-01 16:33:12.177  6052-10185 MediaPipeEyeTracker     com.example.eyetracking              D  Face landmarks detected: 478 landmarks
2025-09-01 16:33:12.209  6052-10281 CalibrationActivity     com.example.eyetracking              D  CameraX frame received
2025-09-01 16:33:12.249  6052-10186 MediaPipeEyeTracker     com.example.eyetracking              D  Face landmarks detected: 478 landmarks
2025-09-01 16:33:12.250  6052-10281 CalibrationActivity     com.example.eyetracking              D  CameraX frame received
2025-09-01 16:33:12.279  6052-10180 MediaPipeEyeTracker     com.example.eyetracking              D  Face landmarks detected: 478 landmarks
2025-09-01 16:33:12.301  6052-10281 CalibrationActivity     com.example.eyetracking              D  CameraX frame received
2025-09-01 16:33:12.326  6052-10183 MediaPipeEyeTracker     com.example.eyetracking              D  Face landmarks detected: 478 landmarks
2025-09-01 16:33:12.345  6052-10281 CalibrationActivity     com.example.eyetracking              D  CameraX frame received
2025-09-01 16:33:12.369  6052-10181 MediaPipeEyeTracker     com.example.eyetracking              D  Face landmarks detected: 478 landmarks
2025-09-01 16:33:12.396  6052-10281 CalibrationActivity     com.example.eyetracking              D  CameraX frame received
2025-09-01 16:33:12.416  6052-10181 MediaPipeEyeTracker     com.example.eyetracking              D  Face landmarks detected: 478 landmarks
2025-09-01 16:33:12.448  6052-10281 CalibrationActivity     com.example.eyetracking              D  CameraX frame received
2025-09-01 16:33:12.472  6052-10181 MediaPipeEyeTracker     com.example.eyetracking              D  Face landmarks detected: 478 landmarks
2025-09-01 16:33:12.515  6052-10281 CalibrationActivity     com.example.eyetracking              D  CameraX frame received
2025-09-01 16:33:12.545  6052-10181 MediaPipeEyeTracker     com.example.eyetracking              D  Face landmarks detected: 478 landmarks
2025-09-01 16:33:12.550  6052-10281 CalibrationActivity     com.example.eyetracking              D  CameraX frame received
2025-09-01 16:33:12.571  6052-10184 MediaPipeEyeTracker     com.example.eyetracking              D  Face landmarks detected: 478 landmarks
2025-09-01 16:33:12.601  6052-10281 CalibrationActivity     com.example.eyetracking              D  CameraX frame received
2025-09-01 16:33:12.630  6052-10186 MediaPipeEyeTracker     com.example.eyetracking              D  Face landmarks detected: 478 landmarks
2025-09-01 16:33:12.642  6052-10281 CalibrationActivity     com.example.eyetracking              D  CameraX frame received
2025-09-01 16:33:12.667  6052-10187 MediaPipeEyeTracker     com.example.eyetracking              D  Face landmarks detected: 478 landmarks
2025-09-01 16:33:12.707  6052-10281 CalibrationActivity     com.example.eyetracking              D  CameraX frame received
2025-09-01 16:33:12.738  6052-10182 MediaPipeEyeTracker     com.example.eyetracking              D  Face landmarks detected: 478 landmarks
2025-09-01 16:33:12.754  6052-10281 CalibrationActivity     com.example.eyetracking              D  CameraX frame received
2025-09-01 16:33:12.781  6052-10182 MediaPipeEyeTracker     com.example.eyetracking              D  Face landmarks detected: 478 landmarks
2025-09-01 16:33:12.809  6052-10281 CalibrationActivity     com.example.eyetracking              D  CameraX frame received
2025-09-01 16:33:12.837  6052-10181 MediaPipeEyeTracker     com.example.eyetracking              D  Face landmarks detected: 478 landmarks
2025-09-01 16:33:12.848  6052-10281 CalibrationActivity     com.example.eyetracking              D  CameraX frame received
2025-09-01 16:33:12.870  6052-10181 MediaPipeEyeTracker     com.example.eyetracking              D  Face landmarks detected: 478 landmarks
2025-09-01 16:33:12.902  6052-10281 CalibrationActivity     com.example.eyetracking              D  CameraX frame received
2025-09-01 16:33:12.936  6052-10182 MediaPipeEyeTracker     com.example.eyetracking              D  Face landmarks detected: 478 landmarks
2025-09-01 16:33:12.951  6052-10281 CalibrationActivity     com.example.eyetracking              D  CameraX frame received
2025-09-01 16:33:12.972  6052-10184 MediaPipeEyeTracker     com.example.eyetracking              D  Face landmarks detected: 478 landmarks
2025-09-01 16:33:13.005  6052-10281 CalibrationActivity     com.example.eyetracking              D  CameraX frame received
2025-09-01 16:33:13.034  6052-10181 MediaPipeEyeTracker     com.example.eyetracking              D  Face landmarks detected: 478 landmarks
2025-09-01 16:33:13.049  6052-10281 CalibrationActivity     com.example.eyetracking              D  CameraX frame received
2025-09-01 16:33:13.070  6052-10185 MediaPipeEyeTracker     com.example.eyetracking              D  Face landmarks detected: 478 landmarks
2025-09-01 16:33:13.101  6052-10281 CalibrationActivity     com.example.eyetracking              D  CameraX frame received
2025-09-01 16:33:13.124  6052-10186 MediaPipeEyeTracker     com.example.eyetracking              D  Face landmarks detected: 478 landmarks
2025-09-01 16:33:13.151  6052-10281 CalibrationActivity     com.example.eyetracking              D  CameraX frame received
2025-09-01 16:33:13.175  6052-10184 MediaPipeEyeTracker     com.example.eyetracking              D  Face landmarks detected: 478 landmarks
2025-09-01 16:33:13.194  6052-10281 CalibrationActivity     com.example.eyetracking              D  CameraX frame received
2025-09-01 16:33:13.234  6052-10183 MediaPipeEyeTracker     com.example.eyetracking              D  Face landmarks detected: 478 landmarks
2025-09-01 16:33:13.256  6052-10281 CalibrationActivity     com.example.eyetracking              D  CameraX frame received
2025-09-01 16:33:13.286  6052-10185 MediaPipeEyeTracker     com.example.eyetracking              D  Face landmarks detected: 478 landmarks
2025-09-01 16:33:13.307  6052-10281 CalibrationActivity     com.example.eyetracking              D  CameraX frame received
2025-09-01 16:33:13.353  6052-10182 MediaPipeEyeTracker     com.example.eyetracking              D  Face landmarks detected: 478 landmarks
2025-09-01 16:33:13.357  6052-10281 CalibrationActivity     com.example.eyetracking              D  CameraX frame received
2025-09-01 16:33:13.382  6052-10183 MediaPipeEyeTracker     com.example.eyetracking              D  Face landmarks detected: 478 landmarks
2025-09-01 16:33:13.402  6052-10281 CalibrationActivity     com.example.eyetracking              D  CameraX frame received
2025-09-01 16:33:13.436  6052-10181 MediaPipeEyeTracker     com.example.eyetracking              D  Face landmarks detected: 478 landmarks
2025-09-01 16:33:13.448  6052-10281 CalibrationActivity     com.example.eyetracking              D  CameraX frame received
2025-09-01 16:33:13.469  6052-10181 MediaPipeEyeTracker     com.example.eyetracking              D  Face landmarks detected: 478 landmarks
2025-09-01 16:33:13.511  6052-10281 CalibrationActivity     com.example.eyetracking              D  CameraX frame received
2025-09-01 16:33:13.542  6052-10184 MediaPipeEyeTracker     com.example.eyetracking              D  Face landmarks detected: 478 landmarks
2025-09-01 16:33:13.553  6052-10281 CalibrationActivity     com.example.eyetracking              D  CameraX frame received
2025-09-01 16:33:13.574  6052-10184 MediaPipeEyeTracker     com.example.eyetracking              D  Face landmarks detected: 478 landmarks
2025-09-01 16:33:13.601  6052-10281 CalibrationActivity     com.example.eyetracking              D  CameraX frame received
2025-09-01 16:33:13.626  6052-10184 MediaPipeEyeTracker     com.example.eyetracking              D  Face landmarks detected: 478 landmarks
2025-09-01 16:33:13.655  6052-10281 CalibrationActivity     com.example.eyetracking              D  CameraX frame received
2025-09-01 16:33:13.687  6052-10183 MediaPipeEyeTracker     com.example.eyetracking              D  Face landmarks detected: 478 landmarks
2025-09-01 16:33:13.707  6052-10281 CalibrationActivity     com.example.eyetracking              D  CameraX frame received
2025-09-01 16:33:13.738  6052-10187 MediaPipeEyeTracker     com.example.eyetracking              D  Face landmarks detected: 478 landmarks
2025-09-01 16:33:13.756  6052-10281 CalibrationActivity     com.example.eyetracking              D  CameraX frame received
2025-09-01 16:33:13.784  6052-10185 MediaPipeEyeTracker     com.example.eyetracking              D  Face landmarks detected: 478 landmarks
2025-09-01 16:33:13.796  6052-10281 CalibrationActivity     com.example.eyetracking              D  CameraX frame received
2025-09-01 16:33:13.821  6052-10187 MediaPipeEyeTracker     com.example.eyetracking              D  Face landmarks detected: 478 landmarks
2025-09-01 16:33:13.848  6052-10281 CalibrationActivity     com.example.eyetracking              D  CameraX frame received
2025-09-01 16:33:13.876  6052-10182 MediaPipeEyeTracker     com.example.eyetracking              D  Face landmarks detected: 478 landmarks
2025-09-01 16:33:13.898  6052-10281 CalibrationActivity     com.example.eyetracking              D  CameraX frame received
2025-09-01 16:33:13.940  6052-10180 MediaPipeEyeTracker     com.example.eyetracking              D  Face landmarks detected: 478 landmarks
2025-09-01 16:33:13.950  6052-10281 CalibrationActivity     com.example.eyetracking              D  CameraX frame received
2025-09-01 16:33:13.974  6052-10182 MediaPipeEyeTracker     com.example.eyetracking              D  Face landmarks detected: 478 landmarks
2025-09-01 16:33:14.014  6052-10281 CalibrationActivity     com.example.eyetracking              D  CameraX frame received
2025-09-01 16:33:14.040  6052-10184 MediaPipeEyeTracker     com.example.eyetracking              D  Face landmarks detected: 478 landmarks
2025-09-01 16:33:14.050  6052-10281 CalibrationActivity     com.example.eyetracking              D  CameraX frame received
2025-09-01 16:33:14.072  6052-10181 MediaPipeEyeTracker     com.example.eyetracking              D  Face landmarks detected: 478 landmarks
2025-09-01 16:33:14.107  6052-10281 CalibrationActivity     com.example.eyetracking              D  CameraX frame received
2025-09-01 16:33:14.138  6052-10187 MediaPipeEyeTracker     com.example.eyetracking              D  Face landmarks detected: 478 landmarks
2025-09-01 16:33:14.154  6052-10281 CalibrationActivity     com.example.eyetracking              D  CameraX frame received
2025-09-01 16:33:14.187  6052-10184 MediaPipeEyeTracker     com.example.eyetracking              D  Face landmarks detected: 478 landmarks
2025-09-01 16:33:14.204  6052-10281 CalibrationActivity     com.example.eyetracking              D  CameraX frame received
2025-09-01 16:33:14.227  6052-10180 MediaPipeEyeTracker     com.example.eyetracking              D  Face landmarks detected: 478 landmarks
2025-09-01 16:33:14.259  6052-10281 CalibrationActivity     com.example.eyetracking              D  CameraX frame received
2025-09-01 16:33:14.285  6052-10184 MediaPipeEyeTracker     com.example.eyetracking              D  Face landmarks detected: 478 landmarks
2025-09-01 16:33:14.308  6052-10281 CalibrationActivity     com.example.eyetracking              D  CameraX frame received
2025-09-01 16:33:14.343  6052-10181 MediaPipeEyeTracker     com.example.eyetracking              D  Face landmarks detected: 478 landmarks
2025-09-01 16:33:14.348  6052-10281 CalibrationActivity     com.example.eyetracking              D  CameraX frame received
2025-09-01 16:33:14.371  6052-10183 MediaPipeEyeTracker     com.example.eyetracking              D  Face landmarks detected: 478 landmarks
2025-09-01 16:33:14.401  6052-10281 CalibrationActivity     com.example.eyetracking              D  CameraX frame received
2025-09-01 16:33:14.429  6052-10182 MediaPipeEyeTracker     com.example.eyetracking              D  Face landmarks detected: 478 landmarks
2025-09-01 16:33:14.455  6052-10281 CalibrationActivity     com.example.eyetracking              D  CameraX frame received
2025-09-01 16:33:14.498  6052-10186 MediaPipeEyeTracker     com.example.eyetracking              D  Face landmarks detected: 478 landmarks
2025-09-01 16:33:14.501  6052-10281 CalibrationActivity     com.example.eyetracking              D  CameraX frame received
2025-09-01 16:33:14.523  6052-10181 MediaPipeEyeTracker     com.example.eyetracking              D  Face landmarks detected: 478 landmarks
2025-09-01 16:33:14.553  6052-10281 CalibrationActivity     com.example.eyetracking              D  CameraX frame received
2025-09-01 16:33:14.581  6052-10183 MediaPipeEyeTracker     com.example.eyetracking              D  Face landmarks detected: 478 landmarks
2025-09-01 16:33:14.602  6052-10281 CalibrationActivity     com.example.eyetracking              D  CameraX frame received
2025-09-01 16:33:14.625  6052-10183 MediaPipeEyeTracker     com.example.eyetracking              D  Face landmarks detected: 478 landmarks
2025-09-01 16:33:14.658  6052-10281 CalibrationActivity     com.example.eyetracking              D  CameraX frame received
2025-09-01 16:33:14.687  6052-10183 MediaPipeEyeTracker     com.example.eyetracking              D  Face landmarks detected: 478 landmarks
2025-09-01 16:33:14.705  6052-10281 CalibrationActivity     com.example.eyetracking              D  CameraX frame received
2025-09-01 16:33:14.760  6052-10281 CalibrationActivity     com.example.eyetracking              D  CameraX frame received
2025-09-01 16:33:14.766  6052-10182 MediaPipeEyeTracker     com.example.eyetracking              D  Face landmarks detected: 478 landmarks
2025-09-01 16:33:14.811  6052-10281 CalibrationActivity     com.example.eyetracking              D  CameraX frame received
2025-09-01 16:33:14.835  6052-6052  ple.eyetracking         com.example.eyetracking              W  type=1400 audit(0.0:979375): avc:  denied  { read } for  name="u:object_r:vendor_display_prop:s0" dev="tmpfs" ino=462 scontext=u:r:untrusted_app:s0:c45,c257,c512,c768 tcontext=u:object_r:vendor_display_prop:s0 tclass=file permissive=0 app=com.example.eyetracking
2025-09-01 16:33:14.839  6052-6052  ViewRootImpl            com.example.eyetracking              D  AppSizeAfterRelayout, size: Point(1080, 2392), rotation: ROTATION_0
2025-09-01 16:33:14.839  6052-6052  libc                    com.example.eyetracking              W  Access denied finding property "vendor.display.enable_optimal_refresh_rate"
2025-09-01 16:33:14.846  6052-10185 MediaPipeEyeTracker     com.example.eyetracking              D  Face landmarks detected: 478 landmarks
2025-09-01 16:33:14.854  6052-10281 CalibrationActivity     com.example.eyetracking              D  CameraX frame received
2025-09-01 16:33:14.891  6052-10183 MediaPipeEyeTracker     com.example.eyetracking              D  Face landmarks detected: 478 landmarks
2025-09-01 16:33:14.911  6052-10281 CalibrationActivity     com.example.eyetracking              D  CameraX frame received
2025-09-01 16:33:14.932  6052-6052  ImeFocusController      com.example.eyetracking              V  onWindowFocus: androidx.appcompat.widget.AppCompatEditText{1e8d10c VFED..CL. .F....ID 44,308-1036,432 #7f0800be app:id/etAge aid=1073741824} softInputMode=STATE_UNSPECIFIED|ADJUST_PAN
2025-09-01 16:33:14.954  6052-10181 MediaPipeEyeTracker     com.example.eyetracking              D  Face landmarks detected: 478 landmarks
2025-09-01 16:33:14.960  6052-10281 CalibrationActivity     com.example.eyetracking              D  CameraX frame received
2025-09-01 16:33:15.004  6052-10183 MediaPipeEyeTracker     com.example.eyetracking              D  Face landmarks detected: 478 landmarks
2025-09-01 16:33:15.009  6052-10281 CalibrationActivity     com.example.eyetracking              D  CameraX frame received
2025-09-01 16:33:15.040  6052-10181 MediaPipeEyeTracker     com.example.eyetracking              D  Face landmarks detected: 478 landmarks
2025-09-01 16:33:15.046  6052-10281 CalibrationActivity     com.example.eyetracking              D  CameraX frame received
2025-09-01 16:33:15.070  6052-10182 MediaPipeEyeTracker     com.example.eyetracking              D  Face landmarks detected: 478 landmarks
2025-09-01 16:33:15.097  6052-10281 CalibrationActivity     com.example.eyetracking              D  CameraX frame received
2025-09-01 16:33:15.120  6052-10183 MediaPipeEyeTracker     com.example.eyetracking              D  Face landmarks detected: 478 landmarks
2025-09-01 16:33:15.140  6052-6052  VRI[Calibr...nActivity] com.example.eyetracking              D  visibilityChanged oldVisibility=true newVisibility=false
2025-09-01 16:33:15.145  6052-6052  SurfaceViewImpl         com.example.eyetracking              D  Surface destroyed.
2025-09-01 16:33:15.145  6052-6052  SurfaceViewImpl         com.example.eyetracking              D  Surface closed androidx.camera.core.SurfaceRequest@f0203a3
2025-09-01 16:33:15.145  6052-6052  DeferrableSurface       com.example.eyetracking              D  surface closed,  useCount=2 closed=true androidx.camera.core.SurfaceRequest$2@40966a0
2025-09-01 16:33:15.159  6052-9974  BufferQueueProducer     com.example.eyetracking              E  [SurfaceView[com.example.eyetracking/com.example.eyetracking.CalibrationActivity]#3(BLAST Consumer)3](id:17a400000005,api:4,p:2332,c:6052) queueBuffer: BufferQueue has been abandoned
2025-09-01 16:33:15.160  6052-6052  ViewRootImpl            com.example.eyetracking              D  AppSizeAfterRelayout, size: Point(1080, 2392), rotation: ROTATION_0
2025-09-01 16:33:15.161  6052-9974  BufferQueueProducer     com.example.eyetracking              E  [SurfaceView[com.example.eyetracking/com.example.eyetracking.CalibrationActivity]#3(BLAST Consumer)3](id:17a400000005,api:4,p:2332,c:6052) dequeueBuffer: BufferQueue has been abandoned
2025-09-01 16:33:15.170  6052-6052  DeferrableSurface       com.example.eyetracking              D  surface closed,  useCount=0 closed=true androidx.camera.core.processing.SurfaceEdge$SettableSurface@490cb34
2025-09-01 16:33:15.170  6052-6052  DeferrableSurface       com.example.eyetracking              D  Surface terminated[total_surfaces=2, used_surfaces=2](androidx.camera.core.processing.SurfaceEdge$SettableSurface@490cb34}
2025-09-01 16:33:15.170  6052-6052  DeferrableSurface       com.example.eyetracking              D  use count-1,  useCount=1 closed=true androidx.camera.core.SurfaceRequest$2@40966a0
2025-09-01 16:33:15.172  6052-10193 Camera2CameraImpl       com.example.eyetracking              D  {Camera@a2b52d4[id=1]} Use cases [androidx.camera.core.Preview-9cc2a5a5-54e6-4711-9f38-0f8ec8b9b07d10300431, androidx.camera.core.ImageAnalysis-12d59aa2-8207-42a0-9eb6-cb9d6a29b62c150111388] now DETACHED for camera
2025-09-01 16:33:15.172  6052-10193 UseCaseAttachState      com.example.eyetracking              D  All use case: [] for camera: 1
2025-09-01 16:33:15.173  6052-6052  DeferrableSurface       com.example.eyetracking              D  surface closed,  useCount=1 closed=true androidx.camera.core.impl.ImmediateSurface@3650b15
